Total exposed area across cell assets: 505.857
Max exposure [%] across cell assets: 60.7143
Avg exposure [%] across cell assets: 26.8058

Instance: FE_OCPC2225_core_round_key_53 angle: 0 side: N Area_Exposed: 0.05695 Perc_Exposed: 7.13659
Instance: FE_OCPC2220_FE_OFN118009_core_round_key_62 angle: 0 side: N Area_Exposed: 0.219 Perc_Exposed: 27.4436
Instance: FE_OCPC2214_core_new_sboxw_18 angle: 0 side: N Area_Exposed: 1.25135 Perc_Exposed: 36.1871
Instance: FE_OCPC2205_core_round_key_122 angle: 0 side: N Area_Exposed: 0.0877 Perc_Exposed: 10.99
Instance: FE_OCPC2190_core_round_key_14 angle: 0 side: N Area_Exposed: 0.001825 Perc_Exposed: 0.228697
Instance: FE_OCPC2184_core_new_sboxw_27 angle: 0 side: N Area_Exposed: 0.151625 Perc_Exposed: 28.5009
Instance: FE_OCPC2183_core_new_sboxw_27 angle: 0 side: N Area_Exposed: 1.34135 Perc_Exposed: 38.7898
Instance: FE_OCPC2182_core_new_sboxw_27 angle: 0 side: N Area_Exposed: 0.15445 Perc_Exposed: 29.032
Instance: FE_OCPC2181_core_new_sboxw_27 angle: 0 side: N Area_Exposed: 0.03825 Perc_Exposed: 7.18985
Instance: FE_OCPC2176_core_new_sboxw_17 angle: 0 side: N Area_Exposed: 0.20235 Perc_Exposed: 25.3571
Instance: FE_OCPC2175_core_new_sboxw_6 angle: 0 side: N Area_Exposed: 0.747275 Perc_Exposed: 40.1329
Instance: FE_OCPC2171_core_new_sboxw_10 angle: 0 side: N Area_Exposed: 0.646275 Perc_Exposed: 18.6893
Instance: FE_OCPC2148_core_new_sboxw_15 angle: 0 side: N Area_Exposed: 0.4845 Perc_Exposed: 60.7143
Instance: FE_OCPC2147_core_new_sboxw_15 angle: 0 side: N Area_Exposed: 0.15765 Perc_Exposed: 19.7556
Instance: FE_OCPC2146_core_new_sboxw_30 angle: 0 side: N Area_Exposed: 0.685325 Perc_Exposed: 19.8185
Instance: FE_OCPC2143_core_new_sboxw_27 angle: 0 side: N Area_Exposed: 0.05475 Perc_Exposed: 10.2914
Instance: FE_OCPC2139_core_new_sboxw_2 angle: 0 side: N Area_Exposed: 0.66095 Perc_Exposed: 19.1136
Instance: FE_OCPC2138_core_new_sboxw_28 angle: 0 side: N Area_Exposed: 0.18345 Perc_Exposed: 22.9887
Instance: FE_OCPC2137_core_new_sboxw_28 angle: 0 side: N Area_Exposed: 0.2497 Perc_Exposed: 18.7744
Instance: FE_OCPC2136_core_new_sboxw_28 angle: 0 side: N Area_Exposed: 0.352 Perc_Exposed: 18.9044
Instance: FE_OCPC2129_core_new_sboxw_11 angle: 0 side: N Area_Exposed: 0.091825 Perc_Exposed: 11.5069
Instance: FE_OCPC2128_core_new_sboxw_11 angle: 0 side: N Area_Exposed: 0.07625 Perc_Exposed: 9.55514
Instance: FE_OCPC2127_core_new_sboxw_11 angle: 0 side: N Area_Exposed: 0.405175 Perc_Exposed: 50.7738
Instance: FE_OCPC2133_core_new_sboxw_12 angle: 0 side: N Area_Exposed: 0.103125 Perc_Exposed: 12.9229
Instance: FE_OCPC2035_core_new_sboxw_3 angle: 0 side: N Area_Exposed: 0.373 Perc_Exposed: 46.7419
Instance: FE_OCPC2053_core_new_sboxw_26 angle: 0 side: N Area_Exposed: 0.004975 Perc_Exposed: 0.623434
Instance: FE_OCPC2032_core_new_sboxw_24 angle: 0 side: N Area_Exposed: 0.393525 Perc_Exposed: 11.3801
Instance: FE_OCPC2024_core_new_sboxw_18 angle: 0 side: N Area_Exposed: 0.1523 Perc_Exposed: 19.0852
Instance: FE_OCPC2015_core_new_sboxw_13 angle: 0 side: N Area_Exposed: 0.10725 Perc_Exposed: 13.4398
Instance: FE_OCPC1972_core_new_sboxw_23 angle: 0 side: N Area_Exposed: 0.25965 Perc_Exposed: 32.5376
Instance: FE_OCPC1963_core_new_sboxw_4 angle: 0 side: N Area_Exposed: 0.09075 Perc_Exposed: 11.3722
Instance: FE_OCPC1962_core_new_sboxw_4 angle: 0 side: N Area_Exposed: 0.1344 Perc_Exposed: 25.2632
Instance: FE_OCPC1961_core_new_sboxw_4 angle: 0 side: N Area_Exposed: 0.873575 Perc_Exposed: 25.2624
Instance: FE_OCPC1918_FE_OFN118074_core_round_key_104 angle: 0 side: N Area_Exposed: 0.62085 Perc_Exposed: 58.3506
Instance: FE_OCPC1845_core_round_key_103 angle: 0 side: N Area_Exposed: 0.057725 Perc_Exposed: 7.23371
Instance: FE_OCPC1836_core_new_sboxw_9 angle: 0 side: N Area_Exposed: 0.454175 Perc_Exposed: 13.134
Instance: FE_OCPC1833_core_new_sboxw_0 angle: 0 side: N Area_Exposed: 1.37738 Perc_Exposed: 39.8316
Instance: FE_OCPC1727_core_new_sboxw_25 angle: 0 side: N Area_Exposed: 0.03315 Perc_Exposed: 4.15414
Instance: FE_OCPC1726_core_new_sboxw_24 angle: 0 side: N Area_Exposed: 0.11905 Perc_Exposed: 14.9185
Instance: FE_OCPC1725_core_new_sboxw_1 angle: 0 side: N Area_Exposed: 0.16375 Perc_Exposed: 20.5201
Instance: FE_OCPC1672_core_new_sboxw_8 angle: 0 side: N Area_Exposed: 0.5733 Perc_Exposed: 30.7895
Instance: FE_OCPC1671_core_new_sboxw_8 angle: 0 side: N Area_Exposed: 0.799225 Perc_Exposed: 42.9229
Instance: FE_OFC1493_core_new_sboxw_3 angle: 0 side: N Area_Exposed: 0.12495 Perc_Exposed: 15.6579
Instance: FE_OFC1492_core_new_sboxw_3 angle: 0 side: N Area_Exposed: 0.0396 Perc_Exposed: 4.96241
Instance: FE_OFC1444_core_round_key_45 angle: 0 side: N Area_Exposed: 0.61915 Perc_Exposed: 33.2519
Instance: FE_OFC1378_core_round_key_11 angle: 0 side: N Area_Exposed: 0.60635 Perc_Exposed: 32.5644
Instance: FE_OFC1210_core_round_key_75 angle: 0 side: N Area_Exposed: 0.75375 Perc_Exposed: 40.4807
Instance: FE_OFC1183_core_round_key_83 angle: 0 side: N Area_Exposed: 0.43715 Perc_Exposed: 41.0855
Instance: FE_OFC905_core_round_key_82 angle: 0 side: N Area_Exposed: 0.26985 Perc_Exposed: 25.3618
Instance: FE_OFC892_core_round_key_97 angle: 0 side: N Area_Exposed: 0.242975 Perc_Exposed: 22.836
Instance: FE_OFC874_core_round_key_61 angle: 0 side: N Area_Exposed: 0.3945 Perc_Exposed: 37.0771
Instance: FE_OFC865_core_round_key_125 angle: 0 side: N Area_Exposed: 0.188 Perc_Exposed: 17.6692
Instance: FE_OFC862_core_round_key_69 angle: 0 side: N Area_Exposed: 0.547775 Perc_Exposed: 29.4186
Instance: FE_OFC857_core_round_key_15 angle: 0 side: N Area_Exposed: 0.3129 Perc_Exposed: 29.4079
Instance: FE_OFC855_core_round_key_126 angle: 0 side: N Area_Exposed: 0.3575 Perc_Exposed: 19.1998
Instance: FE_OFC850_core_round_key_56 angle: 0 side: N Area_Exposed: 0.2197 Perc_Exposed: 11.7991
Instance: FE_OFC843_core_round_key_62 angle: 0 side: N Area_Exposed: 0.50525 Perc_Exposed: 27.1348
Instance: FE_OFC835_core_round_key_112 angle: 0 side: N Area_Exposed: 0.1611 Perc_Exposed: 15.141
Instance: FE_OFC829_core_round_key_80 angle: 0 side: N Area_Exposed: 0.46215 Perc_Exposed: 24.8201
Instance: FE_OFC825_core_round_key_6 angle: 0 side: N Area_Exposed: 0.306975 Perc_Exposed: 16.4863
Instance: FE_OFC816_core_round_key_70 angle: 0 side: N Area_Exposed: 1.09462 Perc_Exposed: 58.7876
Instance: FE_OFC810_core_round_key_16 angle: 0 side: N Area_Exposed: 0.641475 Perc_Exposed: 34.4509
Instance: FE_OFC804_core_round_key_39 angle: 0 side: N Area_Exposed: 0.788575 Perc_Exposed: 42.351
Instance: FE_OFC671_core_new_sboxw_19 angle: 0 side: N Area_Exposed: 0.327625 Perc_Exposed: 24.6335
Instance: FE_OFC545_core_round_key_53 angle: 0 side: N Area_Exposed: 0.07655 Perc_Exposed: 9.59273
Instance: FE_OFC457_core_new_sboxw_26 angle: 0 side: N Area_Exposed: 0.1425 Perc_Exposed: 26.7857
Instance: FE_OFC456_core_new_sboxw_26 angle: 0 side: N Area_Exposed: 0.12395 Perc_Exposed: 23.2989
Instance: FE_OFC444_core_new_sboxw_10 angle: 0 side: N Area_Exposed: 0.009025 Perc_Exposed: 1.69643
Instance: FE_OFC438_core_new_sboxw_5 angle: 0 side: N Area_Exposed: 0.014275 Perc_Exposed: 2.68327
Instance: FE_OFC427_core_new_sboxw_2 angle: 0 side: N Area_Exposed: 0.14485 Perc_Exposed: 27.2274
Instance: FE_OFC423_core_new_sboxw_9 angle: 0 side: N Area_Exposed: 0.19945 Perc_Exposed: 37.4906
Instance: FE_OFC421_core_new_sboxw_24 angle: 0 side: N Area_Exposed: 0.0114 Perc_Exposed: 2.14286
Instance: FE_OFC409_core_new_sboxw_7 angle: 0 side: N Area_Exposed: 0.03025 Perc_Exposed: 5.68609
Instance: FE_OFC404_core_new_sboxw_8 angle: 0 side: N Area_Exposed: 0.1121 Perc_Exposed: 21.0714
Instance: FE_OFC402_core_new_sboxw_30 angle: 0 side: N Area_Exposed: 0.119275 Perc_Exposed: 22.4201
Instance: FE_OFC375_core_new_sboxw_0 angle: 0 side: N Area_Exposed: 0.085275 Perc_Exposed: 16.0291
Instance: core_aes_core_ctrl_reg_reg[0] angle: 0 side: N Area_Exposed: 1.39547 Perc_Exposed: 26.2307
Instance: core_aes_core_ctrl_reg_reg[1] angle: 0 side: N Area_Exposed: 1.27537 Perc_Exposed: 23.9732
Instance: key_reg_reg[0][0] angle: 0 side: N Area_Exposed: 2.12672 Perc_Exposed: 31.9808
Instance: key_reg_reg[0][1] angle: 0 side: N Area_Exposed: 2.17795 Perc_Exposed: 32.7511
Instance: key_reg_reg[0][2] angle: 0 side: N Area_Exposed: 1.76265 Perc_Exposed: 26.506
Instance: key_reg_reg[0][3] angle: 0 side: N Area_Exposed: 1.59845 Perc_Exposed: 24.0368
Instance: key_reg_reg[0][4] angle: 0 side: N Area_Exposed: 2.6619 Perc_Exposed: 40.0286
Instance: key_reg_reg[0][5] angle: 0 side: N Area_Exposed: 1.34925 Perc_Exposed: 20.2895
Instance: key_reg_reg[0][6] angle: 0 side: N Area_Exposed: 1.482 Perc_Exposed: 22.2857
Instance: key_reg_reg[0][7] angle: 0 side: N Area_Exposed: 2.14132 Perc_Exposed: 32.2004
Instance: key_reg_reg[0][8] angle: 0 side: N Area_Exposed: 2.49797 Perc_Exposed: 37.5635
Instance: key_reg_reg[0][9] angle: 0 side: N Area_Exposed: 1.5586 Perc_Exposed: 23.4376
Instance: key_reg_reg[0][10] angle: 0 side: N Area_Exposed: 0.943275 Perc_Exposed: 14.1846
Instance: key_reg_reg[0][11] angle: 0 side: N Area_Exposed: 1.93045 Perc_Exposed: 29.0293
Instance: key_reg_reg[0][12] angle: 0 side: N Area_Exposed: 1.20427 Perc_Exposed: 18.1094
Instance: key_reg_reg[0][13] angle: 0 side: N Area_Exposed: 1.37615 Perc_Exposed: 20.694
Instance: key_reg_reg[0][14] angle: 0 side: N Area_Exposed: 1.23915 Perc_Exposed: 18.6338
Instance: key_reg_reg[0][15] angle: 0 side: N Area_Exposed: 1.61295 Perc_Exposed: 24.2549
Instance: key_reg_reg[0][16] angle: 0 side: N Area_Exposed: 1.5038 Perc_Exposed: 22.6135
Instance: key_reg_reg[0][17] angle: 0 side: N Area_Exposed: 2.52875 Perc_Exposed: 38.0263
Instance: key_reg_reg[0][18] angle: 0 side: N Area_Exposed: 2.03993 Perc_Exposed: 30.6756
Instance: key_reg_reg[0][19] angle: 0 side: N Area_Exposed: 1.57598 Perc_Exposed: 23.6989
Instance: key_reg_reg[0][20] angle: 0 side: N Area_Exposed: 1.24313 Perc_Exposed: 18.6936
Instance: key_reg_reg[0][21] angle: 0 side: N Area_Exposed: 1.5744 Perc_Exposed: 23.6752
Instance: key_reg_reg[0][22] angle: 0 side: N Area_Exposed: 1.33132 Perc_Exposed: 20.0199
Instance: key_reg_reg[0][23] angle: 0 side: N Area_Exposed: 0.577175 Perc_Exposed: 8.67932
Instance: key_reg_reg[0][24] angle: 0 side: N Area_Exposed: 2.24918 Perc_Exposed: 33.8222
Instance: key_reg_reg[0][25] angle: 0 side: N Area_Exposed: 2.41173 Perc_Exposed: 36.2665
Instance: key_reg_reg[0][26] angle: 0 side: N Area_Exposed: 0.9109 Perc_Exposed: 13.6977
Instance: key_reg_reg[0][27] angle: 0 side: N Area_Exposed: 0.8775 Perc_Exposed: 13.1955
Instance: key_reg_reg[0][28] angle: 0 side: N Area_Exposed: 1.65435 Perc_Exposed: 24.8774
Instance: key_reg_reg[0][29] angle: 0 side: N Area_Exposed: 1.65135 Perc_Exposed: 24.8323
Instance: key_reg_reg[0][30] angle: 0 side: N Area_Exposed: 1.26615 Perc_Exposed: 19.0398
Instance: key_reg_reg[0][31] angle: 0 side: N Area_Exposed: 1.3957 Perc_Exposed: 20.988
Instance: key_reg_reg[1][0] angle: 0 side: N Area_Exposed: 2.35653 Perc_Exposed: 35.4365
Instance: key_reg_reg[1][1] angle: 0 side: N Area_Exposed: 1.75795 Perc_Exposed: 26.4353
Instance: key_reg_reg[1][2] angle: 0 side: N Area_Exposed: 1.55287 Perc_Exposed: 23.3515
Instance: key_reg_reg[1][3] angle: 0 side: N Area_Exposed: 1.15197 Perc_Exposed: 17.3229
Instance: key_reg_reg[1][4] angle: 0 side: N Area_Exposed: 1.73622 Perc_Exposed: 26.1086
Instance: key_reg_reg[1][5] angle: 0 side: N Area_Exposed: 1.30795 Perc_Exposed: 19.6684
Instance: key_reg_reg[1][6] angle: 0 side: N Area_Exposed: 1.76382 Perc_Exposed: 26.5237
Instance: key_reg_reg[1][7] angle: 0 side: N Area_Exposed: 1.00915 Perc_Exposed: 15.1752
Instance: key_reg_reg[1][8] angle: 0 side: N Area_Exposed: 2.6423 Perc_Exposed: 39.7338
Instance: key_reg_reg[1][9] angle: 0 side: N Area_Exposed: 1.84555 Perc_Exposed: 27.7526
Instance: key_reg_reg[1][10] angle: 0 side: N Area_Exposed: 2.10805 Perc_Exposed: 31.7
Instance: key_reg_reg[1][11] angle: 0 side: N Area_Exposed: 2.43388 Perc_Exposed: 36.5996
Instance: key_reg_reg[1][12] angle: 0 side: N Area_Exposed: 1.6152 Perc_Exposed: 24.2887
Instance: key_reg_reg[1][13] angle: 0 side: N Area_Exposed: 1.24057 Perc_Exposed: 18.6553
Instance: key_reg_reg[1][14] angle: 0 side: N Area_Exposed: 2.57467 Perc_Exposed: 38.7169
Instance: key_reg_reg[1][15] angle: 0 side: N Area_Exposed: 2.72518 Perc_Exposed: 40.9801
Instance: key_reg_reg[1][16] angle: 0 side: N Area_Exposed: 2.86897 Perc_Exposed: 43.1425
Instance: key_reg_reg[1][17] angle: 0 side: N Area_Exposed: 1.94485 Perc_Exposed: 29.2459
Instance: key_reg_reg[1][18] angle: 0 side: N Area_Exposed: 2.24957 Perc_Exposed: 33.8282
Instance: key_reg_reg[1][19] angle: 0 side: N Area_Exposed: 2.07233 Perc_Exposed: 31.1628
Instance: key_reg_reg[1][20] angle: 0 side: N Area_Exposed: 1.27367 Perc_Exposed: 19.153
Instance: key_reg_reg[1][21] angle: 0 side: N Area_Exposed: 2.74312 Perc_Exposed: 41.25
Instance: key_reg_reg[1][22] angle: 0 side: N Area_Exposed: 1.63502 Perc_Exposed: 24.5868
Instance: key_reg_reg[1][23] angle: 0 side: N Area_Exposed: 0.66825 Perc_Exposed: 10.0489
Instance: key_reg_reg[1][24] angle: 0 side: N Area_Exposed: 1.78005 Perc_Exposed: 26.7677
Instance: key_reg_reg[1][25] angle: 0 side: N Area_Exposed: 1.89068 Perc_Exposed: 28.4312
Instance: key_reg_reg[1][26] angle: 0 side: N Area_Exposed: 1.60647 Perc_Exposed: 24.1575
Instance: key_reg_reg[1][27] angle: 0 side: N Area_Exposed: 1.98388 Perc_Exposed: 29.8327
Instance: key_reg_reg[1][28] angle: 0 side: N Area_Exposed: 1.13957 Perc_Exposed: 17.1365
Instance: key_reg_reg[1][29] angle: 0 side: N Area_Exposed: 1.34645 Perc_Exposed: 20.2474
Instance: key_reg_reg[1][30] angle: 0 side: N Area_Exposed: 2.47093 Perc_Exposed: 37.1568
Instance: key_reg_reg[1][31] angle: 0 side: N Area_Exposed: 1.80503 Perc_Exposed: 27.1432
Instance: key_reg_reg[2][0] angle: 0 side: N Area_Exposed: 2.92072 Perc_Exposed: 43.9207
Instance: key_reg_reg[2][1] angle: 0 side: N Area_Exposed: 1.4672 Perc_Exposed: 22.0632
Instance: key_reg_reg[2][2] angle: 0 side: N Area_Exposed: 1.52337 Perc_Exposed: 22.9079
Instance: key_reg_reg[2][3] angle: 0 side: N Area_Exposed: 2.9152 Perc_Exposed: 43.8376
Instance: key_reg_reg[2][4] angle: 0 side: N Area_Exposed: 2.20228 Perc_Exposed: 33.1169
Instance: key_reg_reg[2][5] angle: 0 side: N Area_Exposed: 0.6244 Perc_Exposed: 9.38947
Instance: key_reg_reg[2][6] angle: 0 side: N Area_Exposed: 2.34763 Perc_Exposed: 35.3026
Instance: key_reg_reg[2][7] angle: 0 side: N Area_Exposed: 2.6831 Perc_Exposed: 40.3474
Instance: key_reg_reg[2][8] angle: 0 side: N Area_Exposed: 1.28918 Perc_Exposed: 19.3861
Instance: key_reg_reg[2][9] angle: 0 side: N Area_Exposed: 0.990875 Perc_Exposed: 14.9004
Instance: key_reg_reg[2][10] angle: 0 side: N Area_Exposed: 2.20448 Perc_Exposed: 33.15
Instance: key_reg_reg[2][11] angle: 0 side: N Area_Exposed: 1.8374 Perc_Exposed: 27.6301
Instance: key_reg_reg[2][12] angle: 0 side: N Area_Exposed: 1.767 Perc_Exposed: 26.5714
Instance: key_reg_reg[2][13] angle: 0 side: N Area_Exposed: 1.05785 Perc_Exposed: 15.9075
Instance: key_reg_reg[2][14] angle: 0 side: N Area_Exposed: 2.35983 Perc_Exposed: 35.4861
Instance: key_reg_reg[2][15] angle: 0 side: N Area_Exposed: 1.7485 Perc_Exposed: 26.2932
Instance: key_reg_reg[2][16] angle: 0 side: N Area_Exposed: 0.775975 Perc_Exposed: 11.6688
Instance: key_reg_reg[2][17] angle: 0 side: N Area_Exposed: 2.04825 Perc_Exposed: 30.8008
Instance: key_reg_reg[2][18] angle: 0 side: N Area_Exposed: 3.46365 Perc_Exposed: 52.085
Instance: key_reg_reg[2][19] angle: 0 side: N Area_Exposed: 1.82145 Perc_Exposed: 27.3902
Instance: key_reg_reg[2][20] angle: 0 side: N Area_Exposed: 0.8331 Perc_Exposed: 12.5278
Instance: key_reg_reg[2][21] angle: 0 side: N Area_Exposed: 3.3361 Perc_Exposed: 50.1669
Instance: key_reg_reg[2][22] angle: 0 side: N Area_Exposed: 0.96645 Perc_Exposed: 14.5331
Instance: key_reg_reg[2][23] angle: 0 side: N Area_Exposed: 1.75025 Perc_Exposed: 26.3195
Instance: key_reg_reg[2][24] angle: 0 side: N Area_Exposed: 1.99633 Perc_Exposed: 30.0199
Instance: key_reg_reg[2][25] angle: 0 side: N Area_Exposed: 0.87935 Perc_Exposed: 13.2233
Instance: key_reg_reg[2][26] angle: 0 side: N Area_Exposed: 1.5823 Perc_Exposed: 23.794
Instance: key_reg_reg[2][27] angle: 0 side: N Area_Exposed: 1.4808 Perc_Exposed: 22.2677
Instance: key_reg_reg[2][28] angle: 0 side: N Area_Exposed: 2.76882 Perc_Exposed: 41.6365
Instance: key_reg_reg[2][29] angle: 0 side: N Area_Exposed: 0.496925 Perc_Exposed: 7.47256
Instance: key_reg_reg[2][30] angle: 0 side: N Area_Exposed: 1.70532 Perc_Exposed: 25.644
Instance: key_reg_reg[2][31] angle: 0 side: N Area_Exposed: 1.76492 Perc_Exposed: 26.5402
Instance: key_reg_reg[3][0] angle: 0 side: N Area_Exposed: 2.0569 Perc_Exposed: 30.9308
Instance: key_reg_reg[3][1] angle: 0 side: N Area_Exposed: 1.2255 Perc_Exposed: 18.4286
Instance: key_reg_reg[3][2] angle: 0 side: N Area_Exposed: 2.16107 Perc_Exposed: 32.4974
Instance: key_reg_reg[3][3] angle: 0 side: N Area_Exposed: 1.82585 Perc_Exposed: 27.4564
Instance: key_reg_reg[3][4] angle: 0 side: N Area_Exposed: 1.3189 Perc_Exposed: 19.8331
Instance: key_reg_reg[3][5] angle: 0 side: N Area_Exposed: 1.90902 Perc_Exposed: 28.7071
Instance: key_reg_reg[3][6] angle: 0 side: N Area_Exposed: 2.50555 Perc_Exposed: 37.6774
Instance: key_reg_reg[3][7] angle: 0 side: N Area_Exposed: 0.91475 Perc_Exposed: 13.7556
Instance: key_reg_reg[3][8] angle: 0 side: N Area_Exposed: 2.69835 Perc_Exposed: 40.5767
Instance: key_reg_reg[3][9] angle: 0 side: N Area_Exposed: 2.0189 Perc_Exposed: 30.3594
Instance: key_reg_reg[3][10] angle: 0 side: N Area_Exposed: 0.891825 Perc_Exposed: 13.4109
Instance: key_reg_reg[3][11] angle: 0 side: N Area_Exposed: 1.9909 Perc_Exposed: 29.9383
Instance: key_reg_reg[3][12] angle: 0 side: N Area_Exposed: 1.95067 Perc_Exposed: 29.3335
Instance: key_reg_reg[3][13] angle: 0 side: N Area_Exposed: 1.18112 Perc_Exposed: 17.7613
Instance: key_reg_reg[3][14] angle: 0 side: N Area_Exposed: 2.95353 Perc_Exposed: 44.4139
Instance: key_reg_reg[3][15] angle: 0 side: N Area_Exposed: 1.85198 Perc_Exposed: 27.8492
Instance: key_reg_reg[3][16] angle: 0 side: N Area_Exposed: 2.2924 Perc_Exposed: 34.4722
Instance: key_reg_reg[3][17] angle: 0 side: N Area_Exposed: 1.85232 Perc_Exposed: 27.8545
Instance: key_reg_reg[3][18] angle: 0 side: N Area_Exposed: 2.21343 Perc_Exposed: 33.2846
Instance: key_reg_reg[3][19] angle: 0 side: N Area_Exposed: 2.09955 Perc_Exposed: 31.5722
Instance: key_reg_reg[3][20] angle: 0 side: N Area_Exposed: 0.95035 Perc_Exposed: 14.291
Instance: key_reg_reg[3][21] angle: 0 side: N Area_Exposed: 2.80815 Perc_Exposed: 42.2278
Instance: key_reg_reg[3][22] angle: 0 side: N Area_Exposed: 0.5219 Perc_Exposed: 7.84812
Instance: key_reg_reg[3][23] angle: 0 side: N Area_Exposed: 1.56487 Perc_Exposed: 23.532
Instance: key_reg_reg[3][24] angle: 0 side: N Area_Exposed: 1.53652 Perc_Exposed: 23.1056
Instance: key_reg_reg[3][25] angle: 0 side: N Area_Exposed: 1.5873 Perc_Exposed: 23.8692
Instance: key_reg_reg[3][26] angle: 0 side: N Area_Exposed: 2.2721 Perc_Exposed: 34.1669
Instance: key_reg_reg[3][27] angle: 0 side: N Area_Exposed: 1.35595 Perc_Exposed: 20.3902
Instance: key_reg_reg[3][28] angle: 0 side: N Area_Exposed: 1.98822 Perc_Exposed: 29.8981
Instance: key_reg_reg[3][29] angle: 0 side: N Area_Exposed: 1.16978 Perc_Exposed: 17.5906
Instance: key_reg_reg[3][30] angle: 0 side: N Area_Exposed: 1.99432 Perc_Exposed: 29.9898
Instance: key_reg_reg[3][31] angle: 0 side: N Area_Exposed: 1.2967 Perc_Exposed: 19.4992
Instance: key_reg_reg[4][0] angle: 0 side: N Area_Exposed: 2.04665 Perc_Exposed: 30.7767
Instance: key_reg_reg[4][1] angle: 0 side: N Area_Exposed: 1.80892 Perc_Exposed: 27.2019
Instance: key_reg_reg[4][2] angle: 0 side: N Area_Exposed: 1.4547 Perc_Exposed: 21.8752
Instance: key_reg_reg[4][3] angle: 0 side: N Area_Exposed: 1.43122 Perc_Exposed: 21.5222
Instance: key_reg_reg[4][4] angle: 0 side: N Area_Exposed: 1.99103 Perc_Exposed: 29.9402
Instance: key_reg_reg[4][5] angle: 0 side: N Area_Exposed: 2.44343 Perc_Exposed: 36.7432
Instance: key_reg_reg[4][6] angle: 0 side: N Area_Exposed: 1.27803 Perc_Exposed: 19.2184
Instance: key_reg_reg[4][7] angle: 0 side: N Area_Exposed: 1.6343 Perc_Exposed: 24.5759
Instance: key_reg_reg[4][8] angle: 0 side: N Area_Exposed: 2.41123 Perc_Exposed: 36.259
Instance: key_reg_reg[4][9] angle: 0 side: N Area_Exposed: 1.3962 Perc_Exposed: 20.9955
Instance: key_reg_reg[4][10] angle: 0 side: N Area_Exposed: 1.46075 Perc_Exposed: 21.9662
Instance: key_reg_reg[4][11] angle: 0 side: N Area_Exposed: 2.0888 Perc_Exposed: 31.4105
Instance: key_reg_reg[4][12] angle: 0 side: N Area_Exposed: 1.6377 Perc_Exposed: 24.6271
Instance: key_reg_reg[4][13] angle: 0 side: N Area_Exposed: 1.5488 Perc_Exposed: 23.2902
Instance: key_reg_reg[4][14] angle: 0 side: N Area_Exposed: 1.8202 Perc_Exposed: 27.3714
Instance: key_reg_reg[4][15] angle: 0 side: N Area_Exposed: 0.85075 Perc_Exposed: 12.7932
Instance: key_reg_reg[4][16] angle: 0 side: N Area_Exposed: 1.74832 Perc_Exposed: 26.2906
Instance: key_reg_reg[4][17] angle: 0 side: N Area_Exposed: 1.79768 Perc_Exposed: 27.0327
Instance: key_reg_reg[4][18] angle: 0 side: N Area_Exposed: 2.95978 Perc_Exposed: 44.5079
Instance: key_reg_reg[4][19] angle: 0 side: N Area_Exposed: 1.92537 Perc_Exposed: 28.953
Instance: key_reg_reg[4][20] angle: 0 side: N Area_Exposed: 1.91955 Perc_Exposed: 28.8654
Instance: key_reg_reg[4][21] angle: 0 side: N Area_Exposed: 1.59755 Perc_Exposed: 24.0233
Instance: key_reg_reg[4][22] angle: 0 side: N Area_Exposed: 1.51072 Perc_Exposed: 22.7177
Instance: key_reg_reg[4][23] angle: 0 side: N Area_Exposed: 2.0665 Perc_Exposed: 31.0752
Instance: key_reg_reg[4][24] angle: 0 side: N Area_Exposed: 1.56315 Perc_Exposed: 23.506
Instance: key_reg_reg[4][25] angle: 0 side: N Area_Exposed: 1.91178 Perc_Exposed: 28.7485
Instance: key_reg_reg[4][26] angle: 0 side: N Area_Exposed: 1.71623 Perc_Exposed: 25.8079
Instance: key_reg_reg[4][27] angle: 0 side: N Area_Exposed: 1.48385 Perc_Exposed: 22.3135
Instance: key_reg_reg[4][28] angle: 0 side: N Area_Exposed: 1.68685 Perc_Exposed: 25.3662
Instance: key_reg_reg[4][29] angle: 0 side: N Area_Exposed: 1.63885 Perc_Exposed: 24.6444
Instance: key_reg_reg[4][30] angle: 0 side: N Area_Exposed: 1.3952 Perc_Exposed: 20.9805
Instance: key_reg_reg[4][31] angle: 0 side: N Area_Exposed: 1.43825 Perc_Exposed: 21.6278
Instance: key_reg_reg[5][0] angle: 0 side: N Area_Exposed: 2.7776 Perc_Exposed: 41.7684
Instance: key_reg_reg[5][1] angle: 0 side: N Area_Exposed: 1.84982 Perc_Exposed: 27.8169
Instance: key_reg_reg[5][2] angle: 0 side: N Area_Exposed: 2.0594 Perc_Exposed: 30.9684
Instance: key_reg_reg[5][3] angle: 0 side: N Area_Exposed: 0.882025 Perc_Exposed: 13.2635
Instance: key_reg_reg[5][4] angle: 0 side: N Area_Exposed: 1.55413 Perc_Exposed: 23.3703
Instance: key_reg_reg[5][5] angle: 0 side: N Area_Exposed: 1.7578 Perc_Exposed: 26.4331
Instance: key_reg_reg[5][6] angle: 0 side: N Area_Exposed: 1.7543 Perc_Exposed: 26.3805
Instance: key_reg_reg[5][7] angle: 0 side: N Area_Exposed: 3.0496 Perc_Exposed: 45.8586
Instance: key_reg_reg[5][8] angle: 0 side: N Area_Exposed: 1.9288 Perc_Exposed: 29.0045
Instance: key_reg_reg[5][9] angle: 0 side: N Area_Exposed: 1.18242 Perc_Exposed: 17.7808
Instance: key_reg_reg[5][10] angle: 0 side: N Area_Exposed: 3.06895 Perc_Exposed: 46.1496
Instance: key_reg_reg[5][11] angle: 0 side: N Area_Exposed: 3.13008 Perc_Exposed: 47.0688
Instance: key_reg_reg[5][12] angle: 0 side: N Area_Exposed: 2.3144 Perc_Exposed: 34.803
Instance: key_reg_reg[5][13] angle: 0 side: N Area_Exposed: 1.62985 Perc_Exposed: 24.509
Instance: key_reg_reg[5][14] angle: 0 side: N Area_Exposed: 1.01442 Perc_Exposed: 15.2545
Instance: key_reg_reg[5][15] angle: 0 side: N Area_Exposed: 2.4838 Perc_Exposed: 37.3504
Instance: key_reg_reg[5][16] angle: 0 side: N Area_Exposed: 1.85235 Perc_Exposed: 27.8549
Instance: key_reg_reg[5][17] angle: 0 side: N Area_Exposed: 2.17637 Perc_Exposed: 32.7274
Instance: key_reg_reg[5][18] angle: 0 side: N Area_Exposed: 2.1501 Perc_Exposed: 32.3323
Instance: key_reg_reg[5][19] angle: 0 side: N Area_Exposed: 2.5374 Perc_Exposed: 38.1564
Instance: key_reg_reg[5][20] angle: 0 side: N Area_Exposed: 2.11218 Perc_Exposed: 31.762
Instance: key_reg_reg[5][21] angle: 0 side: N Area_Exposed: 2.6045 Perc_Exposed: 39.1654
Instance: key_reg_reg[5][22] angle: 0 side: N Area_Exposed: 1.76595 Perc_Exposed: 26.5556
Instance: key_reg_reg[5][23] angle: 0 side: N Area_Exposed: 3.1418 Perc_Exposed: 47.2451
Instance: key_reg_reg[5][24] angle: 0 side: N Area_Exposed: 1.89663 Perc_Exposed: 28.5207
Instance: key_reg_reg[5][25] angle: 0 side: N Area_Exposed: 1.00403 Perc_Exposed: 15.0981
Instance: key_reg_reg[5][26] angle: 0 side: N Area_Exposed: 1.48198 Perc_Exposed: 22.2853
Instance: key_reg_reg[5][27] angle: 0 side: N Area_Exposed: 1.91555 Perc_Exposed: 28.8053
Instance: key_reg_reg[5][28] angle: 0 side: N Area_Exposed: 3.4439 Perc_Exposed: 51.788
Instance: key_reg_reg[5][29] angle: 0 side: N Area_Exposed: 1.5525 Perc_Exposed: 23.3459
Instance: key_reg_reg[5][30] angle: 0 side: N Area_Exposed: 1.80357 Perc_Exposed: 27.1214
Instance: key_reg_reg[5][31] angle: 0 side: N Area_Exposed: 2.22335 Perc_Exposed: 33.4338
Instance: key_reg_reg[6][0] angle: 0 side: N Area_Exposed: 3.30805 Perc_Exposed: 49.7451
Instance: key_reg_reg[6][1] angle: 0 side: N Area_Exposed: 2.80072 Perc_Exposed: 42.1162
Instance: key_reg_reg[6][2] angle: 0 side: N Area_Exposed: 2.5459 Perc_Exposed: 38.2842
Instance: key_reg_reg[6][3] angle: 0 side: N Area_Exposed: 2.239 Perc_Exposed: 33.6692
Instance: key_reg_reg[6][4] angle: 0 side: N Area_Exposed: 2.09712 Perc_Exposed: 31.5357
Instance: key_reg_reg[6][5] angle: 0 side: N Area_Exposed: 1.9986 Perc_Exposed: 30.0541
Instance: key_reg_reg[6][6] angle: 0 side: N Area_Exposed: 2.4429 Perc_Exposed: 36.7353
Instance: key_reg_reg[6][7] angle: 0 side: N Area_Exposed: 1.95792 Perc_Exposed: 29.4425
Instance: key_reg_reg[6][8] angle: 0 side: N Area_Exposed: 2.60015 Perc_Exposed: 39.1
Instance: key_reg_reg[6][9] angle: 0 side: N Area_Exposed: 2.06782 Perc_Exposed: 31.0951
Instance: key_reg_reg[6][10] angle: 0 side: N Area_Exposed: 0.7668 Perc_Exposed: 11.5308
Instance: key_reg_reg[6][11] angle: 0 side: N Area_Exposed: 2.21315 Perc_Exposed: 33.2805
Instance: key_reg_reg[6][12] angle: 0 side: N Area_Exposed: 1.87885 Perc_Exposed: 28.2534
Instance: key_reg_reg[6][13] angle: 0 side: N Area_Exposed: 1.73252 Perc_Exposed: 26.053
Instance: key_reg_reg[6][14] angle: 0 side: N Area_Exposed: 2.26137 Perc_Exposed: 34.0056
Instance: key_reg_reg[6][15] angle: 0 side: N Area_Exposed: 1.7451 Perc_Exposed: 26.2421
Instance: key_reg_reg[6][16] angle: 0 side: N Area_Exposed: 1.48322 Perc_Exposed: 22.3041
Instance: key_reg_reg[6][17] angle: 0 side: N Area_Exposed: 2.0466 Perc_Exposed: 30.7759
Instance: key_reg_reg[6][18] angle: 0 side: N Area_Exposed: 2.55182 Perc_Exposed: 38.3733
Instance: key_reg_reg[6][19] angle: 0 side: N Area_Exposed: 2.74667 Perc_Exposed: 41.3034
Instance: key_reg_reg[6][20] angle: 0 side: N Area_Exposed: 1.19015 Perc_Exposed: 17.897
Instance: key_reg_reg[6][21] angle: 0 side: N Area_Exposed: 2.5018 Perc_Exposed: 37.6211
Instance: key_reg_reg[6][22] angle: 0 side: N Area_Exposed: 1.80788 Perc_Exposed: 27.1861
Instance: key_reg_reg[6][23] angle: 0 side: N Area_Exposed: 1.4275 Perc_Exposed: 21.4662
Instance: key_reg_reg[6][24] angle: 0 side: N Area_Exposed: 0.80155 Perc_Exposed: 12.0534
Instance: key_reg_reg[6][25] angle: 0 side: N Area_Exposed: 2.2539 Perc_Exposed: 33.8932
Instance: key_reg_reg[6][26] angle: 0 side: N Area_Exposed: 1.83865 Perc_Exposed: 27.6489
Instance: key_reg_reg[6][27] angle: 0 side: N Area_Exposed: 2.21617 Perc_Exposed: 33.3259
Instance: key_reg_reg[6][28] angle: 0 side: N Area_Exposed: 1.0388 Perc_Exposed: 15.6211
Instance: key_reg_reg[6][29] angle: 0 side: N Area_Exposed: 2.44345 Perc_Exposed: 36.7436
Instance: key_reg_reg[6][30] angle: 0 side: N Area_Exposed: 1.98097 Perc_Exposed: 29.7891
Instance: key_reg_reg[6][31] angle: 0 side: N Area_Exposed: 1.32655 Perc_Exposed: 19.9481
Instance: key_reg_reg[7][0] angle: 0 side: N Area_Exposed: 3.048 Perc_Exposed: 45.8346
Instance: key_reg_reg[7][1] angle: 0 side: N Area_Exposed: 1.6608 Perc_Exposed: 24.9744
Instance: key_reg_reg[7][2] angle: 0 side: N Area_Exposed: 1.79347 Perc_Exposed: 26.9695
Instance: key_reg_reg[7][3] angle: 0 side: N Area_Exposed: 0.9742 Perc_Exposed: 14.6496
Instance: key_reg_reg[7][4] angle: 0 side: N Area_Exposed: 1.52692 Perc_Exposed: 22.9613
Instance: key_reg_reg[7][5] angle: 0 side: N Area_Exposed: 1.86155 Perc_Exposed: 27.9932
Instance: key_reg_reg[7][6] angle: 0 side: N Area_Exposed: 1.73325 Perc_Exposed: 26.0639
Instance: key_reg_reg[7][7] angle: 0 side: N Area_Exposed: 2.61413 Perc_Exposed: 39.3102
Instance: key_reg_reg[7][8] angle: 0 side: N Area_Exposed: 2.084 Perc_Exposed: 31.3383
Instance: key_reg_reg[7][9] angle: 0 side: N Area_Exposed: 2.79102 Perc_Exposed: 41.9703
Instance: key_reg_reg[7][10] angle: 0 side: N Area_Exposed: 2.3597 Perc_Exposed: 35.4842
Instance: key_reg_reg[7][11] angle: 0 side: N Area_Exposed: 1.54405 Perc_Exposed: 23.2188
Instance: key_reg_reg[7][12] angle: 0 side: N Area_Exposed: 1.92967 Perc_Exposed: 29.0177
Instance: key_reg_reg[7][13] angle: 0 side: N Area_Exposed: 1.83127 Perc_Exposed: 27.538
Instance: key_reg_reg[7][14] angle: 0 side: N Area_Exposed: 2.47592 Perc_Exposed: 37.232
Instance: key_reg_reg[7][15] angle: 0 side: N Area_Exposed: 1.7549 Perc_Exposed: 26.3895
Instance: key_reg_reg[7][16] angle: 0 side: N Area_Exposed: 2.20393 Perc_Exposed: 33.1417
Instance: key_reg_reg[7][17] angle: 0 side: N Area_Exposed: 2.39395 Perc_Exposed: 35.9992
Instance: key_reg_reg[7][18] angle: 0 side: N Area_Exposed: 2.77765 Perc_Exposed: 41.7692
Instance: key_reg_reg[7][19] angle: 0 side: N Area_Exposed: 2.09938 Perc_Exposed: 31.5695
Instance: key_reg_reg[7][20] angle: 0 side: N Area_Exposed: 2.36298 Perc_Exposed: 35.5335
Instance: key_reg_reg[7][21] angle: 0 side: N Area_Exposed: 2.82997 Perc_Exposed: 42.556
Instance: key_reg_reg[7][22] angle: 0 side: N Area_Exposed: 0.43505 Perc_Exposed: 6.54211
Instance: key_reg_reg[7][23] angle: 0 side: N Area_Exposed: 1.61695 Perc_Exposed: 24.315
Instance: key_reg_reg[7][24] angle: 0 side: N Area_Exposed: 1.417 Perc_Exposed: 21.3083
Instance: key_reg_reg[7][25] angle: 0 side: N Area_Exposed: 1.52042 Perc_Exposed: 22.8635
Instance: key_reg_reg[7][26] angle: 0 side: N Area_Exposed: 2.11852 Perc_Exposed: 31.8575
Instance: key_reg_reg[7][27] angle: 0 side: N Area_Exposed: 2.00655 Perc_Exposed: 30.1737
Instance: key_reg_reg[7][28] angle: 0 side: N Area_Exposed: 2.84698 Perc_Exposed: 42.8117
Instance: key_reg_reg[7][29] angle: 0 side: N Area_Exposed: 1.3323 Perc_Exposed: 20.0346
Instance: key_reg_reg[7][30] angle: 0 side: N Area_Exposed: 1.4707 Perc_Exposed: 22.1158
Instance: key_reg_reg[7][31] angle: 0 side: N Area_Exposed: 1.34563 Perc_Exposed: 20.235
Instance: core_keymem_key_mem_ctrl_reg_reg[0] angle: 0 side: N Area_Exposed: 1.72782 Perc_Exposed: 32.4779
Instance: core_keymem_key_mem_ctrl_reg_reg[1] angle: 0 side: N Area_Exposed: 0.839175 Perc_Exposed: 15.774
