Total exposed area across cell assets: 516.859
Max exposure [%] across cell assets: 76.2771
Avg exposure [%] across cell assets: 44.648

Instance: key_sched/K_reg_reg_0_ angle: 0 side: N Area_Exposed: 2.31672 Perc_Exposed: 51.2323
Instance: key_sched/K_reg_reg_1_ angle: 0 side: N Area_Exposed: 2.2327 Perc_Exposed: 49.3742
Instance: key_sched/K_reg_reg_2_ angle: 0 side: N Area_Exposed: 1.11902 Perc_Exposed: 24.7462
Instance: key_sched/K_reg_reg_3_ angle: 0 side: N Area_Exposed: 2.22947 Perc_Exposed: 49.3029
Instance: key_sched/K_reg_reg_4_ angle: 0 side: N Area_Exposed: 2.46277 Perc_Exposed: 54.4621
Instance: key_sched/K_reg_reg_5_ angle: 0 side: N Area_Exposed: 1.99535 Perc_Exposed: 44.1254
Instance: key_sched/K_reg_reg_6_ angle: 0 side: N Area_Exposed: 2.3314 Perc_Exposed: 51.5568
Instance: key_sched/K_reg_reg_7_ angle: 0 side: N Area_Exposed: 2.26067 Perc_Exposed: 49.9928
Instance: key_sched/K_reg_reg_8_ angle: 0 side: N Area_Exposed: 1.4651 Perc_Exposed: 32.3994
Instance: key_sched/K_reg_reg_9_ angle: 0 side: N Area_Exposed: 2.59023 Perc_Exposed: 57.2805
Instance: key_sched/K_reg_reg_10_ angle: 0 side: N Area_Exposed: 2.15615 Perc_Exposed: 47.6813
Instance: key_sched/K_reg_reg_11_ angle: 0 side: N Area_Exposed: 2.67988 Perc_Exposed: 59.263
Instance: key_sched/K_reg_reg_12_ angle: 0 side: N Area_Exposed: 1.66057 Perc_Exposed: 36.7221
Instance: key_sched/K_reg_reg_13_ angle: 0 side: N Area_Exposed: 1.31433 Perc_Exposed: 29.0651
Instance: key_sched/K_reg_reg_14_ angle: 0 side: N Area_Exposed: 1.5836 Perc_Exposed: 35.0199
Instance: key_sched/K_reg_reg_15_ angle: 0 side: N Area_Exposed: 2.56652 Perc_Exposed: 56.7564
Instance: key_sched/K_reg_reg_16_ angle: 0 side: N Area_Exposed: 1.47177 Perc_Exposed: 32.547
Instance: key_sched/K_reg_reg_17_ angle: 0 side: N Area_Exposed: 2.49175 Perc_Exposed: 55.1028
Instance: key_sched/K_reg_reg_18_ angle: 0 side: N Area_Exposed: 1.70327 Perc_Exposed: 37.6664
Instance: key_sched/K_reg_reg_19_ angle: 0 side: N Area_Exposed: 2.2848 Perc_Exposed: 50.5263
Instance: key_sched/K_reg_reg_20_ angle: 0 side: N Area_Exposed: 1.90037 Perc_Exposed: 42.0251
Instance: key_sched/K_reg_reg_21_ angle: 0 side: N Area_Exposed: 1.71062 Perc_Exposed: 37.8289
Instance: key_sched/K_reg_reg_22_ angle: 0 side: N Area_Exposed: 2.75877 Perc_Exposed: 61.0079
Instance: key_sched/K_reg_reg_23_ angle: 0 side: N Area_Exposed: 2.0578 Perc_Exposed: 45.5064
Instance: key_sched/K_reg_reg_24_ angle: 0 side: N Area_Exposed: 2.03705 Perc_Exposed: 45.0475
Instance: key_sched/K_reg_reg_25_ angle: 0 side: N Area_Exposed: 2.73203 Perc_Exposed: 60.4163
Instance: key_sched/K_reg_reg_26_ angle: 0 side: N Area_Exposed: 1.87493 Perc_Exposed: 41.4623
Instance: key_sched/K_reg_reg_27_ angle: 0 side: N Area_Exposed: 2.26913 Perc_Exposed: 50.1797
Instance: key_sched/K_reg_reg_28_ angle: 0 side: N Area_Exposed: 2.17852 Perc_Exposed: 48.1761
Instance: key_sched/K_reg_reg_29_ angle: 0 side: N Area_Exposed: 2.11302 Perc_Exposed: 46.7277
Instance: key_sched/K_reg_reg_30_ angle: 0 side: N Area_Exposed: 2.03143 Perc_Exposed: 44.9232
Instance: key_sched/K_reg_reg_31_ angle: 0 side: N Area_Exposed: 2.60785 Perc_Exposed: 57.6703
Instance: key_sched/K_reg_reg_32_ angle: 0 side: N Area_Exposed: 1.7592 Perc_Exposed: 38.9031
Instance: key_sched/K_reg_reg_33_ angle: 0 side: N Area_Exposed: 2.8048 Perc_Exposed: 62.0257
Instance: key_sched/K_reg_reg_34_ angle: 0 side: N Area_Exposed: 2.16577 Perc_Exposed: 47.8942
Instance: key_sched/K_reg_reg_35_ angle: 0 side: N Area_Exposed: 1.69417 Perc_Exposed: 37.4652
Instance: key_sched/K_reg_reg_36_ angle: 0 side: N Area_Exposed: 3.1072 Perc_Exposed: 68.713
Instance: key_sched/K_reg_reg_37_ angle: 0 side: N Area_Exposed: 1.81077 Perc_Exposed: 40.0437
Instance: key_sched/K_reg_reg_38_ angle: 0 side: N Area_Exposed: 3.24015 Perc_Exposed: 71.653
Instance: key_sched/K_reg_reg_39_ angle: 0 side: N Area_Exposed: 1.82515 Perc_Exposed: 40.3616
Instance: key_sched/K_reg_reg_40_ angle: 0 side: N Area_Exposed: 1.6867 Perc_Exposed: 37.2999
Instance: key_sched/K_reg_reg_41_ angle: 0 side: N Area_Exposed: 2.13755 Perc_Exposed: 47.27
Instance: key_sched/K_reg_reg_42_ angle: 0 side: N Area_Exposed: 2.319 Perc_Exposed: 51.2826
Instance: key_sched/K_reg_reg_43_ angle: 0 side: N Area_Exposed: 1.96237 Perc_Exposed: 43.3962
Instance: key_sched/K_reg_reg_44_ angle: 0 side: N Area_Exposed: 1.59143 Perc_Exposed: 35.1929
Instance: key_sched/K_reg_reg_45_ angle: 0 side: N Area_Exposed: 1.1876 Perc_Exposed: 26.2627
Instance: key_sched/K_reg_reg_46_ angle: 0 side: N Area_Exposed: 2.77135 Perc_Exposed: 61.2859
Instance: key_sched/K_reg_reg_47_ angle: 0 side: N Area_Exposed: 0.955125 Perc_Exposed: 21.1217
Instance: key_sched/K_reg_reg_48_ angle: 0 side: N Area_Exposed: 2.04825 Perc_Exposed: 45.2952
Instance: key_sched/K_reg_reg_49_ angle: 0 side: N Area_Exposed: 1.53442 Perc_Exposed: 33.9324
Instance: key_sched/K_reg_reg_50_ angle: 0 side: N Area_Exposed: 1.75847 Perc_Exposed: 38.8871
Instance: key_sched/K_reg_reg_51_ angle: 0 side: N Area_Exposed: 1.92775 Perc_Exposed: 42.6305
Instance: key_sched/K_reg_reg_52_ angle: 0 side: N Area_Exposed: 2.62695 Perc_Exposed: 58.0927
Instance: key_sched/K_reg_reg_53_ angle: 0 side: N Area_Exposed: 3.44925 Perc_Exposed: 76.2771
Instance: key_sched/K_reg_reg_54_ angle: 0 side: N Area_Exposed: 2.33832 Perc_Exposed: 51.71
Instance: key_sched/K_reg_reg_55_ angle: 0 side: N Area_Exposed: 1.51712 Perc_Exposed: 33.5499
Instance: key_sched/K_reg_reg_56_ angle: 0 side: N Area_Exposed: 1.87718 Perc_Exposed: 41.5121
Instance: key_sched/K_reg_reg_57_ angle: 0 side: N Area_Exposed: 2.81355 Perc_Exposed: 62.2192
Instance: key_sched/K_reg_reg_58_ angle: 0 side: N Area_Exposed: 2.02708 Perc_Exposed: 44.827
Instance: key_sched/K_reg_reg_59_ angle: 0 side: N Area_Exposed: 2.2027 Perc_Exposed: 48.7107
Instance: key_sched/K_reg_reg_60_ angle: 0 side: N Area_Exposed: 1.73878 Perc_Exposed: 38.4515
Instance: key_sched/K_reg_reg_61_ angle: 0 side: N Area_Exposed: 2.0842 Perc_Exposed: 46.0902
Instance: key_sched/K_reg_reg_62_ angle: 0 side: N Area_Exposed: 1.46143 Perc_Exposed: 32.3181
Instance: key_sched/K_reg_reg_63_ angle: 0 side: N Area_Exposed: 2.56917 Perc_Exposed: 56.815
Instance: key_sched/K_reg_reg_64_ angle: 0 side: N Area_Exposed: 1.91728 Perc_Exposed: 42.3988
Instance: key_sched/K_reg_reg_65_ angle: 0 side: N Area_Exposed: 2.56032 Perc_Exposed: 56.6193
Instance: key_sched/K_reg_reg_66_ angle: 0 side: N Area_Exposed: 1.66495 Perc_Exposed: 36.8189
Instance: key_sched/K_reg_reg_67_ angle: 0 side: N Area_Exposed: 1.8035 Perc_Exposed: 39.8828
Instance: key_sched/K_reg_reg_68_ angle: 0 side: N Area_Exposed: 1.8225 Perc_Exposed: 40.303
Instance: key_sched/K_reg_reg_69_ angle: 0 side: N Area_Exposed: 2.98822 Perc_Exposed: 66.0819
Instance: key_sched/K_reg_reg_70_ angle: 0 side: N Area_Exposed: 2.4504 Perc_Exposed: 54.1884
Instance: key_sched/K_reg_reg_71_ angle: 0 side: N Area_Exposed: 1.07618 Perc_Exposed: 23.7987
Instance: key_sched/K_reg_reg_72_ angle: 0 side: N Area_Exposed: 0.721775 Perc_Exposed: 15.9614
Instance: key_sched/K_reg_reg_73_ angle: 0 side: N Area_Exposed: 2.4798 Perc_Exposed: 54.8386
Instance: key_sched/K_reg_reg_74_ angle: 0 side: N Area_Exposed: 1.68405 Perc_Exposed: 37.2413
Instance: key_sched/K_reg_reg_75_ angle: 0 side: N Area_Exposed: 1.91613 Perc_Exposed: 42.3734
Instance: key_sched/K_reg_reg_76_ angle: 0 side: N Area_Exposed: 1.84377 Perc_Exposed: 40.7734
Instance: key_sched/K_reg_reg_77_ angle: 0 side: N Area_Exposed: 1.75768 Perc_Exposed: 38.8694
Instance: key_sched/K_reg_reg_78_ angle: 0 side: N Area_Exposed: 1.96497 Perc_Exposed: 43.4537
Instance: key_sched/K_reg_reg_79_ angle: 0 side: N Area_Exposed: 2.67415 Perc_Exposed: 59.1364
Instance: key_sched/K_reg_reg_80_ angle: 0 side: N Area_Exposed: 2.05533 Perc_Exposed: 45.4517
Instance: key_sched/K_reg_reg_81_ angle: 0 side: N Area_Exposed: 2.10762 Perc_Exposed: 46.6082
Instance: key_sched/K_reg_reg_82_ angle: 0 side: N Area_Exposed: 2.08292 Perc_Exposed: 46.062
Instance: key_sched/K_reg_reg_83_ angle: 0 side: N Area_Exposed: 1.48422 Perc_Exposed: 32.8223
Instance: key_sched/K_reg_reg_84_ angle: 0 side: N Area_Exposed: 2.5578 Perc_Exposed: 56.5635
Instance: key_sched/K_reg_reg_85_ angle: 0 side: N Area_Exposed: 2.13955 Perc_Exposed: 47.3142
Instance: key_sched/K_reg_reg_86_ angle: 0 side: N Area_Exposed: 2.02745 Perc_Exposed: 44.8352
Instance: key_sched/K_reg_reg_87_ angle: 0 side: N Area_Exposed: 1.8847 Perc_Exposed: 41.6785
Instance: key_sched/K_reg_reg_88_ angle: 0 side: N Area_Exposed: 2.1585 Perc_Exposed: 47.7333
Instance: key_sched/K_reg_reg_89_ angle: 0 side: N Area_Exposed: 2.449 Perc_Exposed: 54.1575
Instance: key_sched/K_reg_reg_90_ angle: 0 side: N Area_Exposed: 2.43578 Perc_Exposed: 53.865
Instance: key_sched/K_reg_reg_91_ angle: 0 side: N Area_Exposed: 1.0443 Perc_Exposed: 23.0938
Instance: key_sched/K_reg_reg_92_ angle: 0 side: N Area_Exposed: 1.5077 Perc_Exposed: 33.3414
Instance: key_sched/K_reg_reg_93_ angle: 0 side: N Area_Exposed: 1.5787 Perc_Exposed: 34.9115
Instance: key_sched/K_reg_reg_94_ angle: 0 side: N Area_Exposed: 2.20403 Perc_Exposed: 48.74
Instance: key_sched/K_reg_reg_95_ angle: 0 side: N Area_Exposed: 2.69112 Perc_Exposed: 59.5118
Instance: key_sched/K_reg_reg_96_ angle: 0 side: N Area_Exposed: 2.04175 Perc_Exposed: 45.1515
Instance: key_sched/K_reg_reg_97_ angle: 0 side: N Area_Exposed: 3.18855 Perc_Exposed: 70.5119
Instance: key_sched/K_reg_reg_98_ angle: 0 side: N Area_Exposed: 2.38562 Perc_Exposed: 52.756
Instance: key_sched/K_reg_reg_99_ angle: 0 side: N Area_Exposed: 1.66015 Perc_Exposed: 36.7127
Instance: key_sched/K_reg_reg_100_ angle: 0 side: N Area_Exposed: 2.7685 Perc_Exposed: 61.2229
Instance: key_sched/K_reg_reg_101_ angle: 0 side: N Area_Exposed: 3.25512 Perc_Exposed: 71.9842
Instance: key_sched/K_reg_reg_102_ angle: 0 side: N Area_Exposed: 1.902 Perc_Exposed: 42.061
Instance: key_sched/K_reg_reg_103_ angle: 0 side: N Area_Exposed: 2.15692 Perc_Exposed: 47.6985
Instance: key_sched/K_reg_reg_104_ angle: 0 side: N Area_Exposed: 2.50623 Perc_Exposed: 55.4229
Instance: key_sched/K_reg_reg_105_ angle: 0 side: N Area_Exposed: 2.45428 Perc_Exposed: 54.2741
Instance: key_sched/K_reg_reg_106_ angle: 0 side: N Area_Exposed: 2.74133 Perc_Exposed: 60.622
Instance: key_sched/K_reg_reg_107_ angle: 0 side: N Area_Exposed: 1.21033 Perc_Exposed: 26.7653
Instance: key_sched/K_reg_reg_108_ angle: 0 side: N Area_Exposed: 1.4948 Perc_Exposed: 33.0562
Instance: key_sched/K_reg_reg_109_ angle: 0 side: N Area_Exposed: 1.75253 Perc_Exposed: 38.7555
Instance: key_sched/K_reg_reg_110_ angle: 0 side: N Area_Exposed: 2.43083 Perc_Exposed: 53.7555
Instance: key_sched/K_reg_reg_111_ angle: 0 side: N Area_Exposed: 2.4386 Perc_Exposed: 53.9275
Instance: key_sched/K_reg_reg_112_ angle: 0 side: N Area_Exposed: 2.03448 Perc_Exposed: 44.9906
Instance: key_sched/K_reg_reg_113_ angle: 0 side: N Area_Exposed: 2.81327 Perc_Exposed: 62.2131
Instance: key_sched/K_reg_reg_114_ angle: 0 side: N Area_Exposed: 1.53602 Perc_Exposed: 33.9678
Instance: key_sched/K_reg_reg_115_ angle: 0 side: N Area_Exposed: 1.70743 Perc_Exposed: 37.7582
Instance: key_sched/K_reg_reg_116_ angle: 0 side: N Area_Exposed: 1.5698 Perc_Exposed: 34.7147
Instance: key_sched/K_reg_reg_117_ angle: 0 side: N Area_Exposed: 1.97427 Perc_Exposed: 43.6593
Instance: key_sched/K_reg_reg_118_ angle: 0 side: N Area_Exposed: 2.8944 Perc_Exposed: 64.0071
Instance: key_sched/K_reg_reg_119_ angle: 0 side: N Area_Exposed: 2.42748 Perc_Exposed: 53.6814
Instance: key_sched/K_reg_reg_120_ angle: 0 side: N Area_Exposed: 1.97883 Perc_Exposed: 43.76
Instance: key_sched/K_reg_reg_121_ angle: 0 side: N Area_Exposed: 2.57703 Perc_Exposed: 56.9886
Instance: key_sched/K_reg_reg_122_ angle: 0 side: N Area_Exposed: 2.34938 Perc_Exposed: 51.9543
Instance: key_sched/K_reg_reg_123_ angle: 0 side: N Area_Exposed: 1.85547 Perc_Exposed: 41.0322
Instance: key_sched/K_reg_reg_124_ angle: 0 side: N Area_Exposed: 1.9473 Perc_Exposed: 43.0628
Instance: key_sched/K_reg_reg_125_ angle: 0 side: N Area_Exposed: 1.32913 Perc_Exposed: 29.3924
Instance: key_sched/K_reg_reg_126_ angle: 0 side: N Area_Exposed: 2.1591 Perc_Exposed: 47.7466
Instance: key_sched/K_reg_reg_127_ angle: 0 side: N Area_Exposed: 2.38087 Perc_Exposed: 52.6509
Instance: key_sched/Kp_reg_reg_0_ angle: 0 side: N Area_Exposed: 2.01045 Perc_Exposed: 44.4593
Instance: key_sched/Kp_reg_reg_1_ angle: 0 side: N Area_Exposed: 2.03455 Perc_Exposed: 44.9923
Instance: key_sched/Kp_reg_reg_2_ angle: 0 side: N Area_Exposed: 2.09342 Perc_Exposed: 46.2942
Instance: key_sched/Kp_reg_reg_3_ angle: 0 side: N Area_Exposed: 1.67673 Perc_Exposed: 37.0793
Instance: key_sched/Kp_reg_reg_4_ angle: 0 side: N Area_Exposed: 2.11457 Perc_Exposed: 46.7619
Instance: key_sched/Kp_reg_reg_5_ angle: 0 side: N Area_Exposed: 2.39847 Perc_Exposed: 53.0401
Instance: key_sched/Kp_reg_reg_6_ angle: 0 side: N Area_Exposed: 2.6499 Perc_Exposed: 58.6002
Instance: key_sched/Kp_reg_reg_7_ angle: 0 side: N Area_Exposed: 1.6461 Perc_Exposed: 36.402
Instance: key_sched/Kp_reg_reg_8_ angle: 0 side: N Area_Exposed: 2.3812 Perc_Exposed: 52.6581
Instance: key_sched/Kp_reg_reg_9_ angle: 0 side: N Area_Exposed: 1.3814 Perc_Exposed: 30.5484
Instance: key_sched/Kp_reg_reg_10_ angle: 0 side: N Area_Exposed: 1.71513 Perc_Exposed: 37.9285
Instance: key_sched/Kp_reg_reg_11_ angle: 0 side: N Area_Exposed: 1.5157 Perc_Exposed: 33.5184
Instance: key_sched/Kp_reg_reg_12_ angle: 0 side: N Area_Exposed: 1.75155 Perc_Exposed: 38.734
Instance: key_sched/Kp_reg_reg_13_ angle: 0 side: N Area_Exposed: 1.79525 Perc_Exposed: 39.7004
Instance: key_sched/Kp_reg_reg_14_ angle: 0 side: N Area_Exposed: 1.63098 Perc_Exposed: 36.0676
Instance: key_sched/Kp_reg_reg_15_ angle: 0 side: N Area_Exposed: 0.667475 Perc_Exposed: 14.7606
Instance: key_sched/Kp_reg_reg_16_ angle: 0 side: N Area_Exposed: 1.44835 Perc_Exposed: 32.029
Instance: key_sched/Kp_reg_reg_17_ angle: 0 side: N Area_Exposed: 2.1934 Perc_Exposed: 48.5051
Instance: key_sched/Kp_reg_reg_18_ angle: 0 side: N Area_Exposed: 2.4176 Perc_Exposed: 53.4631
Instance: key_sched/Kp_reg_reg_19_ angle: 0 side: N Area_Exposed: 1.70762 Perc_Exposed: 37.7626
Instance: key_sched/Kp_reg_reg_20_ angle: 0 side: N Area_Exposed: 2.24965 Perc_Exposed: 49.749
Instance: key_sched/Kp_reg_reg_21_ angle: 0 side: N Area_Exposed: 1.82837 Perc_Exposed: 40.4329
Instance: key_sched/Kp_reg_reg_22_ angle: 0 side: N Area_Exposed: 2.16647 Perc_Exposed: 47.9097
Instance: key_sched/Kp_reg_reg_23_ angle: 0 side: N Area_Exposed: 2.12665 Perc_Exposed: 47.029
Instance: key_sched/Kp_reg_reg_24_ angle: 0 side: N Area_Exposed: 1.80497 Perc_Exposed: 39.9154
Instance: key_sched/Kp_reg_reg_25_ angle: 0 side: N Area_Exposed: 1.93055 Perc_Exposed: 42.6924
Instance: key_sched/Kp_reg_reg_26_ angle: 0 side: N Area_Exposed: 1.32335 Perc_Exposed: 29.2647
Instance: key_sched/Kp_reg_reg_27_ angle: 0 side: N Area_Exposed: 2.16282 Perc_Exposed: 47.8289
Instance: key_sched/Kp_reg_reg_28_ angle: 0 side: N Area_Exposed: 1.77037 Perc_Exposed: 39.1503
Instance: key_sched/Kp_reg_reg_29_ angle: 0 side: N Area_Exposed: 1.74295 Perc_Exposed: 38.5438
Instance: key_sched/Kp_reg_reg_30_ angle: 0 side: N Area_Exposed: 2.01508 Perc_Exposed: 44.5616
Instance: key_sched/Kp_reg_reg_31_ angle: 0 side: N Area_Exposed: 2.09148 Perc_Exposed: 46.2511
Instance: key_sched/Kp_reg_reg_32_ angle: 0 side: N Area_Exposed: 2.642 Perc_Exposed: 58.4255
Instance: key_sched/Kp_reg_reg_33_ angle: 0 side: N Area_Exposed: 2.21087 Perc_Exposed: 48.8915
Instance: key_sched/Kp_reg_reg_34_ angle: 0 side: N Area_Exposed: 2.46085 Perc_Exposed: 54.4195
Instance: key_sched/Kp_reg_reg_35_ angle: 0 side: N Area_Exposed: 1.6706 Perc_Exposed: 36.9438
Instance: key_sched/Kp_reg_reg_36_ angle: 0 side: N Area_Exposed: 2.87635 Perc_Exposed: 63.6079
Instance: key_sched/Kp_reg_reg_37_ angle: 0 side: N Area_Exposed: 2.36275 Perc_Exposed: 52.2501
Instance: key_sched/Kp_reg_reg_38_ angle: 0 side: N Area_Exposed: 1.83927 Perc_Exposed: 40.6739
Instance: key_sched/Kp_reg_reg_39_ angle: 0 side: N Area_Exposed: 3.0699 Perc_Exposed: 67.8881
Instance: key_sched/Kp_reg_reg_40_ angle: 0 side: N Area_Exposed: 2.1156 Perc_Exposed: 46.7846
Instance: key_sched/Kp_reg_reg_41_ angle: 0 side: N Area_Exposed: 1.99918 Perc_Exposed: 44.21
Instance: key_sched/Kp_reg_reg_42_ angle: 0 side: N Area_Exposed: 2.30415 Perc_Exposed: 50.9542
Instance: key_sched/Kp_reg_reg_43_ angle: 0 side: N Area_Exposed: 2.03732 Perc_Exposed: 45.0536
Instance: key_sched/Kp_reg_reg_44_ angle: 0 side: N Area_Exposed: 2.2483 Perc_Exposed: 49.7192
Instance: key_sched/Kp_reg_reg_45_ angle: 0 side: N Area_Exposed: 1.36828 Perc_Exposed: 30.2582
Instance: key_sched/Kp_reg_reg_46_ angle: 0 side: N Area_Exposed: 1.38388 Perc_Exposed: 30.6032
Instance: key_sched/Kp_reg_reg_47_ angle: 0 side: N Area_Exposed: 2.2296 Perc_Exposed: 49.3056
Instance: key_sched/Kp_reg_reg_48_ angle: 0 side: N Area_Exposed: 1.76475 Perc_Exposed: 39.0259
Instance: key_sched/Kp_reg_reg_49_ angle: 0 side: N Area_Exposed: 1.564 Perc_Exposed: 34.5865
Instance: key_sched/Kp_reg_reg_50_ angle: 0 side: N Area_Exposed: 1.9921 Perc_Exposed: 44.0535
Instance: key_sched/Kp_reg_reg_51_ angle: 0 side: N Area_Exposed: 1.6392 Perc_Exposed: 36.2494
Instance: key_sched/Kp_reg_reg_52_ angle: 0 side: N Area_Exposed: 2.27752 Perc_Exposed: 50.3654
Instance: key_sched/Kp_reg_reg_53_ angle: 0 side: N Area_Exposed: 1.79912 Perc_Exposed: 39.786
Instance: key_sched/Kp_reg_reg_54_ angle: 0 side: N Area_Exposed: 1.8647 Perc_Exposed: 41.2362
Instance: key_sched/Kp_reg_reg_55_ angle: 0 side: N Area_Exposed: 2.81205 Perc_Exposed: 62.186
Instance: key_sched/Kp_reg_reg_56_ angle: 0 side: N Area_Exposed: 1.8938 Perc_Exposed: 41.8797
Instance: key_sched/Kp_reg_reg_57_ angle: 0 side: N Area_Exposed: 1.42767 Perc_Exposed: 31.5718
Instance: key_sched/Kp_reg_reg_58_ angle: 0 side: N Area_Exposed: 1.4884 Perc_Exposed: 32.9146
Instance: key_sched/Kp_reg_reg_59_ angle: 0 side: N Area_Exposed: 0.9262 Perc_Exposed: 20.4821
Instance: key_sched/Kp_reg_reg_60_ angle: 0 side: N Area_Exposed: 2.32302 Perc_Exposed: 51.3716
Instance: key_sched/Kp_reg_reg_61_ angle: 0 side: N Area_Exposed: 1.23767 Perc_Exposed: 27.3701
Instance: key_sched/Kp_reg_reg_62_ angle: 0 side: N Area_Exposed: 0.9985 Perc_Exposed: 22.0809
Instance: key_sched/Kp_reg_reg_63_ angle: 0 side: N Area_Exposed: 1.04315 Perc_Exposed: 23.0683
Instance: key_sched/Kp_reg_reg_64_ angle: 0 side: N Area_Exposed: 2.01182 Perc_Exposed: 44.4897
Instance: key_sched/Kp_reg_reg_65_ angle: 0 side: N Area_Exposed: 2.24902 Perc_Exposed: 49.7352
Instance: key_sched/Kp_reg_reg_66_ angle: 0 side: N Area_Exposed: 1.63028 Perc_Exposed: 36.0521
Instance: key_sched/Kp_reg_reg_67_ angle: 0 side: N Area_Exposed: 1.62642 Perc_Exposed: 35.9669
Instance: key_sched/Kp_reg_reg_68_ angle: 0 side: N Area_Exposed: 1.91077 Perc_Exposed: 42.2551
Instance: key_sched/Kp_reg_reg_69_ angle: 0 side: N Area_Exposed: 1.68845 Perc_Exposed: 37.3386
Instance: key_sched/Kp_reg_reg_70_ angle: 0 side: N Area_Exposed: 1.98467 Perc_Exposed: 43.8893
Instance: key_sched/Kp_reg_reg_71_ angle: 0 side: N Area_Exposed: 1.78477 Perc_Exposed: 39.4687
Instance: key_sched/Kp_reg_reg_72_ angle: 0 side: N Area_Exposed: 1.5903 Perc_Exposed: 35.1681
Instance: key_sched/Kp_reg_reg_73_ angle: 0 side: N Area_Exposed: 1.66273 Perc_Exposed: 36.7697
Instance: key_sched/Kp_reg_reg_74_ angle: 0 side: N Area_Exposed: 1.83298 Perc_Exposed: 40.5346
Instance: key_sched/Kp_reg_reg_75_ angle: 0 side: N Area_Exposed: 2.1728 Perc_Exposed: 48.0495
Instance: key_sched/Kp_reg_reg_76_ angle: 0 side: N Area_Exposed: 1.518 Perc_Exposed: 33.5692
Instance: key_sched/Kp_reg_reg_77_ angle: 0 side: N Area_Exposed: 1.78742 Perc_Exposed: 39.5273
Instance: key_sched/Kp_reg_reg_78_ angle: 0 side: N Area_Exposed: 1.64733 Perc_Exposed: 36.4291
Instance: key_sched/Kp_reg_reg_79_ angle: 0 side: N Area_Exposed: 1.82027 Perc_Exposed: 40.2538
Instance: key_sched/Kp_reg_reg_80_ angle: 0 side: N Area_Exposed: 2.3186 Perc_Exposed: 51.2738
Instance: key_sched/Kp_reg_reg_81_ angle: 0 side: N Area_Exposed: 1.64975 Perc_Exposed: 36.4828
Instance: key_sched/Kp_reg_reg_82_ angle: 0 side: N Area_Exposed: 2.06907 Perc_Exposed: 45.7557
Instance: key_sched/Kp_reg_reg_83_ angle: 0 side: N Area_Exposed: 1.76147 Perc_Exposed: 38.9534
Instance: key_sched/Kp_reg_reg_84_ angle: 0 side: N Area_Exposed: 2.31077 Perc_Exposed: 51.1007
Instance: key_sched/Kp_reg_reg_85_ angle: 0 side: N Area_Exposed: 2.37995 Perc_Exposed: 52.6305
Instance: key_sched/Kp_reg_reg_86_ angle: 0 side: N Area_Exposed: 0.789875 Perc_Exposed: 17.4674
Instance: key_sched/Kp_reg_reg_87_ angle: 0 side: N Area_Exposed: 1.83162 Perc_Exposed: 40.5048
Instance: key_sched/Kp_reg_reg_88_ angle: 0 side: N Area_Exposed: 1.5841 Perc_Exposed: 35.031
Instance: key_sched/Kp_reg_reg_89_ angle: 0 side: N Area_Exposed: 1.23648 Perc_Exposed: 27.3435
Instance: key_sched/Kp_reg_reg_90_ angle: 0 side: N Area_Exposed: 1.9131 Perc_Exposed: 42.3065
Instance: key_sched/Kp_reg_reg_91_ angle: 0 side: N Area_Exposed: 1.84865 Perc_Exposed: 40.8812
Instance: key_sched/Kp_reg_reg_92_ angle: 0 side: N Area_Exposed: 1.8776 Perc_Exposed: 41.5215
Instance: key_sched/Kp_reg_reg_93_ angle: 0 side: N Area_Exposed: 1.92805 Perc_Exposed: 42.6371
Instance: key_sched/Kp_reg_reg_94_ angle: 0 side: N Area_Exposed: 2.21628 Perc_Exposed: 49.0109
Instance: key_sched/Kp_reg_reg_95_ angle: 0 side: N Area_Exposed: 2.18162 Perc_Exposed: 48.2447
Instance: key_sched/Kp_reg_reg_96_ angle: 0 side: N Area_Exposed: 2.47858 Perc_Exposed: 54.8115
Instance: key_sched/Kp_reg_reg_97_ angle: 0 side: N Area_Exposed: 2.63175 Perc_Exposed: 58.1988
Instance: key_sched/Kp_reg_reg_98_ angle: 0 side: N Area_Exposed: 2.5457 Perc_Exposed: 56.2959
Instance: key_sched/Kp_reg_reg_99_ angle: 0 side: N Area_Exposed: 2.32695 Perc_Exposed: 51.4584
Instance: key_sched/Kp_reg_reg_100_ angle: 0 side: N Area_Exposed: 2.99745 Perc_Exposed: 66.2859
Instance: key_sched/Kp_reg_reg_101_ angle: 0 side: N Area_Exposed: 2.33622 Perc_Exposed: 51.6635
Instance: key_sched/Kp_reg_reg_102_ angle: 0 side: N Area_Exposed: 2.68042 Perc_Exposed: 59.2752
Instance: key_sched/Kp_reg_reg_103_ angle: 0 side: N Area_Exposed: 2.72265 Perc_Exposed: 60.209
Instance: key_sched/Kp_reg_reg_104_ angle: 0 side: N Area_Exposed: 2.22518 Perc_Exposed: 49.2078
Instance: key_sched/Kp_reg_reg_105_ angle: 0 side: N Area_Exposed: 1.61658 Perc_Exposed: 35.7491
Instance: key_sched/Kp_reg_reg_106_ angle: 0 side: N Area_Exposed: 1.58788 Perc_Exposed: 35.1144
Instance: key_sched/Kp_reg_reg_107_ angle: 0 side: N Area_Exposed: 2.35488 Perc_Exposed: 52.076
Instance: key_sched/Kp_reg_reg_108_ angle: 0 side: N Area_Exposed: 1.70577 Perc_Exposed: 37.7217
Instance: key_sched/Kp_reg_reg_109_ angle: 0 side: N Area_Exposed: 1.4143 Perc_Exposed: 31.276
Instance: key_sched/Kp_reg_reg_110_ angle: 0 side: N Area_Exposed: 1.63217 Perc_Exposed: 36.0941
Instance: key_sched/Kp_reg_reg_111_ angle: 0 side: N Area_Exposed: 2.6273 Perc_Exposed: 58.1004
Instance: key_sched/Kp_reg_reg_112_ angle: 0 side: N Area_Exposed: 2.25908 Perc_Exposed: 49.9574
Instance: key_sched/Kp_reg_reg_113_ angle: 0 side: N Area_Exposed: 1.38045 Perc_Exposed: 30.5274
Instance: key_sched/Kp_reg_reg_114_ angle: 0 side: N Area_Exposed: 1.88885 Perc_Exposed: 41.7702
Instance: key_sched/Kp_reg_reg_115_ angle: 0 side: N Area_Exposed: 2.09872 Perc_Exposed: 46.4114
Instance: key_sched/Kp_reg_reg_116_ angle: 0 side: N Area_Exposed: 2.87165 Perc_Exposed: 63.504
Instance: key_sched/Kp_reg_reg_117_ angle: 0 side: N Area_Exposed: 2.0951 Perc_Exposed: 46.3313
Instance: key_sched/Kp_reg_reg_118_ angle: 0 side: N Area_Exposed: 1.7446 Perc_Exposed: 38.5803
Instance: key_sched/Kp_reg_reg_119_ angle: 0 side: N Area_Exposed: 2.87488 Perc_Exposed: 63.5753
Instance: key_sched/Kp_reg_reg_120_ angle: 0 side: N Area_Exposed: 2.09215 Perc_Exposed: 46.266
Instance: key_sched/Kp_reg_reg_121_ angle: 0 side: N Area_Exposed: 1.5338 Perc_Exposed: 33.9186
Instance: key_sched/Kp_reg_reg_122_ angle: 0 side: N Area_Exposed: 2.07357 Perc_Exposed: 45.8553
Instance: key_sched/Kp_reg_reg_123_ angle: 0 side: N Area_Exposed: 1.9282 Perc_Exposed: 42.6404
Instance: key_sched/Kp_reg_reg_124_ angle: 0 side: N Area_Exposed: 1.51398 Perc_Exposed: 33.4802
Instance: key_sched/Kp_reg_reg_125_ angle: 0 side: N Area_Exposed: 2.09522 Perc_Exposed: 46.334
Instance: key_sched/Kp_reg_reg_126_ angle: 0 side: N Area_Exposed: 1.55875 Perc_Exposed: 34.4704
Instance: key_sched/Kp_reg_reg_127_ angle: 0 side: N Area_Exposed: 2.0015 Perc_Exposed: 44.2614
