Total exposed area across cell assets: 306.683
Max exposure [%] across cell assets: 57.3557
Avg exposure [%] across cell assets: 26.4923

Instance: key_sched/K_reg_reg_0_ angle: 0 side: N Area_Exposed: 0.9317 Perc_Exposed: 20.6037
Instance: key_sched/K_reg_reg_1_ angle: 0 side: N Area_Exposed: 0.838 Perc_Exposed: 18.5316
Instance: key_sched/K_reg_reg_2_ angle: 0 side: N Area_Exposed: 1.07893 Perc_Exposed: 23.8595
Instance: key_sched/K_reg_reg_3_ angle: 0 side: N Area_Exposed: 0.761625 Perc_Exposed: 16.8427
Instance: key_sched/K_reg_reg_4_ angle: 0 side: N Area_Exposed: 0.804475 Perc_Exposed: 17.7902
Instance: key_sched/K_reg_reg_5_ angle: 0 side: N Area_Exposed: 0.938675 Perc_Exposed: 20.758
Instance: key_sched/K_reg_reg_6_ angle: 0 side: N Area_Exposed: 0.84925 Perc_Exposed: 18.7804
Instance: key_sched/K_reg_reg_7_ angle: 0 side: N Area_Exposed: 1.40755 Perc_Exposed: 31.1267
Instance: key_sched/K_reg_reg_8_ angle: 0 side: N Area_Exposed: 0.94715 Perc_Exposed: 20.9454
Instance: key_sched/K_reg_reg_9_ angle: 0 side: N Area_Exposed: 1.66958 Perc_Exposed: 36.9212
Instance: key_sched/K_reg_reg_10_ angle: 0 side: N Area_Exposed: 1.24833 Perc_Exposed: 27.6056
Instance: key_sched/K_reg_reg_11_ angle: 0 side: N Area_Exposed: 2.08477 Perc_Exposed: 46.1029
Instance: key_sched/K_reg_reg_12_ angle: 0 side: N Area_Exposed: 1.13755 Perc_Exposed: 25.1559
Instance: key_sched/K_reg_reg_13_ angle: 0 side: N Area_Exposed: 1.20977 Perc_Exposed: 26.7531
Instance: key_sched/K_reg_reg_14_ angle: 0 side: N Area_Exposed: 0.8756 Perc_Exposed: 19.3631
Instance: key_sched/K_reg_reg_15_ angle: 0 side: N Area_Exposed: 1.11187 Perc_Exposed: 24.5881
Instance: key_sched/K_reg_reg_16_ angle: 0 side: N Area_Exposed: 1.00003 Perc_Exposed: 22.1147
Instance: key_sched/K_reg_reg_17_ angle: 0 side: N Area_Exposed: 1.42585 Perc_Exposed: 31.5314
Instance: key_sched/K_reg_reg_18_ angle: 0 side: N Area_Exposed: 1.18475 Perc_Exposed: 26.1997
Instance: key_sched/K_reg_reg_19_ angle: 0 side: N Area_Exposed: 1.32708 Perc_Exposed: 29.3471
Instance: key_sched/K_reg_reg_20_ angle: 0 side: N Area_Exposed: 0.878925 Perc_Exposed: 19.4366
Instance: key_sched/K_reg_reg_21_ angle: 0 side: N Area_Exposed: 0.974775 Perc_Exposed: 21.5563
Instance: key_sched/K_reg_reg_22_ angle: 0 side: N Area_Exposed: 1.10112 Perc_Exposed: 24.3504
Instance: key_sched/K_reg_reg_23_ angle: 0 side: N Area_Exposed: 1.02745 Perc_Exposed: 22.7211
Instance: key_sched/K_reg_reg_24_ angle: 0 side: N Area_Exposed: 1.11583 Perc_Exposed: 24.6755
Instance: key_sched/K_reg_reg_25_ angle: 0 side: N Area_Exposed: 1.10695 Perc_Exposed: 24.4792
Instance: key_sched/K_reg_reg_26_ angle: 0 side: N Area_Exposed: 0.999075 Perc_Exposed: 22.0937
Instance: key_sched/K_reg_reg_27_ angle: 0 side: N Area_Exposed: 1.1733 Perc_Exposed: 25.9465
Instance: key_sched/K_reg_reg_28_ angle: 0 side: N Area_Exposed: 1.16338 Perc_Exposed: 25.727
Instance: key_sched/K_reg_reg_29_ angle: 0 side: N Area_Exposed: 1.33653 Perc_Exposed: 29.5561
Instance: key_sched/K_reg_reg_30_ angle: 0 side: N Area_Exposed: 0.854475 Perc_Exposed: 18.896
Instance: key_sched/K_reg_reg_31_ angle: 0 side: N Area_Exposed: 0.840475 Perc_Exposed: 18.5864
Instance: key_sched/K_reg_reg_32_ angle: 0 side: N Area_Exposed: 0.880575 Perc_Exposed: 19.4731
Instance: key_sched/K_reg_reg_33_ angle: 0 side: N Area_Exposed: 1.5033 Perc_Exposed: 33.2441
Instance: key_sched/K_reg_reg_34_ angle: 0 side: N Area_Exposed: 0.979475 Perc_Exposed: 21.6602
Instance: key_sched/K_reg_reg_35_ angle: 0 side: N Area_Exposed: 1.19225 Perc_Exposed: 26.3655
Instance: key_sched/K_reg_reg_36_ angle: 0 side: N Area_Exposed: 1.30707 Perc_Exposed: 28.9048
Instance: key_sched/K_reg_reg_37_ angle: 0 side: N Area_Exposed: 0.754425 Perc_Exposed: 16.6834
Instance: key_sched/K_reg_reg_38_ angle: 0 side: N Area_Exposed: 1.11778 Perc_Exposed: 24.7186
Instance: key_sched/K_reg_reg_39_ angle: 0 side: N Area_Exposed: 0.82155 Perc_Exposed: 18.1678
Instance: key_sched/K_reg_reg_40_ angle: 0 side: N Area_Exposed: 1.0171 Perc_Exposed: 22.4923
Instance: key_sched/K_reg_reg_41_ angle: 0 side: N Area_Exposed: 1.7476 Perc_Exposed: 38.6466
Instance: key_sched/K_reg_reg_42_ angle: 0 side: N Area_Exposed: 1.3145 Perc_Exposed: 29.069
Instance: key_sched/K_reg_reg_43_ angle: 0 side: N Area_Exposed: 1.54515 Perc_Exposed: 34.1696
Instance: key_sched/K_reg_reg_44_ angle: 0 side: N Area_Exposed: 0.901975 Perc_Exposed: 19.9464
Instance: key_sched/K_reg_reg_45_ angle: 0 side: N Area_Exposed: 1.17408 Perc_Exposed: 25.9636
Instance: key_sched/K_reg_reg_46_ angle: 0 side: N Area_Exposed: 1.36495 Perc_Exposed: 30.1847
Instance: key_sched/K_reg_reg_47_ angle: 0 side: N Area_Exposed: 1.68803 Perc_Exposed: 37.3292
Instance: key_sched/K_reg_reg_48_ angle: 0 side: N Area_Exposed: 1.25395 Perc_Exposed: 27.73
Instance: key_sched/K_reg_reg_49_ angle: 0 side: N Area_Exposed: 0.552075 Perc_Exposed: 12.2086
Instance: key_sched/K_reg_reg_50_ angle: 0 side: N Area_Exposed: 0.918375 Perc_Exposed: 20.309
Instance: key_sched/K_reg_reg_51_ angle: 0 side: N Area_Exposed: 1.07585 Perc_Exposed: 23.7915
Instance: key_sched/K_reg_reg_52_ angle: 0 side: N Area_Exposed: 0.68805 Perc_Exposed: 15.2156
Instance: key_sched/K_reg_reg_53_ angle: 0 side: N Area_Exposed: 0.508075 Perc_Exposed: 11.2356
Instance: key_sched/K_reg_reg_54_ angle: 0 side: N Area_Exposed: 1.09223 Perc_Exposed: 24.1536
Instance: key_sched/K_reg_reg_55_ angle: 0 side: N Area_Exposed: 0.770175 Perc_Exposed: 17.0317
Instance: key_sched/K_reg_reg_56_ angle: 0 side: N Area_Exposed: 0.8745 Perc_Exposed: 19.3388
Instance: key_sched/K_reg_reg_57_ angle: 0 side: N Area_Exposed: 1.1067 Perc_Exposed: 24.4737
Instance: key_sched/K_reg_reg_58_ angle: 0 side: N Area_Exposed: 0.6209 Perc_Exposed: 13.7307
Instance: key_sched/K_reg_reg_59_ angle: 0 side: N Area_Exposed: 1.4545 Perc_Exposed: 32.165
Instance: key_sched/K_reg_reg_60_ angle: 0 side: N Area_Exposed: 1.03867 Perc_Exposed: 22.9694
Instance: key_sched/K_reg_reg_61_ angle: 0 side: N Area_Exposed: 1.15372 Perc_Exposed: 25.5136
Instance: key_sched/K_reg_reg_62_ angle: 0 side: N Area_Exposed: 1.25005 Perc_Exposed: 27.6437
Instance: key_sched/K_reg_reg_63_ angle: 0 side: N Area_Exposed: 1.12518 Perc_Exposed: 24.8822
Instance: key_sched/K_reg_reg_64_ angle: 0 side: N Area_Exposed: 1.10835 Perc_Exposed: 24.5102
Instance: key_sched/K_reg_reg_65_ angle: 0 side: N Area_Exposed: 0.509975 Perc_Exposed: 11.2776
Instance: key_sched/K_reg_reg_66_ angle: 0 side: N Area_Exposed: 1.02302 Perc_Exposed: 22.6233
Instance: key_sched/K_reg_reg_67_ angle: 0 side: N Area_Exposed: 1.02983 Perc_Exposed: 22.7737
Instance: key_sched/K_reg_reg_68_ angle: 0 side: N Area_Exposed: 1.40822 Perc_Exposed: 31.1416
Instance: key_sched/K_reg_reg_69_ angle: 0 side: N Area_Exposed: 0.585425 Perc_Exposed: 12.9462
Instance: key_sched/K_reg_reg_70_ angle: 0 side: N Area_Exposed: 0.529575 Perc_Exposed: 11.7111
Instance: key_sched/K_reg_reg_71_ angle: 0 side: N Area_Exposed: 0.981775 Perc_Exposed: 21.7111
Instance: key_sched/K_reg_reg_72_ angle: 0 side: N Area_Exposed: 1.23665 Perc_Exposed: 27.3474
Instance: key_sched/K_reg_reg_73_ angle: 0 side: N Area_Exposed: 1.2736 Perc_Exposed: 28.1645
Instance: key_sched/K_reg_reg_74_ angle: 0 side: N Area_Exposed: 1.12927 Perc_Exposed: 24.9729
Instance: key_sched/K_reg_reg_75_ angle: 0 side: N Area_Exposed: 2.01565 Perc_Exposed: 44.5743
Instance: key_sched/K_reg_reg_76_ angle: 0 side: N Area_Exposed: 0.987325 Perc_Exposed: 21.8338
Instance: key_sched/K_reg_reg_77_ angle: 0 side: N Area_Exposed: 0.912975 Perc_Exposed: 20.1896
Instance: key_sched/K_reg_reg_78_ angle: 0 side: N Area_Exposed: 1.419 Perc_Exposed: 31.3799
Instance: key_sched/K_reg_reg_79_ angle: 0 side: N Area_Exposed: 0.976375 Perc_Exposed: 21.5917
Instance: key_sched/K_reg_reg_80_ angle: 0 side: N Area_Exposed: 0.695525 Perc_Exposed: 15.3809
Instance: key_sched/K_reg_reg_81_ angle: 0 side: N Area_Exposed: 0.7188 Perc_Exposed: 15.8956
Instance: key_sched/K_reg_reg_82_ angle: 0 side: N Area_Exposed: 0.918875 Perc_Exposed: 20.3201
Instance: key_sched/K_reg_reg_83_ angle: 0 side: N Area_Exposed: 1.18255 Perc_Exposed: 26.151
Instance: key_sched/K_reg_reg_84_ angle: 0 side: N Area_Exposed: 0.7661 Perc_Exposed: 16.9416
Instance: key_sched/K_reg_reg_85_ angle: 0 side: N Area_Exposed: 1.69685 Perc_Exposed: 37.5243
Instance: key_sched/K_reg_reg_86_ angle: 0 side: N Area_Exposed: 0.6779 Perc_Exposed: 14.9912
Instance: key_sched/K_reg_reg_87_ angle: 0 side: N Area_Exposed: 1.17688 Perc_Exposed: 26.0255
Instance: key_sched/K_reg_reg_88_ angle: 0 side: N Area_Exposed: 0.3949 Perc_Exposed: 8.73286
Instance: key_sched/K_reg_reg_89_ angle: 0 side: N Area_Exposed: 2.15955 Perc_Exposed: 47.7565
Instance: key_sched/K_reg_reg_90_ angle: 0 side: N Area_Exposed: 1.2885 Perc_Exposed: 28.494
Instance: key_sched/K_reg_reg_91_ angle: 0 side: N Area_Exposed: 0.8024 Perc_Exposed: 17.7444
Instance: key_sched/K_reg_reg_92_ angle: 0 side: N Area_Exposed: 0.932575 Perc_Exposed: 20.6231
Instance: key_sched/K_reg_reg_93_ angle: 0 side: N Area_Exposed: 1.14403 Perc_Exposed: 25.2991
Instance: key_sched/K_reg_reg_94_ angle: 0 side: N Area_Exposed: 1.31562 Perc_Exposed: 29.0939
Instance: key_sched/K_reg_reg_95_ angle: 0 side: N Area_Exposed: 1.15398 Perc_Exposed: 25.5191
Instance: key_sched/K_reg_reg_96_ angle: 0 side: N Area_Exposed: 1.34697 Perc_Exposed: 29.7872
Instance: key_sched/K_reg_reg_97_ angle: 0 side: N Area_Exposed: 1.22937 Perc_Exposed: 27.1865
Instance: key_sched/K_reg_reg_98_ angle: 0 side: N Area_Exposed: 0.903175 Perc_Exposed: 19.9729
Instance: key_sched/K_reg_reg_99_ angle: 0 side: N Area_Exposed: 1.25545 Perc_Exposed: 27.7632
Instance: key_sched/K_reg_reg_100_ angle: 0 side: N Area_Exposed: 1.11675 Perc_Exposed: 24.6959
Instance: key_sched/K_reg_reg_101_ angle: 0 side: N Area_Exposed: 0.9378 Perc_Exposed: 20.7386
Instance: key_sched/K_reg_reg_102_ angle: 0 side: N Area_Exposed: 1.0526 Perc_Exposed: 23.2773
Instance: key_sched/K_reg_reg_103_ angle: 0 side: N Area_Exposed: 1.18208 Perc_Exposed: 26.1405
Instance: key_sched/K_reg_reg_104_ angle: 0 side: N Area_Exposed: 0.9674 Perc_Exposed: 21.3932
Instance: key_sched/K_reg_reg_105_ angle: 0 side: N Area_Exposed: 0.81355 Perc_Exposed: 17.9909
Instance: key_sched/K_reg_reg_106_ angle: 0 side: N Area_Exposed: 1.65082 Perc_Exposed: 36.5065
Instance: key_sched/K_reg_reg_107_ angle: 0 side: N Area_Exposed: 1.75837 Perc_Exposed: 38.8849
Instance: key_sched/K_reg_reg_108_ angle: 0 side: N Area_Exposed: 1.0369 Perc_Exposed: 22.9301
Instance: key_sched/K_reg_reg_109_ angle: 0 side: N Area_Exposed: 0.7475 Perc_Exposed: 16.5303
Instance: key_sched/K_reg_reg_110_ angle: 0 side: N Area_Exposed: 1.43185 Perc_Exposed: 31.6641
Instance: key_sched/K_reg_reg_111_ angle: 0 side: N Area_Exposed: 0.987875 Perc_Exposed: 21.846
Instance: key_sched/K_reg_reg_112_ angle: 0 side: N Area_Exposed: 1.0677 Perc_Exposed: 23.6112
Instance: key_sched/K_reg_reg_113_ angle: 0 side: N Area_Exposed: 1.00853 Perc_Exposed: 22.3026
Instance: key_sched/K_reg_reg_114_ angle: 0 side: N Area_Exposed: 0.755475 Perc_Exposed: 16.7067
Instance: key_sched/K_reg_reg_115_ angle: 0 side: N Area_Exposed: 1.13285 Perc_Exposed: 25.052
Instance: key_sched/K_reg_reg_116_ angle: 0 side: N Area_Exposed: 1.15192 Perc_Exposed: 25.4738
Instance: key_sched/K_reg_reg_117_ angle: 0 side: N Area_Exposed: 0.7987 Perc_Exposed: 17.6625
Instance: key_sched/K_reg_reg_118_ angle: 0 side: N Area_Exposed: 1.03927 Perc_Exposed: 22.9826
Instance: key_sched/K_reg_reg_119_ angle: 0 side: N Area_Exposed: 0.553525 Perc_Exposed: 12.2407
Instance: key_sched/K_reg_reg_120_ angle: 0 side: N Area_Exposed: 1.3107 Perc_Exposed: 28.985
Instance: key_sched/K_reg_reg_121_ angle: 0 side: N Area_Exposed: 1.95198 Perc_Exposed: 43.1662
Instance: key_sched/K_reg_reg_122_ angle: 0 side: N Area_Exposed: 0.869825 Perc_Exposed: 19.2354
Instance: key_sched/K_reg_reg_123_ angle: 0 side: N Area_Exposed: 1.73912 Perc_Exposed: 38.4592
Instance: key_sched/K_reg_reg_124_ angle: 0 side: N Area_Exposed: 1.24017 Perc_Exposed: 27.4254
Instance: key_sched/K_reg_reg_125_ angle: 0 side: N Area_Exposed: 0.79385 Perc_Exposed: 17.5553
Instance: key_sched/K_reg_reg_126_ angle: 0 side: N Area_Exposed: 1.2958 Perc_Exposed: 28.6555
Instance: key_sched/K_reg_reg_127_ angle: 0 side: N Area_Exposed: 0.709625 Perc_Exposed: 15.6927
Instance: key_sched/Kp_reg_reg_0_ angle: 0 side: N Area_Exposed: 0.707425 Perc_Exposed: 15.6441
Instance: key_sched/Kp_reg_reg_1_ angle: 0 side: N Area_Exposed: 1.02383 Perc_Exposed: 22.641
Instance: key_sched/Kp_reg_reg_2_ angle: 0 side: N Area_Exposed: 1.07823 Perc_Exposed: 23.844
Instance: key_sched/Kp_reg_reg_3_ angle: 0 side: N Area_Exposed: 1.26762 Perc_Exposed: 28.0324
Instance: key_sched/Kp_reg_reg_4_ angle: 0 side: N Area_Exposed: 1.2087 Perc_Exposed: 26.7293
Instance: key_sched/Kp_reg_reg_5_ angle: 0 side: N Area_Exposed: 1.92035 Perc_Exposed: 42.4668
Instance: key_sched/Kp_reg_reg_6_ angle: 0 side: N Area_Exposed: 1.88422 Perc_Exposed: 41.668
Instance: key_sched/Kp_reg_reg_7_ angle: 0 side: N Area_Exposed: 1.47648 Perc_Exposed: 32.6509
Instance: key_sched/Kp_reg_reg_8_ angle: 0 side: N Area_Exposed: 1.474 Perc_Exposed: 32.5962
Instance: key_sched/Kp_reg_reg_9_ angle: 0 side: N Area_Exposed: 1.07552 Perc_Exposed: 23.7843
Instance: key_sched/Kp_reg_reg_10_ angle: 0 side: N Area_Exposed: 0.769225 Perc_Exposed: 17.0107
Instance: key_sched/Kp_reg_reg_11_ angle: 0 side: N Area_Exposed: 0.797325 Perc_Exposed: 17.6321
Instance: key_sched/Kp_reg_reg_12_ angle: 0 side: N Area_Exposed: 0.983225 Perc_Exposed: 21.7431
Instance: key_sched/Kp_reg_reg_13_ angle: 0 side: N Area_Exposed: 1.50307 Perc_Exposed: 33.2392
Instance: key_sched/Kp_reg_reg_14_ angle: 0 side: N Area_Exposed: 0.718 Perc_Exposed: 15.8779
Instance: key_sched/Kp_reg_reg_15_ angle: 0 side: N Area_Exposed: 1.51662 Perc_Exposed: 33.5388
Instance: key_sched/Kp_reg_reg_16_ angle: 0 side: N Area_Exposed: 0.5603 Perc_Exposed: 12.3905
Instance: key_sched/Kp_reg_reg_17_ angle: 0 side: N Area_Exposed: 0.97405 Perc_Exposed: 21.5402
Instance: key_sched/Kp_reg_reg_18_ angle: 0 side: N Area_Exposed: 1.4259 Perc_Exposed: 31.5325
Instance: key_sched/Kp_reg_reg_19_ angle: 0 side: N Area_Exposed: 1.3613 Perc_Exposed: 30.1039
Instance: key_sched/Kp_reg_reg_20_ angle: 0 side: N Area_Exposed: 1.42555 Perc_Exposed: 31.5248
Instance: key_sched/Kp_reg_reg_21_ angle: 0 side: N Area_Exposed: 1.7817 Perc_Exposed: 39.4007
Instance: key_sched/Kp_reg_reg_22_ angle: 0 side: N Area_Exposed: 1.39135 Perc_Exposed: 30.7685
Instance: key_sched/Kp_reg_reg_23_ angle: 0 side: N Area_Exposed: 1.7101 Perc_Exposed: 37.8173
Instance: key_sched/Kp_reg_reg_24_ angle: 0 side: N Area_Exposed: 1.2648 Perc_Exposed: 27.9699
Instance: key_sched/Kp_reg_reg_25_ angle: 0 side: N Area_Exposed: 1.24218 Perc_Exposed: 27.4696
Instance: key_sched/Kp_reg_reg_26_ angle: 0 side: N Area_Exposed: 1.03572 Perc_Exposed: 22.9041
Instance: key_sched/Kp_reg_reg_27_ angle: 0 side: N Area_Exposed: 1.30243 Perc_Exposed: 28.802
Instance: key_sched/Kp_reg_reg_28_ angle: 0 side: N Area_Exposed: 0.947325 Perc_Exposed: 20.9492
Instance: key_sched/Kp_reg_reg_29_ angle: 0 side: N Area_Exposed: 1.32688 Perc_Exposed: 29.3427
Instance: key_sched/Kp_reg_reg_30_ angle: 0 side: N Area_Exposed: 0.99015 Perc_Exposed: 21.8963
Instance: key_sched/Kp_reg_reg_31_ angle: 0 side: N Area_Exposed: 1.77142 Perc_Exposed: 39.1735
Instance: key_sched/Kp_reg_reg_32_ angle: 0 side: N Area_Exposed: 1.52347 Perc_Exposed: 33.6903
Instance: key_sched/Kp_reg_reg_33_ angle: 0 side: N Area_Exposed: 1.76092 Perc_Exposed: 38.9413
Instance: key_sched/Kp_reg_reg_34_ angle: 0 side: N Area_Exposed: 0.9131 Perc_Exposed: 20.1924
Instance: key_sched/Kp_reg_reg_35_ angle: 0 side: N Area_Exposed: 1.44527 Perc_Exposed: 31.961
Instance: key_sched/Kp_reg_reg_36_ angle: 0 side: N Area_Exposed: 2.1551 Perc_Exposed: 47.6581
Instance: key_sched/Kp_reg_reg_37_ angle: 0 side: N Area_Exposed: 1.27648 Perc_Exposed: 28.2281
Instance: key_sched/Kp_reg_reg_38_ angle: 0 side: N Area_Exposed: 1.26902 Perc_Exposed: 28.0634
Instance: key_sched/Kp_reg_reg_39_ angle: 0 side: N Area_Exposed: 0.758625 Perc_Exposed: 16.7763
Instance: key_sched/Kp_reg_reg_40_ angle: 0 side: N Area_Exposed: 0.837 Perc_Exposed: 18.5095
Instance: key_sched/Kp_reg_reg_41_ angle: 0 side: N Area_Exposed: 1.41813 Perc_Exposed: 31.3606
Instance: key_sched/Kp_reg_reg_42_ angle: 0 side: N Area_Exposed: 1.28342 Perc_Exposed: 28.3818
Instance: key_sched/Kp_reg_reg_43_ angle: 0 side: N Area_Exposed: 1.32955 Perc_Exposed: 29.4018
Instance: key_sched/Kp_reg_reg_44_ angle: 0 side: N Area_Exposed: 1.6898 Perc_Exposed: 37.3684
Instance: key_sched/Kp_reg_reg_45_ angle: 0 side: N Area_Exposed: 1.284 Perc_Exposed: 28.3945
Instance: key_sched/Kp_reg_reg_46_ angle: 0 side: N Area_Exposed: 1.08365 Perc_Exposed: 23.964
Instance: key_sched/Kp_reg_reg_47_ angle: 0 side: N Area_Exposed: 2.01575 Perc_Exposed: 44.5765
Instance: key_sched/Kp_reg_reg_48_ angle: 0 side: N Area_Exposed: 1.5148 Perc_Exposed: 33.4985
Instance: key_sched/Kp_reg_reg_49_ angle: 0 side: N Area_Exposed: 1.25652 Perc_Exposed: 27.7869
Instance: key_sched/Kp_reg_reg_50_ angle: 0 side: N Area_Exposed: 2.55872 Perc_Exposed: 56.5839
Instance: key_sched/Kp_reg_reg_51_ angle: 0 side: N Area_Exposed: 1.11617 Perc_Exposed: 24.6832
Instance: key_sched/Kp_reg_reg_52_ angle: 0 side: N Area_Exposed: 1.01265 Perc_Exposed: 22.3939
Instance: key_sched/Kp_reg_reg_53_ angle: 0 side: N Area_Exposed: 1.39302 Perc_Exposed: 30.8055
Instance: key_sched/Kp_reg_reg_54_ angle: 0 side: N Area_Exposed: 1.21903 Perc_Exposed: 26.9577
Instance: key_sched/Kp_reg_reg_55_ angle: 0 side: N Area_Exposed: 1.32445 Perc_Exposed: 29.289
Instance: key_sched/Kp_reg_reg_56_ angle: 0 side: N Area_Exposed: 1.41153 Perc_Exposed: 31.2146
Instance: key_sched/Kp_reg_reg_57_ angle: 0 side: N Area_Exposed: 1.3162 Perc_Exposed: 29.1066
Instance: key_sched/Kp_reg_reg_58_ angle: 0 side: N Area_Exposed: 1.2205 Perc_Exposed: 26.9903
Instance: key_sched/Kp_reg_reg_59_ angle: 0 side: N Area_Exposed: 0.767325 Perc_Exposed: 16.9687
Instance: key_sched/Kp_reg_reg_60_ angle: 0 side: N Area_Exposed: 1.29947 Perc_Exposed: 28.7367
Instance: key_sched/Kp_reg_reg_61_ angle: 0 side: N Area_Exposed: 1.17603 Perc_Exposed: 26.0067
Instance: key_sched/Kp_reg_reg_62_ angle: 0 side: N Area_Exposed: 1.56815 Perc_Exposed: 34.6782
Instance: key_sched/Kp_reg_reg_63_ angle: 0 side: N Area_Exposed: 1.97025 Perc_Exposed: 43.5703
Instance: key_sched/Kp_reg_reg_64_ angle: 0 side: N Area_Exposed: 0.9875 Perc_Exposed: 21.8377
Instance: key_sched/Kp_reg_reg_65_ angle: 0 side: N Area_Exposed: 1.54458 Perc_Exposed: 34.1569
Instance: key_sched/Kp_reg_reg_66_ angle: 0 side: N Area_Exposed: 0.9643 Perc_Exposed: 21.3246
Instance: key_sched/Kp_reg_reg_67_ angle: 0 side: N Area_Exposed: 1.7778 Perc_Exposed: 39.3145
Instance: key_sched/Kp_reg_reg_68_ angle: 0 side: N Area_Exposed: 1.17128 Perc_Exposed: 25.9017
Instance: key_sched/Kp_reg_reg_69_ angle: 0 side: N Area_Exposed: 2.16192 Perc_Exposed: 47.809
Instance: key_sched/Kp_reg_reg_70_ angle: 0 side: N Area_Exposed: 1.51917 Perc_Exposed: 33.5952
Instance: key_sched/Kp_reg_reg_71_ angle: 0 side: N Area_Exposed: 0.79485 Perc_Exposed: 17.5774
Instance: key_sched/Kp_reg_reg_72_ angle: 0 side: N Area_Exposed: 1.3735 Perc_Exposed: 30.3737
Instance: key_sched/Kp_reg_reg_73_ angle: 0 side: N Area_Exposed: 0.770275 Perc_Exposed: 17.0339
Instance: key_sched/Kp_reg_reg_74_ angle: 0 side: N Area_Exposed: 1.24662 Perc_Exposed: 27.568
Instance: key_sched/Kp_reg_reg_75_ angle: 0 side: N Area_Exposed: 0.750675 Perc_Exposed: 16.6005
Instance: key_sched/Kp_reg_reg_76_ angle: 0 side: N Area_Exposed: 1.77782 Perc_Exposed: 39.315
Instance: key_sched/Kp_reg_reg_77_ angle: 0 side: N Area_Exposed: 1.21992 Perc_Exposed: 26.9776
Instance: key_sched/Kp_reg_reg_78_ angle: 0 side: N Area_Exposed: 1.18547 Perc_Exposed: 26.2157
Instance: key_sched/Kp_reg_reg_79_ angle: 0 side: N Area_Exposed: 1.35572 Perc_Exposed: 29.9807
Instance: key_sched/Kp_reg_reg_80_ angle: 0 side: N Area_Exposed: 1.16975 Perc_Exposed: 25.868
Instance: key_sched/Kp_reg_reg_81_ angle: 0 side: N Area_Exposed: 1.01142 Perc_Exposed: 22.3668
Instance: key_sched/Kp_reg_reg_82_ angle: 0 side: N Area_Exposed: 1.32107 Perc_Exposed: 29.2144
Instance: key_sched/Kp_reg_reg_83_ angle: 0 side: N Area_Exposed: 1.48475 Perc_Exposed: 32.8339
Instance: key_sched/Kp_reg_reg_84_ angle: 0 side: N Area_Exposed: 1.40322 Perc_Exposed: 31.0311
Instance: key_sched/Kp_reg_reg_85_ angle: 0 side: N Area_Exposed: 1.16947 Perc_Exposed: 25.8619
Instance: key_sched/Kp_reg_reg_86_ angle: 0 side: N Area_Exposed: 0.70595 Perc_Exposed: 15.6115
Instance: key_sched/Kp_reg_reg_87_ angle: 0 side: N Area_Exposed: 0.88295 Perc_Exposed: 19.5257
Instance: key_sched/Kp_reg_reg_88_ angle: 0 side: N Area_Exposed: 0.889175 Perc_Exposed: 19.6633
Instance: key_sched/Kp_reg_reg_89_ angle: 0 side: N Area_Exposed: 1.02935 Perc_Exposed: 22.7632
Instance: key_sched/Kp_reg_reg_90_ angle: 0 side: N Area_Exposed: 0.853425 Perc_Exposed: 18.8727
Instance: key_sched/Kp_reg_reg_91_ angle: 0 side: N Area_Exposed: 1.261 Perc_Exposed: 27.8859
Instance: key_sched/Kp_reg_reg_92_ angle: 0 side: N Area_Exposed: 1.55808 Perc_Exposed: 34.4554
Instance: key_sched/Kp_reg_reg_93_ angle: 0 side: N Area_Exposed: 1.1951 Perc_Exposed: 26.4286
Instance: key_sched/Kp_reg_reg_94_ angle: 0 side: N Area_Exposed: 0.770825 Perc_Exposed: 17.0461
Instance: key_sched/Kp_reg_reg_95_ angle: 0 side: N Area_Exposed: 1.23025 Perc_Exposed: 27.2059
Instance: key_sched/Kp_reg_reg_96_ angle: 0 side: N Area_Exposed: 1.93692 Perc_Exposed: 42.8334
Instance: key_sched/Kp_reg_reg_97_ angle: 0 side: N Area_Exposed: 1.60045 Perc_Exposed: 35.3925
Instance: key_sched/Kp_reg_reg_98_ angle: 0 side: N Area_Exposed: 1.05168 Perc_Exposed: 23.2569
Instance: key_sched/Kp_reg_reg_99_ angle: 0 side: N Area_Exposed: 1.93885 Perc_Exposed: 42.8759
Instance: key_sched/Kp_reg_reg_100_ angle: 0 side: N Area_Exposed: 2.59362 Perc_Exposed: 57.3557
Instance: key_sched/Kp_reg_reg_101_ angle: 0 side: N Area_Exposed: 0.84975 Perc_Exposed: 18.7915
Instance: key_sched/Kp_reg_reg_102_ angle: 0 side: N Area_Exposed: 2.07892 Perc_Exposed: 45.9736
Instance: key_sched/Kp_reg_reg_103_ angle: 0 side: N Area_Exposed: 0.542775 Perc_Exposed: 12.003
Instance: key_sched/Kp_reg_reg_104_ angle: 0 side: N Area_Exposed: 1.2143 Perc_Exposed: 26.8532
Instance: key_sched/Kp_reg_reg_105_ angle: 0 side: N Area_Exposed: 1.67832 Perc_Exposed: 37.1147
Instance: key_sched/Kp_reg_reg_106_ angle: 0 side: N Area_Exposed: 1.01273 Perc_Exposed: 22.3955
Instance: key_sched/Kp_reg_reg_107_ angle: 0 side: N Area_Exposed: 1.91445 Perc_Exposed: 42.3364
Instance: key_sched/Kp_reg_reg_108_ angle: 0 side: N Area_Exposed: 1.1044 Perc_Exposed: 24.4228
Instance: key_sched/Kp_reg_reg_109_ angle: 0 side: N Area_Exposed: 1.37532 Perc_Exposed: 30.4141
Instance: key_sched/Kp_reg_reg_110_ angle: 0 side: N Area_Exposed: 1.10245 Perc_Exposed: 24.3797
Instance: key_sched/Kp_reg_reg_111_ angle: 0 side: N Area_Exposed: 1.63615 Perc_Exposed: 36.182
Instance: key_sched/Kp_reg_reg_112_ angle: 0 side: N Area_Exposed: 0.94885 Perc_Exposed: 20.983
Instance: key_sched/Kp_reg_reg_113_ angle: 0 side: N Area_Exposed: 1.9139 Perc_Exposed: 42.3242
Instance: key_sched/Kp_reg_reg_114_ angle: 0 side: N Area_Exposed: 1.34095 Perc_Exposed: 29.6539
Instance: key_sched/Kp_reg_reg_115_ angle: 0 side: N Area_Exposed: 1.53175 Perc_Exposed: 33.8733
Instance: key_sched/Kp_reg_reg_116_ angle: 0 side: N Area_Exposed: 2.32285 Perc_Exposed: 51.3678
Instance: key_sched/Kp_reg_reg_117_ angle: 0 side: N Area_Exposed: 0.793575 Perc_Exposed: 17.5492
Instance: key_sched/Kp_reg_reg_118_ angle: 0 side: N Area_Exposed: 1.46118 Perc_Exposed: 32.3126
Instance: key_sched/Kp_reg_reg_119_ angle: 0 side: N Area_Exposed: 0.89075 Perc_Exposed: 19.6981
Instance: key_sched/Kp_reg_reg_120_ angle: 0 side: N Area_Exposed: 1.0477 Perc_Exposed: 23.169
Instance: key_sched/Kp_reg_reg_121_ angle: 0 side: N Area_Exposed: 1.9098 Perc_Exposed: 42.2335
Instance: key_sched/Kp_reg_reg_122_ angle: 0 side: N Area_Exposed: 0.734425 Perc_Exposed: 16.2412
Instance: key_sched/Kp_reg_reg_123_ angle: 0 side: N Area_Exposed: 0.88025 Perc_Exposed: 19.4659
Instance: key_sched/Kp_reg_reg_124_ angle: 0 side: N Area_Exposed: 1.06605 Perc_Exposed: 23.5747
Instance: key_sched/Kp_reg_reg_125_ angle: 0 side: N Area_Exposed: 1.30332 Perc_Exposed: 28.8219
Instance: key_sched/Kp_reg_reg_126_ angle: 0 side: N Area_Exposed: 0.53955 Perc_Exposed: 11.9317
Instance: key_sched/Kp_reg_reg_127_ angle: 0 side: N Area_Exposed: 1.55997 Perc_Exposed: 34.4975
