Total exposed area across cell assets: 305.761
Max exposure [%] across cell assets: 75.9697
Avg exposure [%] across cell assets: 52.8253

Instance: key_gen/currentKey_reg_95_ angle: 0 side: N Area_Exposed: 1.71515 Perc_Exposed: 37.929
Instance: key_gen/currentKey_reg_94_ angle: 0 side: N Area_Exposed: 2.68717 Perc_Exposed: 59.4245
Instance: key_gen/currentKey_reg_93_ angle: 0 side: N Area_Exposed: 3.43535 Perc_Exposed: 75.9697
Instance: key_gen/currentKey_reg_92_ angle: 0 side: N Area_Exposed: 2.4652 Perc_Exposed: 54.5157
Instance: key_gen/currentKey_reg_91_ angle: 0 side: N Area_Exposed: 2.43945 Perc_Exposed: 53.9463
Instance: key_gen/currentKey_reg_90_ angle: 0 side: N Area_Exposed: 2.5409 Perc_Exposed: 56.1897
Instance: key_gen/currentKey_reg_89_ angle: 0 side: N Area_Exposed: 1.67277 Perc_Exposed: 36.9919
Instance: key_gen/currentKey_reg_88_ angle: 0 side: N Area_Exposed: 2.63653 Perc_Exposed: 58.3044
Instance: key_gen/currentKey_reg_87_ angle: 0 side: N Area_Exposed: 2.03225 Perc_Exposed: 44.9414
Instance: key_gen/currentKey_reg_86_ angle: 0 side: N Area_Exposed: 1.63738 Perc_Exposed: 36.2091
Instance: key_gen/currentKey_reg_85_ angle: 0 side: N Area_Exposed: 2.56347 Perc_Exposed: 56.689
Instance: key_gen/currentKey_reg_84_ angle: 0 side: N Area_Exposed: 3.1273 Perc_Exposed: 69.1575
Instance: key_gen/currentKey_reg_83_ angle: 0 side: N Area_Exposed: 2.88353 Perc_Exposed: 63.7666
Instance: key_gen/currentKey_reg_82_ angle: 0 side: N Area_Exposed: 3.1058 Perc_Exposed: 68.682
Instance: key_gen/currentKey_reg_81_ angle: 0 side: N Area_Exposed: 2.78275 Perc_Exposed: 61.538
Instance: key_gen/currentKey_reg_80_ angle: 0 side: N Area_Exposed: 2.83038 Perc_Exposed: 62.5912
Instance: key_gen/currentKey_reg_79_ angle: 0 side: N Area_Exposed: 2.5666 Perc_Exposed: 56.7581
Instance: key_gen/currentKey_reg_78_ angle: 0 side: N Area_Exposed: 2.08815 Perc_Exposed: 46.1776
Instance: key_gen/currentKey_reg_77_ angle: 0 side: N Area_Exposed: 2.97773 Perc_Exposed: 65.8497
Instance: key_gen/currentKey_reg_76_ angle: 0 side: N Area_Exposed: 1.9904 Perc_Exposed: 44.0159
Instance: key_gen/currentKey_reg_75_ angle: 0 side: N Area_Exposed: 2.09295 Perc_Exposed: 46.2837
Instance: key_gen/currentKey_reg_74_ angle: 0 side: N Area_Exposed: 1.476 Perc_Exposed: 32.6404
Instance: key_gen/currentKey_reg_73_ angle: 0 side: N Area_Exposed: 3.24155 Perc_Exposed: 71.684
Instance: key_gen/currentKey_reg_72_ angle: 0 side: N Area_Exposed: 3.29415 Perc_Exposed: 72.8472
Instance: key_gen/currentKey_reg_71_ angle: 0 side: N Area_Exposed: 2.17315 Perc_Exposed: 48.0573
Instance: key_gen/currentKey_reg_70_ angle: 0 side: N Area_Exposed: 2.3008 Perc_Exposed: 50.8801
Instance: key_gen/currentKey_reg_69_ angle: 0 side: N Area_Exposed: 2.77145 Perc_Exposed: 61.2881
Instance: key_gen/currentKey_reg_68_ angle: 0 side: N Area_Exposed: 2.561 Perc_Exposed: 56.6342
Instance: key_gen/currentKey_reg_67_ angle: 0 side: N Area_Exposed: 2.48345 Perc_Exposed: 54.9193
Instance: key_gen/currentKey_reg_66_ angle: 0 side: N Area_Exposed: 2.2618 Perc_Exposed: 50.0177
Instance: key_gen/currentKey_reg_65_ angle: 0 side: N Area_Exposed: 2.69045 Perc_Exposed: 59.4969
Instance: key_gen/currentKey_reg_64_ angle: 0 side: N Area_Exposed: 2.55563 Perc_Exposed: 56.5154
Instance: key_gen/currentKey_reg_127_ angle: 0 side: N Area_Exposed: 2.4138 Perc_Exposed: 53.379
Instance: key_gen/currentKey_reg_31_ angle: 0 side: N Area_Exposed: 1.92935 Perc_Exposed: 42.6659
Instance: key_gen/currentKey_reg_63_ angle: 0 side: N Area_Exposed: 1.67495 Perc_Exposed: 37.04
Instance: key_gen/currentKey_reg_126_ angle: 0 side: N Area_Exposed: 2.08852 Perc_Exposed: 46.1859
Instance: key_gen/currentKey_reg_30_ angle: 0 side: N Area_Exposed: 1.7646 Perc_Exposed: 39.0226
Instance: key_gen/currentKey_reg_62_ angle: 0 side: N Area_Exposed: 1.9784 Perc_Exposed: 43.7506
Instance: key_gen/currentKey_reg_125_ angle: 0 side: N Area_Exposed: 1.65613 Perc_Exposed: 36.6237
Instance: key_gen/currentKey_reg_29_ angle: 0 side: N Area_Exposed: 2.1379 Perc_Exposed: 47.2778
Instance: key_gen/currentKey_reg_61_ angle: 0 side: N Area_Exposed: 2.5255 Perc_Exposed: 55.8492
Instance: key_gen/currentKey_reg_124_ angle: 0 side: N Area_Exposed: 2.76825 Perc_Exposed: 61.2174
Instance: key_gen/currentKey_reg_28_ angle: 0 side: N Area_Exposed: 2.5988 Perc_Exposed: 57.4701
Instance: key_gen/currentKey_reg_60_ angle: 0 side: N Area_Exposed: 1.3286 Perc_Exposed: 29.3808
Instance: key_gen/currentKey_reg_123_ angle: 0 side: N Area_Exposed: 3.0216 Perc_Exposed: 66.82
Instance: key_gen/currentKey_reg_27_ angle: 0 side: N Area_Exposed: 2.5416 Perc_Exposed: 56.2052
Instance: key_gen/currentKey_reg_59_ angle: 0 side: N Area_Exposed: 3.06758 Perc_Exposed: 67.8367
Instance: key_gen/currentKey_reg_122_ angle: 0 side: N Area_Exposed: 3.2125 Perc_Exposed: 71.0416
Instance: key_gen/currentKey_reg_26_ angle: 0 side: N Area_Exposed: 2.83078 Perc_Exposed: 62.6001
Instance: key_gen/currentKey_reg_58_ angle: 0 side: N Area_Exposed: 2.06345 Perc_Exposed: 45.6314
Instance: key_gen/currentKey_reg_121_ angle: 0 side: N Area_Exposed: 3.16755 Perc_Exposed: 70.0475
Instance: key_gen/currentKey_reg_25_ angle: 0 side: N Area_Exposed: 2.31865 Perc_Exposed: 51.2749
Instance: key_gen/currentKey_reg_57_ angle: 0 side: N Area_Exposed: 2.5288 Perc_Exposed: 55.9222
Instance: key_gen/currentKey_reg_120_ angle: 0 side: N Area_Exposed: 2.9056 Perc_Exposed: 64.2548
Instance: key_gen/currentKey_reg_24_ angle: 0 side: N Area_Exposed: 1.95648 Perc_Exposed: 43.2657
Instance: key_gen/currentKey_reg_56_ angle: 0 side: N Area_Exposed: 2.00262 Perc_Exposed: 44.2863
Instance: key_gen/currentKey_reg_119_ angle: 0 side: N Area_Exposed: 2.89725 Perc_Exposed: 64.0701
Instance: key_gen/currentKey_reg_23_ angle: 0 side: N Area_Exposed: 1.60265 Perc_Exposed: 35.4412
Instance: key_gen/currentKey_reg_55_ angle: 0 side: N Area_Exposed: 1.9491 Perc_Exposed: 43.1026
Instance: key_gen/currentKey_reg_118_ angle: 0 side: N Area_Exposed: 2.0171 Perc_Exposed: 44.6064
Instance: key_gen/currentKey_reg_22_ angle: 0 side: N Area_Exposed: 2.52765 Perc_Exposed: 55.8967
Instance: key_gen/currentKey_reg_54_ angle: 0 side: N Area_Exposed: 1.51295 Perc_Exposed: 33.4575
Instance: key_gen/currentKey_reg_117_ angle: 0 side: N Area_Exposed: 2.46497 Perc_Exposed: 54.5107
Instance: key_gen/currentKey_reg_21_ angle: 0 side: N Area_Exposed: 2.16922 Perc_Exposed: 47.9705
Instance: key_gen/currentKey_reg_53_ angle: 0 side: N Area_Exposed: 1.54315 Perc_Exposed: 34.1254
Instance: key_gen/currentKey_reg_116_ angle: 0 side: N Area_Exposed: 2.57535 Perc_Exposed: 56.9516
Instance: key_gen/currentKey_reg_20_ angle: 0 side: N Area_Exposed: 2.96855 Perc_Exposed: 65.6468
Instance: key_gen/currentKey_reg_52_ angle: 0 side: N Area_Exposed: 2.70512 Perc_Exposed: 59.8214
Instance: key_gen/currentKey_reg_115_ angle: 0 side: N Area_Exposed: 2.12857 Perc_Exposed: 47.0715
Instance: key_gen/currentKey_reg_19_ angle: 0 side: N Area_Exposed: 1.83123 Perc_Exposed: 40.4959
Instance: key_gen/currentKey_reg_51_ angle: 0 side: N Area_Exposed: 2.07128 Perc_Exposed: 45.8044
Instance: key_gen/currentKey_reg_114_ angle: 0 side: N Area_Exposed: 1.8507 Perc_Exposed: 40.9266
Instance: key_gen/currentKey_reg_18_ angle: 0 side: N Area_Exposed: 1.36748 Perc_Exposed: 30.2405
Instance: key_gen/currentKey_reg_50_ angle: 0 side: N Area_Exposed: 2.26872 Perc_Exposed: 50.1708
Instance: key_gen/currentKey_reg_113_ angle: 0 side: N Area_Exposed: 2.4045 Perc_Exposed: 53.1734
Instance: key_gen/currentKey_reg_17_ angle: 0 side: N Area_Exposed: 2.31263 Perc_Exposed: 51.1416
Instance: key_gen/currentKey_reg_49_ angle: 0 side: N Area_Exposed: 2.50543 Perc_Exposed: 55.4052
Instance: key_gen/currentKey_reg_112_ angle: 0 side: N Area_Exposed: 2.4114 Perc_Exposed: 53.326
Instance: key_gen/currentKey_reg_16_ angle: 0 side: N Area_Exposed: 2.7948 Perc_Exposed: 61.8045
Instance: key_gen/currentKey_reg_48_ angle: 0 side: N Area_Exposed: 2.55963 Perc_Exposed: 56.6038
Instance: key_gen/currentKey_reg_15_ angle: 0 side: N Area_Exposed: 1.7162 Perc_Exposed: 37.9522
Instance: key_gen/currentKey_reg_47_ angle: 0 side: N Area_Exposed: 2.608 Perc_Exposed: 57.6736
Instance: key_gen/currentKey_reg_14_ angle: 0 side: N Area_Exposed: 2.111 Perc_Exposed: 46.6829
Instance: key_gen/currentKey_reg_46_ angle: 0 side: N Area_Exposed: 2.6658 Perc_Exposed: 58.9518
Instance: key_gen/currentKey_reg_13_ angle: 0 side: N Area_Exposed: 1.69833 Perc_Exposed: 37.5569
Instance: key_gen/currentKey_reg_45_ angle: 0 side: N Area_Exposed: 2.14385 Perc_Exposed: 47.4093
Instance: key_gen/currentKey_reg_12_ angle: 0 side: N Area_Exposed: 2.02115 Perc_Exposed: 44.6959
Instance: key_gen/currentKey_reg_44_ angle: 0 side: N Area_Exposed: 2.49895 Perc_Exposed: 55.2621
Instance: key_gen/currentKey_reg_11_ angle: 0 side: N Area_Exposed: 2.38235 Perc_Exposed: 52.6835
Instance: key_gen/currentKey_reg_43_ angle: 0 side: N Area_Exposed: 2.45515 Perc_Exposed: 54.2935
Instance: key_gen/currentKey_reg_10_ angle: 0 side: N Area_Exposed: 2.44485 Perc_Exposed: 54.0657
Instance: key_gen/currentKey_reg_42_ angle: 0 side: N Area_Exposed: 2.4272 Perc_Exposed: 53.6754
Instance: key_gen/currentKey_reg_9_ angle: 0 side: N Area_Exposed: 2.62177 Perc_Exposed: 57.9782
Instance: key_gen/currentKey_reg_41_ angle: 0 side: N Area_Exposed: 2.17585 Perc_Exposed: 48.117
Instance: key_gen/currentKey_reg_8_ angle: 0 side: N Area_Exposed: 2.50568 Perc_Exposed: 55.4108
Instance: key_gen/currentKey_reg_40_ angle: 0 side: N Area_Exposed: 2.40995 Perc_Exposed: 53.2939
Instance: key_gen/currentKey_reg_7_ angle: 0 side: N Area_Exposed: 1.94237 Perc_Exposed: 42.9539
Instance: key_gen/currentKey_reg_39_ angle: 0 side: N Area_Exposed: 2.162 Perc_Exposed: 47.8107
Instance: key_gen/currentKey_reg_6_ angle: 0 side: N Area_Exposed: 2.52867 Perc_Exposed: 55.9194
Instance: key_gen/currentKey_reg_38_ angle: 0 side: N Area_Exposed: 2.7198 Perc_Exposed: 60.146
Instance: key_gen/currentKey_reg_5_ angle: 0 side: N Area_Exposed: 2.40795 Perc_Exposed: 53.2497
Instance: key_gen/currentKey_reg_37_ angle: 0 side: N Area_Exposed: 2.13512 Perc_Exposed: 47.2164
Instance: key_gen/currentKey_reg_4_ angle: 0 side: N Area_Exposed: 2.95498 Perc_Exposed: 65.3466
Instance: key_gen/currentKey_reg_36_ angle: 0 side: N Area_Exposed: 2.98107 Perc_Exposed: 65.9238
Instance: key_gen/currentKey_reg_3_ angle: 0 side: N Area_Exposed: 2.63115 Perc_Exposed: 58.1855
Instance: key_gen/currentKey_reg_35_ angle: 0 side: N Area_Exposed: 3.00103 Perc_Exposed: 66.365
Instance: key_gen/currentKey_reg_2_ angle: 0 side: N Area_Exposed: 2.34093 Perc_Exposed: 51.7675
Instance: key_gen/currentKey_reg_34_ angle: 0 side: N Area_Exposed: 1.9596 Perc_Exposed: 43.3348
Instance: key_gen/currentKey_reg_1_ angle: 0 side: N Area_Exposed: 2.82602 Perc_Exposed: 62.495
Instance: key_gen/currentKey_reg_33_ angle: 0 side: N Area_Exposed: 2.27925 Perc_Exposed: 50.4036
Instance: key_gen/currentKey_reg_0_ angle: 0 side: N Area_Exposed: 1.06257 Perc_Exposed: 23.4979
Instance: key_gen/currentKey_reg_32_ angle: 0 side: N Area_Exposed: 1.74348 Perc_Exposed: 38.5554
Instance: key_gen/currentKey_reg_111_ angle: 0 side: N Area_Exposed: 2.40825 Perc_Exposed: 53.2563
Instance: key_gen/currentKey_reg_110_ angle: 0 side: N Area_Exposed: 2.36148 Perc_Exposed: 52.2219
Instance: key_gen/currentKey_reg_109_ angle: 0 side: N Area_Exposed: 3.1161 Perc_Exposed: 68.9098
Instance: key_gen/currentKey_reg_108_ angle: 0 side: N Area_Exposed: 2.86555 Perc_Exposed: 63.3691
Instance: key_gen/currentKey_reg_107_ angle: 0 side: N Area_Exposed: 2.58095 Perc_Exposed: 57.0754
Instance: key_gen/currentKey_reg_106_ angle: 0 side: N Area_Exposed: 1.81805 Perc_Exposed: 40.2046
Instance: key_gen/currentKey_reg_105_ angle: 0 side: N Area_Exposed: 3.0307 Perc_Exposed: 67.0212
Instance: key_gen/currentKey_reg_104_ angle: 0 side: N Area_Exposed: 2.83747 Perc_Exposed: 62.7482
Instance: key_gen/currentKey_reg_103_ angle: 0 side: N Area_Exposed: 1.98357 Perc_Exposed: 43.865
Instance: key_gen/currentKey_reg_102_ angle: 0 side: N Area_Exposed: 2.47225 Perc_Exposed: 54.6716
Instance: key_gen/currentKey_reg_101_ angle: 0 side: N Area_Exposed: 2.7275 Perc_Exposed: 60.3162
Instance: key_gen/currentKey_reg_100_ angle: 0 side: N Area_Exposed: 1.95405 Perc_Exposed: 43.2121
Instance: key_gen/currentKey_reg_99_ angle: 0 side: N Area_Exposed: 2.45515 Perc_Exposed: 54.2935
Instance: key_gen/currentKey_reg_98_ angle: 0 side: N Area_Exposed: 2.93383 Perc_Exposed: 64.8789
Instance: key_gen/currentKey_reg_97_ angle: 0 side: N Area_Exposed: 3.11635 Perc_Exposed: 68.9153
Instance: key_gen/currentKey_reg_96_ angle: 0 side: N Area_Exposed: 2.53583 Perc_Exposed: 56.0775
