Total exposed area across cell assets: 481.933
Max exposure [%] across cell assets: 81.402
Avg exposure [%] across cell assets: 40.2171

Instance: sequencer/state_reg_2_ angle: 0 side: N Area_Exposed: 3.681 Perc_Exposed: 81.402
Instance: sequencer/state_reg_0_ angle: 0 side: N Area_Exposed: 3.33285 Perc_Exposed: 73.703
Instance: sequencer/round_reg_1_ angle: 0 side: N Area_Exposed: 3.6215 Perc_Exposed: 80.0862
Instance: sequencer/round_reg_2_ angle: 0 side: N Area_Exposed: 2.7806 Perc_Exposed: 61.4905
Instance: sequencer/round_reg_3_ angle: 0 side: N Area_Exposed: 3.6397 Perc_Exposed: 80.4887
Instance: sequencer/round_reg_4_ angle: 0 side: N Area_Exposed: 3.2456 Perc_Exposed: 71.7736
Instance: sequencer/round_reg_0_ angle: 0 side: N Area_Exposed: 2.86782 Perc_Exposed: 63.4194
Instance: sequencer/state_reg_3_ angle: 0 side: N Area_Exposed: 2.07028 Perc_Exposed: 45.7823
Instance: sequencer/state_reg_1_ angle: 0 side: N Area_Exposed: 3.42025 Perc_Exposed: 75.6358
Instance: key_scheduler/ka_reg_96_ angle: 0 side: N Area_Exposed: 1.24182 Perc_Exposed: 27.4619
Instance: key_scheduler/ka_reg_17_ angle: 0 side: N Area_Exposed: 2.39963 Perc_Exposed: 53.0656
Instance: key_scheduler/ka_reg_28_ angle: 0 side: N Area_Exposed: 1.7411 Perc_Exposed: 38.5029
Instance: key_scheduler/ka_reg_13_ angle: 0 side: N Area_Exposed: 2.08952 Perc_Exposed: 46.208
Instance: key_scheduler/ka_reg_15_ angle: 0 side: N Area_Exposed: 1.12075 Perc_Exposed: 24.7844
Instance: key_scheduler/ka_reg_126_ angle: 0 side: N Area_Exposed: 1.78337 Perc_Exposed: 39.4377
Instance: key_scheduler/ka_reg_109_ angle: 0 side: N Area_Exposed: 1.0316 Perc_Exposed: 22.8129
Instance: key_scheduler/ka_reg_124_ angle: 0 side: N Area_Exposed: 1.67225 Perc_Exposed: 36.9803
Instance: key_scheduler/ka_reg_11_ angle: 0 side: N Area_Exposed: 0.8447 Perc_Exposed: 18.6798
Instance: key_scheduler/ka_reg_26_ angle: 0 side: N Area_Exposed: 1.8524 Perc_Exposed: 40.9642
Instance: key_scheduler/ka_reg_9_ angle: 0 side: N Area_Exposed: 1.59713 Perc_Exposed: 35.319
Instance: key_scheduler/ka_reg_24_ angle: 0 side: N Area_Exposed: 1.19805 Perc_Exposed: 26.4938
Instance: key_scheduler/ka_reg_7_ angle: 0 side: N Area_Exposed: 1.6087 Perc_Exposed: 35.575
Instance: key_scheduler/ka_reg_22_ angle: 0 side: N Area_Exposed: 1.85155 Perc_Exposed: 40.9454
Instance: key_scheduler/ka_reg_5_ angle: 0 side: N Area_Exposed: 1.73692 Perc_Exposed: 38.4105
Instance: key_scheduler/ka_reg_20_ angle: 0 side: N Area_Exposed: 2.177 Perc_Exposed: 48.1424
Instance: key_scheduler/ka_reg_3_ angle: 0 side: N Area_Exposed: 1.4561 Perc_Exposed: 32.2004
Instance: key_scheduler/ka_reg_18_ angle: 0 side: N Area_Exposed: 2.3557 Perc_Exposed: 52.0942
Instance: key_scheduler/ka_reg_1_ angle: 0 side: N Area_Exposed: 1.5279 Perc_Exposed: 33.7881
Instance: key_scheduler/ka_reg_16_ angle: 0 side: N Area_Exposed: 1.5762 Perc_Exposed: 34.8563
Instance: key_scheduler/ka_reg_127_ angle: 0 side: N Area_Exposed: 1.34625 Perc_Exposed: 29.7711
Instance: key_scheduler/ka_reg_14_ angle: 0 side: N Area_Exposed: 1.49035 Perc_Exposed: 32.9578
Instance: key_scheduler/ka_reg_29_ angle: 0 side: N Area_Exposed: 2.0927 Perc_Exposed: 46.2782
Instance: key_scheduler/ka_reg_12_ angle: 0 side: N Area_Exposed: 1.52133 Perc_Exposed: 33.6427
Instance: key_scheduler/ka_reg_27_ angle: 0 side: N Area_Exposed: 1.59075 Perc_Exposed: 35.178
Instance: key_scheduler/ka_reg_10_ angle: 0 side: N Area_Exposed: 1.61383 Perc_Exposed: 35.6883
Instance: key_scheduler/ka_reg_25_ angle: 0 side: N Area_Exposed: 1.73648 Perc_Exposed: 38.4006
Instance: key_scheduler/ka_reg_8_ angle: 0 side: N Area_Exposed: 1.57475 Perc_Exposed: 34.8242
Instance: key_scheduler/ka_reg_23_ angle: 0 side: N Area_Exposed: 1.84542 Perc_Exposed: 40.8099
Instance: key_scheduler/ka_reg_6_ angle: 0 side: N Area_Exposed: 1.59343 Perc_Exposed: 35.2372
Instance: key_scheduler/ka_reg_21_ angle: 0 side: N Area_Exposed: 1.75683 Perc_Exposed: 38.8506
Instance: key_scheduler/ka_reg_4_ angle: 0 side: N Area_Exposed: 1.6176 Perc_Exposed: 35.7718
Instance: key_scheduler/ka_reg_19_ angle: 0 side: N Area_Exposed: 0.93915 Perc_Exposed: 20.7685
Instance: key_scheduler/ka_reg_2_ angle: 0 side: N Area_Exposed: 1.7605 Perc_Exposed: 38.9319
Instance: key_scheduler/ka_reg_113_ angle: 0 side: N Area_Exposed: 1.26163 Perc_Exposed: 27.8997
Instance: key_scheduler/ka_reg_98_ angle: 0 side: N Area_Exposed: 1.68145 Perc_Exposed: 37.1838
Instance: key_scheduler/ka_reg_115_ angle: 0 side: N Area_Exposed: 1.99705 Perc_Exposed: 44.163
Instance: key_scheduler/ka_reg_100_ angle: 0 side: N Area_Exposed: 2.57155 Perc_Exposed: 56.8675
Instance: key_scheduler/ka_reg_117_ angle: 0 side: N Area_Exposed: 2.06925 Perc_Exposed: 45.7596
Instance: key_scheduler/ka_reg_102_ angle: 0 side: N Area_Exposed: 1.2801 Perc_Exposed: 28.3083
Instance: key_scheduler/ka_reg_119_ angle: 0 side: N Area_Exposed: 2.23692 Perc_Exposed: 49.4676
Instance: key_scheduler/ka_reg_104_ angle: 0 side: N Area_Exposed: 1.80638 Perc_Exposed: 39.9464
Instance: key_scheduler/ka_reg_121_ angle: 0 side: N Area_Exposed: 1.51903 Perc_Exposed: 33.5919
Instance: key_scheduler/ka_reg_106_ angle: 0 side: N Area_Exposed: 1.2863 Perc_Exposed: 28.4454
Instance: key_scheduler/ka_reg_123_ angle: 0 side: N Area_Exposed: 1.35025 Perc_Exposed: 29.8596
Instance: key_scheduler/ka_reg_108_ angle: 0 side: N Area_Exposed: 1.55563 Perc_Exposed: 34.4013
Instance: key_scheduler/ka_reg_125_ angle: 0 side: N Area_Exposed: 2.28682 Perc_Exposed: 50.5711
Instance: key_scheduler/ka_reg_110_ angle: 0 side: N Area_Exposed: 1.83458 Perc_Exposed: 40.57
Instance: key_scheduler/ka_reg_95_ angle: 0 side: N Area_Exposed: 1.38197 Perc_Exposed: 30.5611
Instance: key_scheduler/ka_reg_112_ angle: 0 side: N Area_Exposed: 1.75927 Perc_Exposed: 38.9048
Instance: key_scheduler/ka_reg_97_ angle: 0 side: N Area_Exposed: 1.43622 Perc_Exposed: 31.7608
Instance: key_scheduler/ka_reg_114_ angle: 0 side: N Area_Exposed: 1.466 Perc_Exposed: 32.4193
Instance: key_scheduler/ka_reg_99_ angle: 0 side: N Area_Exposed: 1.69135 Perc_Exposed: 37.4027
Instance: key_scheduler/ka_reg_116_ angle: 0 side: N Area_Exposed: 1.49862 Perc_Exposed: 33.1408
Instance: key_scheduler/ka_reg_101_ angle: 0 side: N Area_Exposed: 2.30288 Perc_Exposed: 50.926
Instance: key_scheduler/ka_reg_118_ angle: 0 side: N Area_Exposed: 1.52327 Perc_Exposed: 33.6859
Instance: key_scheduler/ka_reg_103_ angle: 0 side: N Area_Exposed: 1.42062 Perc_Exposed: 31.4159
Instance: key_scheduler/ka_reg_120_ angle: 0 side: N Area_Exposed: 1.44202 Perc_Exposed: 31.8891
Instance: key_scheduler/ka_reg_105_ angle: 0 side: N Area_Exposed: 2.37903 Perc_Exposed: 52.61
Instance: key_scheduler/ka_reg_122_ angle: 0 side: N Area_Exposed: 2.07225 Perc_Exposed: 45.826
Instance: key_scheduler/ka_reg_107_ angle: 0 side: N Area_Exposed: 1.63003 Perc_Exposed: 36.0466
Instance: key_scheduler/ka_reg_92_ angle: 0 side: N Area_Exposed: 2.30643 Perc_Exposed: 51.0045
Instance: key_scheduler/ka_reg_75_ angle: 0 side: N Area_Exposed: 1.9769 Perc_Exposed: 43.7174
Instance: key_scheduler/ka_reg_90_ angle: 0 side: N Area_Exposed: 1.73833 Perc_Exposed: 38.4415
Instance: key_scheduler/ka_reg_73_ angle: 0 side: N Area_Exposed: 1.90405 Perc_Exposed: 42.1064
Instance: key_scheduler/ka_reg_88_ angle: 0 side: N Area_Exposed: 2.07322 Perc_Exposed: 45.8475
Instance: key_scheduler/ka_reg_71_ angle: 0 side: N Area_Exposed: 1.8886 Perc_Exposed: 41.7647
Instance: key_scheduler/ka_reg_86_ angle: 0 side: N Area_Exposed: 2.12605 Perc_Exposed: 47.0157
Instance: key_scheduler/ka_reg_69_ angle: 0 side: N Area_Exposed: 2.04635 Perc_Exposed: 45.2532
Instance: key_scheduler/ka_reg_84_ angle: 0 side: N Area_Exposed: 1.4607 Perc_Exposed: 32.3021
Instance: key_scheduler/ka_reg_67_ angle: 0 side: N Area_Exposed: 2.44285 Perc_Exposed: 54.0215
Instance: key_scheduler/ka_reg_82_ angle: 0 side: N Area_Exposed: 1.79675 Perc_Exposed: 39.7335
Instance: key_scheduler/ka_reg_65_ angle: 0 side: N Area_Exposed: 1.79277 Perc_Exposed: 39.6456
Instance: key_scheduler/ka_reg_80_ angle: 0 side: N Area_Exposed: 1.88218 Perc_Exposed: 41.6226
Instance: key_scheduler/ka_reg_63_ angle: 0 side: N Area_Exposed: 1.29998 Perc_Exposed: 28.7478
Instance: key_scheduler/ka_reg_78_ angle: 0 side: N Area_Exposed: 1.08565 Perc_Exposed: 24.0082
Instance: key_scheduler/ka_reg_93_ angle: 0 side: N Area_Exposed: 1.9706 Perc_Exposed: 43.5781
Instance: key_scheduler/ka_reg_76_ angle: 0 side: N Area_Exposed: 1.96745 Perc_Exposed: 43.5084
Instance: key_scheduler/ka_reg_91_ angle: 0 side: N Area_Exposed: 1.67157 Perc_Exposed: 36.9654
Instance: key_scheduler/ka_reg_74_ angle: 0 side: N Area_Exposed: 2.12252 Perc_Exposed: 46.9377
Instance: key_scheduler/ka_reg_89_ angle: 0 side: N Area_Exposed: 1.1529 Perc_Exposed: 25.4954
Instance: key_scheduler/ka_reg_72_ angle: 0 side: N Area_Exposed: 1.89422 Perc_Exposed: 41.8891
Instance: key_scheduler/ka_reg_87_ angle: 0 side: N Area_Exposed: 2.14677 Perc_Exposed: 47.474
Instance: key_scheduler/ka_reg_70_ angle: 0 side: N Area_Exposed: 1.95658 Perc_Exposed: 43.2679
Instance: key_scheduler/ka_reg_85_ angle: 0 side: N Area_Exposed: 2.07357 Perc_Exposed: 45.8553
Instance: key_scheduler/ka_reg_68_ angle: 0 side: N Area_Exposed: 2.0048 Perc_Exposed: 44.3344
Instance: key_scheduler/ka_reg_83_ angle: 0 side: N Area_Exposed: 1.37465 Perc_Exposed: 30.3992
Instance: key_scheduler/ka_reg_66_ angle: 0 side: N Area_Exposed: 2.20157 Perc_Exposed: 48.6859
Instance: key_scheduler/ka_reg_81_ angle: 0 side: N Area_Exposed: 1.77788 Perc_Exposed: 39.3161
Instance: key_scheduler/ka_reg_64_ angle: 0 side: N Area_Exposed: 2.0496 Perc_Exposed: 45.3251
Instance: key_scheduler/ka_reg_79_ angle: 0 side: N Area_Exposed: 1.50602 Perc_Exposed: 33.3044
Instance: key_scheduler/ka_reg_62_ angle: 0 side: N Area_Exposed: 2.06502 Perc_Exposed: 45.6662
Instance: key_scheduler/ka_reg_45_ angle: 0 side: N Area_Exposed: 1.82305 Perc_Exposed: 40.3151
Instance: key_scheduler/ka_reg_30_ angle: 0 side: N Area_Exposed: 0.7094 Perc_Exposed: 15.6877
Instance: key_scheduler/ka_reg_47_ angle: 0 side: N Area_Exposed: 1.3939 Perc_Exposed: 30.8249
Instance: key_scheduler/ka_reg_32_ angle: 0 side: N Area_Exposed: 1.01835 Perc_Exposed: 22.5199
Instance: key_scheduler/ka_reg_49_ angle: 0 side: N Area_Exposed: 1.93548 Perc_Exposed: 42.8013
Instance: key_scheduler/ka_reg_34_ angle: 0 side: N Area_Exposed: 1.17297 Perc_Exposed: 25.9393
Instance: key_scheduler/ka_reg_51_ angle: 0 side: N Area_Exposed: 1.6915 Perc_Exposed: 37.406
Instance: key_scheduler/ka_reg_36_ angle: 0 side: N Area_Exposed: 1.2753 Perc_Exposed: 28.2021
Instance: key_scheduler/ka_reg_53_ angle: 0 side: N Area_Exposed: 2.16142 Perc_Exposed: 47.798
Instance: key_scheduler/ka_reg_38_ angle: 0 side: N Area_Exposed: 1.84562 Perc_Exposed: 40.8144
Instance: key_scheduler/ka_reg_55_ angle: 0 side: N Area_Exposed: 1.71763 Perc_Exposed: 37.9837
Instance: key_scheduler/ka_reg_40_ angle: 0 side: N Area_Exposed: 1.53625 Perc_Exposed: 33.9728
Instance: key_scheduler/ka_reg_57_ angle: 0 side: N Area_Exposed: 1.08738 Perc_Exposed: 24.0463
Instance: key_scheduler/ka_reg_42_ angle: 0 side: N Area_Exposed: 1.08498 Perc_Exposed: 23.9933
Instance: key_scheduler/ka_reg_59_ angle: 0 side: N Area_Exposed: 1.86947 Perc_Exposed: 41.3418
Instance: key_scheduler/ka_reg_44_ angle: 0 side: N Area_Exposed: 1.4756 Perc_Exposed: 32.6316
Instance: key_scheduler/ka_reg_61_ angle: 0 side: N Area_Exposed: 1.49073 Perc_Exposed: 32.9661
Instance: key_scheduler/ka_reg_46_ angle: 0 side: N Area_Exposed: 1.92952 Perc_Exposed: 42.6697
Instance: key_scheduler/ka_reg_31_ angle: 0 side: N Area_Exposed: 1.6624 Perc_Exposed: 36.7625
Instance: key_scheduler/ka_reg_48_ angle: 0 side: N Area_Exposed: 1.67847 Perc_Exposed: 37.118
Instance: key_scheduler/ka_reg_33_ angle: 0 side: N Area_Exposed: 1.94435 Perc_Exposed: 42.9976
Instance: key_scheduler/ka_reg_50_ angle: 0 side: N Area_Exposed: 1.09413 Perc_Exposed: 24.1956
Instance: key_scheduler/ka_reg_35_ angle: 0 side: N Area_Exposed: 2.3924 Perc_Exposed: 52.9058
Instance: key_scheduler/ka_reg_52_ angle: 0 side: N Area_Exposed: 1.29682 Perc_Exposed: 28.6781
Instance: key_scheduler/ka_reg_37_ angle: 0 side: N Area_Exposed: 2.4277 Perc_Exposed: 53.6864
Instance: key_scheduler/ka_reg_54_ angle: 0 side: N Area_Exposed: 1.68953 Perc_Exposed: 37.3623
Instance: key_scheduler/ka_reg_39_ angle: 0 side: N Area_Exposed: 1.35852 Perc_Exposed: 30.0426
Instance: key_scheduler/ka_reg_56_ angle: 0 side: N Area_Exposed: 1.73665 Perc_Exposed: 38.4045
Instance: key_scheduler/ka_reg_41_ angle: 0 side: N Area_Exposed: 1.55265 Perc_Exposed: 34.3355
Instance: key_scheduler/ka_reg_58_ angle: 0 side: N Area_Exposed: 2.1762 Perc_Exposed: 48.1247
Instance: key_scheduler/ka_reg_43_ angle: 0 side: N Area_Exposed: 1.94563 Perc_Exposed: 43.0258
Instance: key_scheduler/ka_reg_60_ angle: 0 side: N Area_Exposed: 1.9524 Perc_Exposed: 43.1756
Instance: key_scheduler/ka_reg_77_ angle: 0 side: N Area_Exposed: 1.28998 Perc_Exposed: 28.5266
Instance: key_scheduler/ka_reg_94_ angle: 0 side: N Area_Exposed: 1.98595 Perc_Exposed: 43.9175
Instance: key_scheduler/ka_reg_111_ angle: 0 side: N Area_Exposed: 2.25002 Perc_Exposed: 49.7573
Instance: key_scheduler/ka_reg_0_ angle: 0 side: N Area_Exposed: 1.74805 Perc_Exposed: 38.6566
Instance: key_scheduler/kl_reg_113_ angle: 0 side: N Area_Exposed: 1.82552 Perc_Exposed: 40.3699
Instance: key_scheduler/kl_reg_2_ angle: 0 side: N Area_Exposed: 2.12635 Perc_Exposed: 47.0223
Instance: key_scheduler/kl_reg_115_ angle: 0 side: N Area_Exposed: 1.8521 Perc_Exposed: 40.9575
Instance: key_scheduler/kl_reg_100_ angle: 0 side: N Area_Exposed: 1.93322 Perc_Exposed: 42.7515
Instance: key_scheduler/kl_reg_117_ angle: 0 side: N Area_Exposed: 1.53983 Perc_Exposed: 34.0519
Instance: key_scheduler/kl_reg_102_ angle: 0 side: N Area_Exposed: 2.35508 Perc_Exposed: 52.0804
Instance: key_scheduler/kl_reg_119_ angle: 0 side: N Area_Exposed: 1.65553 Perc_Exposed: 36.6105
Instance: key_scheduler/kl_reg_104_ angle: 0 side: N Area_Exposed: 2.01758 Perc_Exposed: 44.6169
Instance: key_scheduler/kl_reg_121_ angle: 0 side: N Area_Exposed: 2.05925 Perc_Exposed: 45.5385
Instance: key_scheduler/kl_reg_106_ angle: 0 side: N Area_Exposed: 1.44143 Perc_Exposed: 31.8758
Instance: key_scheduler/kl_reg_123_ angle: 0 side: N Area_Exposed: 1.85253 Perc_Exposed: 40.9669
Instance: key_scheduler/kl_reg_108_ angle: 0 side: N Area_Exposed: 1.55457 Perc_Exposed: 34.378
Instance: key_scheduler/kl_reg_125_ angle: 0 side: N Area_Exposed: 2.42027 Perc_Exposed: 53.5222
Instance: key_scheduler/kl_reg_110_ angle: 0 side: N Area_Exposed: 2.1774 Perc_Exposed: 48.1513
Instance: key_scheduler/kl_reg_127_ angle: 0 side: N Area_Exposed: 1.6351 Perc_Exposed: 36.1588
Instance: key_scheduler/kl_reg_112_ angle: 0 side: N Area_Exposed: 1.80098 Perc_Exposed: 39.827
Instance: key_scheduler/kl_reg_1_ angle: 0 side: N Area_Exposed: 2.2403 Perc_Exposed: 49.5422
Instance: key_scheduler/kl_reg_114_ angle: 0 side: N Area_Exposed: 2.04365 Perc_Exposed: 45.1935
Instance: key_scheduler/kl_reg_99_ angle: 0 side: N Area_Exposed: 2.0205 Perc_Exposed: 44.6816
Instance: key_scheduler/kl_reg_116_ angle: 0 side: N Area_Exposed: 2.08427 Perc_Exposed: 46.0919
Instance: key_scheduler/kl_reg_101_ angle: 0 side: N Area_Exposed: 1.82113 Perc_Exposed: 40.2726
Instance: key_scheduler/kl_reg_118_ angle: 0 side: N Area_Exposed: 2.32213 Perc_Exposed: 51.3517
Instance: key_scheduler/kl_reg_103_ angle: 0 side: N Area_Exposed: 3.06453 Perc_Exposed: 67.7692
Instance: key_scheduler/kl_reg_120_ angle: 0 side: N Area_Exposed: 1.44687 Perc_Exposed: 31.9964
Instance: key_scheduler/kl_reg_105_ angle: 0 side: N Area_Exposed: 2.08165 Perc_Exposed: 46.0338
Instance: key_scheduler/kl_reg_122_ angle: 0 side: N Area_Exposed: 2.05665 Perc_Exposed: 45.481
Instance: key_scheduler/kl_reg_107_ angle: 0 side: N Area_Exposed: 1.45535 Perc_Exposed: 32.1838
Instance: key_scheduler/kl_reg_124_ angle: 0 side: N Area_Exposed: 2.1886 Perc_Exposed: 48.3989
Instance: key_scheduler/kl_reg_109_ angle: 0 side: N Area_Exposed: 2.33532 Perc_Exposed: 51.6436
Instance: key_scheduler/kl_reg_126_ angle: 0 side: N Area_Exposed: 1.85495 Perc_Exposed: 41.0206
Instance: key_scheduler/kl_reg_111_ angle: 0 side: N Area_Exposed: 1.6555 Perc_Exposed: 36.6099
Instance: key_scheduler/kl_reg_96_ angle: 0 side: N Area_Exposed: 2.00995 Perc_Exposed: 44.4483
Instance: key_scheduler/kl_reg_81_ angle: 0 side: N Area_Exposed: 1.72115 Perc_Exposed: 38.0617
Instance: key_scheduler/kl_reg_98_ angle: 0 side: N Area_Exposed: 1.93882 Perc_Exposed: 42.8754
Instance: key_scheduler/kl_reg_83_ angle: 0 side: N Area_Exposed: 1.50915 Perc_Exposed: 33.3735
Instance: key_scheduler/kl_reg_68_ angle: 0 side: N Area_Exposed: 2.25245 Perc_Exposed: 49.8109
Instance: key_scheduler/kl_reg_85_ angle: 0 side: N Area_Exposed: 2.19735 Perc_Exposed: 48.5924
Instance: key_scheduler/kl_reg_70_ angle: 0 side: N Area_Exposed: 2.18007 Perc_Exposed: 48.2104
Instance: key_scheduler/kl_reg_87_ angle: 0 side: N Area_Exposed: 1.37815 Perc_Exposed: 30.4766
Instance: key_scheduler/kl_reg_72_ angle: 0 side: N Area_Exposed: 1.9212 Perc_Exposed: 42.4856
Instance: key_scheduler/kl_reg_89_ angle: 0 side: N Area_Exposed: 1.56722 Perc_Exposed: 34.6578
Instance: key_scheduler/kl_reg_74_ angle: 0 side: N Area_Exposed: 2.1656 Perc_Exposed: 47.8903
Instance: key_scheduler/kl_reg_91_ angle: 0 side: N Area_Exposed: 1.38235 Perc_Exposed: 30.5694
Instance: key_scheduler/kl_reg_76_ angle: 0 side: N Area_Exposed: 2.55813 Perc_Exposed: 56.5707
Instance: key_scheduler/kl_reg_93_ angle: 0 side: N Area_Exposed: 1.28537 Perc_Exposed: 28.4249
Instance: key_scheduler/kl_reg_78_ angle: 0 side: N Area_Exposed: 1.6968 Perc_Exposed: 37.5232
Instance: key_scheduler/kl_reg_95_ angle: 0 side: N Area_Exposed: 1.7206 Perc_Exposed: 38.0495
Instance: key_scheduler/kl_reg_80_ angle: 0 side: N Area_Exposed: 1.7247 Perc_Exposed: 38.1402
Instance: key_scheduler/kl_reg_97_ angle: 0 side: N Area_Exposed: 2.2759 Perc_Exposed: 50.3295
Instance: key_scheduler/kl_reg_82_ angle: 0 side: N Area_Exposed: 1.45745 Perc_Exposed: 32.2302
Instance: key_scheduler/kl_reg_67_ angle: 0 side: N Area_Exposed: 1.4179 Perc_Exposed: 31.3556
Instance: key_scheduler/kl_reg_84_ angle: 0 side: N Area_Exposed: 1.8704 Perc_Exposed: 41.3622
Instance: key_scheduler/kl_reg_69_ angle: 0 side: N Area_Exposed: 1.863 Perc_Exposed: 41.1986
Instance: key_scheduler/kl_reg_86_ angle: 0 side: N Area_Exposed: 1.68348 Perc_Exposed: 37.2285
Instance: key_scheduler/kl_reg_71_ angle: 0 side: N Area_Exposed: 1.44115 Perc_Exposed: 31.8697
Instance: key_scheduler/kl_reg_88_ angle: 0 side: N Area_Exposed: 1.3386 Perc_Exposed: 29.6019
Instance: key_scheduler/kl_reg_73_ angle: 0 side: N Area_Exposed: 2.26665 Perc_Exposed: 50.1249
Instance: key_scheduler/kl_reg_90_ angle: 0 side: N Area_Exposed: 1.99497 Perc_Exposed: 44.1171
Instance: key_scheduler/kl_reg_75_ angle: 0 side: N Area_Exposed: 1.984 Perc_Exposed: 43.8744
Instance: key_scheduler/kl_reg_92_ angle: 0 side: N Area_Exposed: 1.19372 Perc_Exposed: 26.3982
Instance: key_scheduler/kl_reg_77_ angle: 0 side: N Area_Exposed: 2.29135 Perc_Exposed: 50.6712
Instance: key_scheduler/kl_reg_94_ angle: 0 side: N Area_Exposed: 2.16685 Perc_Exposed: 47.918
Instance: key_scheduler/kl_reg_79_ angle: 0 side: N Area_Exposed: 2.11062 Perc_Exposed: 46.6746
Instance: key_scheduler/kl_reg_64_ angle: 0 side: N Area_Exposed: 1.2534 Perc_Exposed: 27.7178
Instance: key_scheduler/kl_reg_49_ angle: 0 side: N Area_Exposed: 1.70413 Perc_Exposed: 37.6852
Instance: key_scheduler/kl_reg_66_ angle: 0 side: N Area_Exposed: 1.30725 Perc_Exposed: 28.9087
Instance: key_scheduler/kl_reg_51_ angle: 0 side: N Area_Exposed: 2.08205 Perc_Exposed: 46.0427
Instance: key_scheduler/kl_reg_36_ angle: 0 side: N Area_Exposed: 1.67598 Perc_Exposed: 37.0627
Instance: key_scheduler/kl_reg_53_ angle: 0 side: N Area_Exposed: 2.24648 Perc_Exposed: 49.6788
Instance: key_scheduler/kl_reg_38_ angle: 0 side: N Area_Exposed: 2.07245 Perc_Exposed: 45.8304
Instance: key_scheduler/kl_reg_55_ angle: 0 side: N Area_Exposed: 1.84468 Perc_Exposed: 40.7933
Instance: key_scheduler/kl_reg_40_ angle: 0 side: N Area_Exposed: 1.86135 Perc_Exposed: 41.1621
Instance: key_scheduler/kl_reg_57_ angle: 0 side: N Area_Exposed: 1.96327 Perc_Exposed: 43.4161
Instance: key_scheduler/kl_reg_42_ angle: 0 side: N Area_Exposed: 2.197 Perc_Exposed: 48.5847
Instance: key_scheduler/kl_reg_59_ angle: 0 side: N Area_Exposed: 1.78875 Perc_Exposed: 39.5566
Instance: key_scheduler/kl_reg_44_ angle: 0 side: N Area_Exposed: 2.43073 Perc_Exposed: 53.7533
Instance: key_scheduler/kl_reg_61_ angle: 0 side: N Area_Exposed: 2.41505 Perc_Exposed: 53.4067
Instance: key_scheduler/kl_reg_46_ angle: 0 side: N Area_Exposed: 1.54625 Perc_Exposed: 34.1939
Instance: key_scheduler/kl_reg_63_ angle: 0 side: N Area_Exposed: 1.30568 Perc_Exposed: 28.8738
Instance: key_scheduler/kl_reg_48_ angle: 0 side: N Area_Exposed: 1.80065 Perc_Exposed: 39.8198
Instance: key_scheduler/kl_reg_65_ angle: 0 side: N Area_Exposed: 0.956075 Perc_Exposed: 21.1427
Instance: key_scheduler/kl_reg_50_ angle: 0 side: N Area_Exposed: 1.65033 Perc_Exposed: 36.4955
Instance: key_scheduler/kl_reg_35_ angle: 0 side: N Area_Exposed: 1.01435 Perc_Exposed: 22.4314
Instance: key_scheduler/kl_reg_52_ angle: 0 side: N Area_Exposed: 1.38903 Perc_Exposed: 30.717
Instance: key_scheduler/kl_reg_37_ angle: 0 side: N Area_Exposed: 1.65108 Perc_Exposed: 36.5121
Instance: key_scheduler/kl_reg_54_ angle: 0 side: N Area_Exposed: 2.1038 Perc_Exposed: 46.5237
Instance: key_scheduler/kl_reg_39_ angle: 0 side: N Area_Exposed: 2.1756 Perc_Exposed: 48.1115
Instance: key_scheduler/kl_reg_56_ angle: 0 side: N Area_Exposed: 1.96925 Perc_Exposed: 43.5482
Instance: key_scheduler/kl_reg_41_ angle: 0 side: N Area_Exposed: 2.12945 Perc_Exposed: 47.0909
Instance: key_scheduler/kl_reg_58_ angle: 0 side: N Area_Exposed: 1.77797 Perc_Exposed: 39.3183
Instance: key_scheduler/kl_reg_43_ angle: 0 side: N Area_Exposed: 1.9717 Perc_Exposed: 43.6024
Instance: key_scheduler/kl_reg_60_ angle: 0 side: N Area_Exposed: 1.80493 Perc_Exposed: 39.9143
Instance: key_scheduler/kl_reg_45_ angle: 0 side: N Area_Exposed: 1.82172 Perc_Exposed: 40.2858
Instance: key_scheduler/kl_reg_62_ angle: 0 side: N Area_Exposed: 1.7616 Perc_Exposed: 38.9562
Instance: key_scheduler/kl_reg_47_ angle: 0 side: N Area_Exposed: 1.92118 Perc_Exposed: 42.4851
Instance: key_scheduler/kl_reg_32_ angle: 0 side: N Area_Exposed: 1.55367 Perc_Exposed: 34.3581
Instance: key_scheduler/kl_reg_17_ angle: 0 side: N Area_Exposed: 1.90727 Perc_Exposed: 42.1777
Instance: key_scheduler/kl_reg_34_ angle: 0 side: N Area_Exposed: 1.8039 Perc_Exposed: 39.8916
Instance: key_scheduler/kl_reg_19_ angle: 0 side: N Area_Exposed: 2.1534 Perc_Exposed: 47.6205
Instance: key_scheduler/kl_reg_4_ angle: 0 side: N Area_Exposed: 2.0081 Perc_Exposed: 44.4073
Instance: key_scheduler/kl_reg_21_ angle: 0 side: N Area_Exposed: 1.53657 Perc_Exposed: 33.98
Instance: key_scheduler/kl_reg_6_ angle: 0 side: N Area_Exposed: 2.08945 Perc_Exposed: 46.2063
Instance: key_scheduler/kl_reg_23_ angle: 0 side: N Area_Exposed: 1.82755 Perc_Exposed: 40.4146
Instance: key_scheduler/kl_reg_8_ angle: 0 side: N Area_Exposed: 2.12205 Perc_Exposed: 46.9272
Instance: key_scheduler/kl_reg_25_ angle: 0 side: N Area_Exposed: 1.28607 Perc_Exposed: 28.4404
Instance: key_scheduler/kl_reg_10_ angle: 0 side: N Area_Exposed: 1.21517 Perc_Exposed: 26.8725
Instance: key_scheduler/kl_reg_27_ angle: 0 side: N Area_Exposed: 1.97138 Perc_Exposed: 43.5952
Instance: key_scheduler/kl_reg_12_ angle: 0 side: N Area_Exposed: 1.08012 Perc_Exposed: 23.886
Instance: key_scheduler/kl_reg_29_ angle: 0 side: N Area_Exposed: 1.39932 Perc_Exposed: 30.9448
Instance: key_scheduler/kl_reg_14_ angle: 0 side: N Area_Exposed: 1.43302 Perc_Exposed: 31.6901
Instance: key_scheduler/kl_reg_31_ angle: 0 side: N Area_Exposed: 1.85635 Perc_Exposed: 41.0515
Instance: key_scheduler/kl_reg_16_ angle: 0 side: N Area_Exposed: 1.48687 Perc_Exposed: 32.8809
Instance: key_scheduler/kl_reg_33_ angle: 0 side: N Area_Exposed: 1.70468 Perc_Exposed: 37.6974
Instance: key_scheduler/kl_reg_18_ angle: 0 side: N Area_Exposed: 1.51595 Perc_Exposed: 33.5239
Instance: key_scheduler/kl_reg_3_ angle: 0 side: N Area_Exposed: 1.9497 Perc_Exposed: 43.1159
Instance: key_scheduler/kl_reg_20_ angle: 0 side: N Area_Exposed: 1.68268 Perc_Exposed: 37.2109
Instance: key_scheduler/kl_reg_5_ angle: 0 side: N Area_Exposed: 2.38385 Perc_Exposed: 52.7167
Instance: key_scheduler/kl_reg_22_ angle: 0 side: N Area_Exposed: 2.18365 Perc_Exposed: 48.2895
Instance: key_scheduler/kl_reg_7_ angle: 0 side: N Area_Exposed: 1.81137 Perc_Exposed: 40.0569
Instance: key_scheduler/kl_reg_24_ angle: 0 side: N Area_Exposed: 1.62075 Perc_Exposed: 35.8414
Instance: key_scheduler/kl_reg_9_ angle: 0 side: N Area_Exposed: 1.65512 Perc_Exposed: 36.6016
Instance: key_scheduler/kl_reg_26_ angle: 0 side: N Area_Exposed: 1.4747 Perc_Exposed: 32.6117
Instance: key_scheduler/kl_reg_11_ angle: 0 side: N Area_Exposed: 2.10498 Perc_Exposed: 46.5496
Instance: key_scheduler/kl_reg_28_ angle: 0 side: N Area_Exposed: 1.93282 Perc_Exposed: 42.7427
Instance: key_scheduler/kl_reg_13_ angle: 0 side: N Area_Exposed: 1.49225 Perc_Exposed: 32.9998
Instance: key_scheduler/kl_reg_30_ angle: 0 side: N Area_Exposed: 1.15908 Perc_Exposed: 25.6319
Instance: key_scheduler/kl_reg_15_ angle: 0 side: N Area_Exposed: 1.84375 Perc_Exposed: 40.7729
Instance: key_scheduler/kl_reg_0_ angle: 0 side: N Area_Exposed: 1.71235 Perc_Exposed: 37.8671
