Total exposed area across cell assets: 235.38
Max exposure [%] across cell assets: 35.7989
Avg exposure [%] across cell assets: 12.4929

Instance: FE_OCPC2225_core_round_key_53 angle: 0 side: N Area_Exposed: 0.009475 Perc_Exposed: 1.18734
Instance: FE_OCPC2220_FE_OFN118009_core_round_key_62 angle: 0 side: N Area_Exposed: 0.111975 Perc_Exposed: 14.032
Instance: FE_OCPC2214_core_new_sboxw_18 angle: 0 side: N Area_Exposed: 0.784775 Perc_Exposed: 22.6945
Instance: FE_OCPC2205_core_round_key_122 angle: 0 side: N Area_Exposed: 0.0369 Perc_Exposed: 4.62406
Instance: FE_OCPC2190_core_round_key_14 angle: 0 side: N Area_Exposed: 0 Perc_Exposed: 0
Instance: FE_OCPC2184_core_new_sboxw_27 angle: 0 side: N Area_Exposed: 0.07875 Perc_Exposed: 14.8026
Instance: FE_OCPC2183_core_new_sboxw_27 angle: 0 side: N Area_Exposed: 0.1938 Perc_Exposed: 5.6044
Instance: FE_OCPC2182_core_new_sboxw_27 angle: 0 side: N Area_Exposed: 0.012725 Perc_Exposed: 2.39192
Instance: FE_OCPC2181_core_new_sboxw_27 angle: 0 side: N Area_Exposed: 0.03735 Perc_Exposed: 7.02068
Instance: FE_OCPC2176_core_new_sboxw_17 angle: 0 side: N Area_Exposed: 0.06435 Perc_Exposed: 8.06391
Instance: FE_OCPC2175_core_new_sboxw_6 angle: 0 side: N Area_Exposed: 0.197775 Perc_Exposed: 10.6216
Instance: FE_OCPC2171_core_new_sboxw_10 angle: 0 side: N Area_Exposed: 0.283 Perc_Exposed: 8.18392
Instance: FE_OCPC2148_core_new_sboxw_15 angle: 0 side: N Area_Exposed: 0.199125 Perc_Exposed: 24.953
Instance: FE_OCPC2147_core_new_sboxw_15 angle: 0 side: N Area_Exposed: 0.03715 Perc_Exposed: 4.65539
Instance: FE_OCPC2146_core_new_sboxw_30 angle: 0 side: N Area_Exposed: 0.788875 Perc_Exposed: 22.813
Instance: FE_OCPC2143_core_new_sboxw_27 angle: 0 side: N Area_Exposed: 0.0492 Perc_Exposed: 9.24812
Instance: FE_OCPC2139_core_new_sboxw_2 angle: 0 side: N Area_Exposed: 0.0721 Perc_Exposed: 2.08502
Instance: FE_OCPC2138_core_new_sboxw_28 angle: 0 side: N Area_Exposed: 0.2208 Perc_Exposed: 27.6692
Instance: FE_OCPC2137_core_new_sboxw_28 angle: 0 side: N Area_Exposed: 0.15855 Perc_Exposed: 11.9211
Instance: FE_OCPC2136_core_new_sboxw_28 angle: 0 side: N Area_Exposed: 0.1921 Perc_Exposed: 10.3169
Instance: FE_OCPC2129_core_new_sboxw_11 angle: 0 side: N Area_Exposed: 0.002175 Perc_Exposed: 0.272556
Instance: FE_OCPC2128_core_new_sboxw_11 angle: 0 side: N Area_Exposed: 0.06345 Perc_Exposed: 7.95113
Instance: FE_OCPC2127_core_new_sboxw_11 angle: 0 side: N Area_Exposed: 0.0991 Perc_Exposed: 12.4185
Instance: FE_OCPC2133_core_new_sboxw_12 angle: 0 side: N Area_Exposed: 0.07925 Perc_Exposed: 9.93108
Instance: FE_OCPC2035_core_new_sboxw_3 angle: 0 side: N Area_Exposed: 0.01155 Perc_Exposed: 1.44737
Instance: FE_OCPC2053_core_new_sboxw_26 angle: 0 side: N Area_Exposed: 0.064225 Perc_Exposed: 8.04825
Instance: FE_OCPC2032_core_new_sboxw_24 angle: 0 side: N Area_Exposed: 0.45015 Perc_Exposed: 13.0176
Instance: FE_OCPC2024_core_new_sboxw_18 angle: 0 side: N Area_Exposed: 0.03435 Perc_Exposed: 4.30451
Instance: FE_OCPC2015_core_new_sboxw_13 angle: 0 side: N Area_Exposed: 0.021 Perc_Exposed: 2.63158
Instance: FE_OCPC1972_core_new_sboxw_23 angle: 0 side: N Area_Exposed: 0.285675 Perc_Exposed: 35.7989
Instance: FE_OCPC1963_core_new_sboxw_4 angle: 0 side: N Area_Exposed: 0.06615 Perc_Exposed: 8.28947
Instance: FE_OCPC1962_core_new_sboxw_4 angle: 0 side: N Area_Exposed: 0.02625 Perc_Exposed: 4.93421
Instance: FE_OCPC1961_core_new_sboxw_4 angle: 0 side: N Area_Exposed: 0.14355 Perc_Exposed: 4.15124
Instance: FE_OCPC1918_FE_OFN118074_core_round_key_104 angle: 0 side: N Area_Exposed: 0.336325 Perc_Exposed: 31.6095
Instance: FE_OCPC1845_core_round_key_103 angle: 0 side: N Area_Exposed: 0.063775 Perc_Exposed: 7.99185
Instance: FE_OCPC1836_core_new_sboxw_9 angle: 0 side: N Area_Exposed: 0.280875 Perc_Exposed: 8.12247
Instance: FE_OCPC1833_core_new_sboxw_0 angle: 0 side: N Area_Exposed: 0.918925 Perc_Exposed: 26.5739
Instance: FE_OCPC1727_core_new_sboxw_25 angle: 0 side: N Area_Exposed: 0.06125 Perc_Exposed: 7.67544
Instance: FE_OCPC1726_core_new_sboxw_24 angle: 0 side: N Area_Exposed: 0.0308 Perc_Exposed: 3.85965
Instance: FE_OCPC1725_core_new_sboxw_1 angle: 0 side: N Area_Exposed: 0.099125 Perc_Exposed: 12.4217
Instance: FE_OCPC1672_core_new_sboxw_8 angle: 0 side: N Area_Exposed: 0.35905 Perc_Exposed: 19.283
Instance: FE_OCPC1671_core_new_sboxw_8 angle: 0 side: N Area_Exposed: 0.197875 Perc_Exposed: 10.627
Instance: FE_OFC1493_core_new_sboxw_3 angle: 0 side: N Area_Exposed: 0.0659 Perc_Exposed: 8.25815
Instance: FE_OFC1492_core_new_sboxw_3 angle: 0 side: N Area_Exposed: 0.123475 Perc_Exposed: 15.4731
Instance: FE_OFC1444_core_round_key_45 angle: 0 side: N Area_Exposed: 0.155025 Perc_Exposed: 8.32573
Instance: FE_OFC1378_core_round_key_11 angle: 0 side: N Area_Exposed: 0.287575 Perc_Exposed: 15.4444
Instance: FE_OFC1210_core_round_key_75 angle: 0 side: N Area_Exposed: 0.21135 Perc_Exposed: 11.3507
Instance: FE_OFC1183_core_round_key_83 angle: 0 side: N Area_Exposed: 0.071025 Perc_Exposed: 6.67528
Instance: FE_OFC905_core_round_key_82 angle: 0 side: N Area_Exposed: 0.15205 Perc_Exposed: 14.2904
Instance: FE_OFC892_core_round_key_97 angle: 0 side: N Area_Exposed: 0.04535 Perc_Exposed: 4.26222
Instance: FE_OFC874_core_round_key_61 angle: 0 side: N Area_Exposed: 0.237075 Perc_Exposed: 22.2815
Instance: FE_OFC865_core_round_key_125 angle: 0 side: N Area_Exposed: 0.01075 Perc_Exposed: 1.01034
Instance: FE_OFC862_core_round_key_69 angle: 0 side: N Area_Exposed: 0.26575 Perc_Exposed: 14.2723
Instance: FE_OFC857_core_round_key_15 angle: 0 side: N Area_Exposed: 0.078625 Perc_Exposed: 7.38957
Instance: FE_OFC855_core_round_key_126 angle: 0 side: N Area_Exposed: 0.144725 Perc_Exposed: 7.77256
Instance: FE_OFC850_core_round_key_56 angle: 0 side: N Area_Exposed: 0 Perc_Exposed: 0
Instance: FE_OFC843_core_round_key_62 angle: 0 side: N Area_Exposed: 0.167 Perc_Exposed: 8.96885
Instance: FE_OFC835_core_round_key_112 angle: 0 side: N Area_Exposed: 0.088475 Perc_Exposed: 8.31532
Instance: FE_OFC829_core_round_key_80 angle: 0 side: N Area_Exposed: 0.328675 Perc_Exposed: 17.6517
Instance: FE_OFC825_core_round_key_6 angle: 0 side: N Area_Exposed: 0.225325 Perc_Exposed: 12.1012
Instance: FE_OFC816_core_round_key_70 angle: 0 side: N Area_Exposed: 0.416825 Perc_Exposed: 22.3859
Instance: FE_OFC810_core_round_key_16 angle: 0 side: N Area_Exposed: 0.433625 Perc_Exposed: 23.2881
Instance: FE_OFC804_core_round_key_39 angle: 0 side: N Area_Exposed: 0.5091 Perc_Exposed: 27.3416
Instance: FE_OFC671_core_new_sboxw_19 angle: 0 side: N Area_Exposed: 0.0842 Perc_Exposed: 6.33083
Instance: FE_OFC545_core_round_key_53 angle: 0 side: N Area_Exposed: 0.02115 Perc_Exposed: 2.65038
Instance: FE_OFC457_core_new_sboxw_26 angle: 0 side: N Area_Exposed: 0.1094 Perc_Exposed: 20.5639
Instance: FE_OFC456_core_new_sboxw_26 angle: 0 side: N Area_Exposed: 0.079825 Perc_Exposed: 15.0047
Instance: FE_OFC444_core_new_sboxw_10 angle: 0 side: N Area_Exposed: 0 Perc_Exposed: 0
Instance: FE_OFC438_core_new_sboxw_5 angle: 0 side: N Area_Exposed: 0 Perc_Exposed: 0
Instance: FE_OFC427_core_new_sboxw_2 angle: 0 side: N Area_Exposed: 0.007125 Perc_Exposed: 1.33929
Instance: FE_OFC423_core_new_sboxw_9 angle: 0 side: N Area_Exposed: 0.1555 Perc_Exposed: 29.2293
Instance: FE_OFC421_core_new_sboxw_24 angle: 0 side: N Area_Exposed: 0.006075 Perc_Exposed: 1.14192
Instance: FE_OFC409_core_new_sboxw_7 angle: 0 side: N Area_Exposed: 0.0606 Perc_Exposed: 11.391
Instance: FE_OFC404_core_new_sboxw_8 angle: 0 side: N Area_Exposed: 0.09225 Perc_Exposed: 17.3402
Instance: FE_OFC402_core_new_sboxw_30 angle: 0 side: N Area_Exposed: 0.0128 Perc_Exposed: 2.40602
Instance: FE_OFC375_core_new_sboxw_0 angle: 0 side: N Area_Exposed: 0.07685 Perc_Exposed: 14.4455
Instance: core_aes_core_ctrl_reg_reg[0] angle: 0 side: N Area_Exposed: 0.3927 Perc_Exposed: 7.38158
Instance: core_aes_core_ctrl_reg_reg[1] angle: 0 side: N Area_Exposed: 0.317825 Perc_Exposed: 5.97415
Instance: key_reg_reg[0][0] angle: 0 side: N Area_Exposed: 0.858175 Perc_Exposed: 12.9049
Instance: key_reg_reg[0][1] angle: 0 side: N Area_Exposed: 0.96155 Perc_Exposed: 14.4594
Instance: key_reg_reg[0][2] angle: 0 side: N Area_Exposed: 0.74735 Perc_Exposed: 11.2383
Instance: key_reg_reg[0][3] angle: 0 side: N Area_Exposed: 0.622375 Perc_Exposed: 9.35902
Instance: key_reg_reg[0][4] angle: 0 side: N Area_Exposed: 0.874675 Perc_Exposed: 13.153
Instance: key_reg_reg[0][5] angle: 0 side: N Area_Exposed: 0.26175 Perc_Exposed: 3.93609
Instance: key_reg_reg[0][6] angle: 0 side: N Area_Exposed: 0.461888 Perc_Exposed: 6.94568
Instance: key_reg_reg[0][7] angle: 0 side: N Area_Exposed: 1.23578 Perc_Exposed: 18.5831
Instance: key_reg_reg[0][8] angle: 0 side: N Area_Exposed: 1.37133 Perc_Exposed: 20.6214
Instance: key_reg_reg[0][9] angle: 0 side: N Area_Exposed: 0.4758 Perc_Exposed: 7.15489
Instance: key_reg_reg[0][10] angle: 0 side: N Area_Exposed: 0.638175 Perc_Exposed: 9.59662
Instance: key_reg_reg[0][11] angle: 0 side: N Area_Exposed: 0.6616 Perc_Exposed: 9.94887
Instance: key_reg_reg[0][12] angle: 0 side: N Area_Exposed: 0.229425 Perc_Exposed: 3.45
Instance: key_reg_reg[0][13] angle: 0 side: N Area_Exposed: 0.790475 Perc_Exposed: 11.8868
Instance: key_reg_reg[0][14] angle: 0 side: N Area_Exposed: 0.903575 Perc_Exposed: 13.5876
Instance: key_reg_reg[0][15] angle: 0 side: N Area_Exposed: 0.631025 Perc_Exposed: 9.4891
Instance: key_reg_reg[0][16] angle: 0 side: N Area_Exposed: 0.978025 Perc_Exposed: 14.7071
Instance: key_reg_reg[0][17] angle: 0 side: N Area_Exposed: 1.1043 Perc_Exposed: 16.606
Instance: key_reg_reg[0][18] angle: 0 side: N Area_Exposed: 1.38145 Perc_Exposed: 20.7737
Instance: key_reg_reg[0][19] angle: 0 side: N Area_Exposed: 0.88915 Perc_Exposed: 13.3707
Instance: key_reg_reg[0][20] angle: 0 side: N Area_Exposed: 0.2884 Perc_Exposed: 4.33684
Instance: key_reg_reg[0][21] angle: 0 side: N Area_Exposed: 0.603275 Perc_Exposed: 9.0718
Instance: key_reg_reg[0][22] angle: 0 side: N Area_Exposed: 0.39425 Perc_Exposed: 5.92857
Instance: key_reg_reg[0][23] angle: 0 side: N Area_Exposed: 0.028875 Perc_Exposed: 0.434211
Instance: key_reg_reg[0][24] angle: 0 side: N Area_Exposed: 0.768325 Perc_Exposed: 11.5538
Instance: key_reg_reg[0][25] angle: 0 side: N Area_Exposed: 0.70615 Perc_Exposed: 10.6188
Instance: key_reg_reg[0][26] angle: 0 side: N Area_Exposed: 0.4024 Perc_Exposed: 6.05113
Instance: key_reg_reg[0][27] angle: 0 side: N Area_Exposed: 0.319075 Perc_Exposed: 4.79812
Instance: key_reg_reg[0][28] angle: 0 side: N Area_Exposed: 0.577525 Perc_Exposed: 8.68459
Instance: key_reg_reg[0][29] angle: 0 side: N Area_Exposed: 0.7433 Perc_Exposed: 11.1774
Instance: key_reg_reg[0][30] angle: 0 side: N Area_Exposed: 1.13723 Perc_Exposed: 17.1011
Instance: key_reg_reg[0][31] angle: 0 side: N Area_Exposed: 1.12282 Perc_Exposed: 16.8846
Instance: key_reg_reg[1][0] angle: 0 side: N Area_Exposed: 1.28508 Perc_Exposed: 19.3244
Instance: key_reg_reg[1][1] angle: 0 side: N Area_Exposed: 1.13205 Perc_Exposed: 17.0233
Instance: key_reg_reg[1][2] angle: 0 side: N Area_Exposed: 0.8246 Perc_Exposed: 12.4
Instance: key_reg_reg[1][3] angle: 0 side: N Area_Exposed: 1.4919 Perc_Exposed: 22.4346
Instance: key_reg_reg[1][4] angle: 0 side: N Area_Exposed: 1.4892 Perc_Exposed: 22.394
Instance: key_reg_reg[1][5] angle: 0 side: N Area_Exposed: 0.4481 Perc_Exposed: 6.73835
Instance: key_reg_reg[1][6] angle: 0 side: N Area_Exposed: 1.35075 Perc_Exposed: 20.312
Instance: key_reg_reg[1][7] angle: 0 side: N Area_Exposed: 0.5118 Perc_Exposed: 7.69624
Instance: key_reg_reg[1][8] angle: 0 side: N Area_Exposed: 0.563675 Perc_Exposed: 8.47632
Instance: key_reg_reg[1][9] angle: 0 side: N Area_Exposed: 0.395275 Perc_Exposed: 5.94398
Instance: key_reg_reg[1][10] angle: 0 side: N Area_Exposed: 1.10817 Perc_Exposed: 16.6643
Instance: key_reg_reg[1][11] angle: 0 side: N Area_Exposed: 1.24622 Perc_Exposed: 18.7402
Instance: key_reg_reg[1][12] angle: 0 side: N Area_Exposed: 0.5506 Perc_Exposed: 8.2797
Instance: key_reg_reg[1][13] angle: 0 side: N Area_Exposed: 0.5548 Perc_Exposed: 8.34286
Instance: key_reg_reg[1][14] angle: 0 side: N Area_Exposed: 1.65685 Perc_Exposed: 24.915
Instance: key_reg_reg[1][15] angle: 0 side: N Area_Exposed: 1.9895 Perc_Exposed: 29.9173
Instance: key_reg_reg[1][16] angle: 0 side: N Area_Exposed: 0.852775 Perc_Exposed: 12.8237
Instance: key_reg_reg[1][17] angle: 0 side: N Area_Exposed: 1.10523 Perc_Exposed: 16.6199
Instance: key_reg_reg[1][18] angle: 0 side: N Area_Exposed: 1.18032 Perc_Exposed: 17.7492
Instance: key_reg_reg[1][19] angle: 0 side: N Area_Exposed: 0.785325 Perc_Exposed: 11.8094
Instance: key_reg_reg[1][20] angle: 0 side: N Area_Exposed: 0.4531 Perc_Exposed: 6.81353
Instance: key_reg_reg[1][21] angle: 0 side: N Area_Exposed: 1.19777 Perc_Exposed: 18.0117
Instance: key_reg_reg[1][22] angle: 0 side: N Area_Exposed: 0.866025 Perc_Exposed: 13.0229
Instance: key_reg_reg[1][23] angle: 0 side: N Area_Exposed: 0.54515 Perc_Exposed: 8.19774
Instance: key_reg_reg[1][24] angle: 0 side: N Area_Exposed: 0.768175 Perc_Exposed: 11.5515
Instance: key_reg_reg[1][25] angle: 0 side: N Area_Exposed: 0.582125 Perc_Exposed: 8.75376
Instance: key_reg_reg[1][26] angle: 0 side: N Area_Exposed: 0.9064 Perc_Exposed: 13.6301
Instance: key_reg_reg[1][27] angle: 0 side: N Area_Exposed: 0.332975 Perc_Exposed: 5.00714
Instance: key_reg_reg[1][28] angle: 0 side: N Area_Exposed: 0.640375 Perc_Exposed: 9.6297
Instance: key_reg_reg[1][29] angle: 0 side: N Area_Exposed: 0.687125 Perc_Exposed: 10.3327
Instance: key_reg_reg[1][30] angle: 0 side: N Area_Exposed: 0.634675 Perc_Exposed: 9.54398
Instance: key_reg_reg[1][31] angle: 0 side: N Area_Exposed: 1.6681 Perc_Exposed: 25.0842
Instance: key_reg_reg[2][0] angle: 0 side: N Area_Exposed: 1.59143 Perc_Exposed: 23.9312
Instance: key_reg_reg[2][1] angle: 0 side: N Area_Exposed: 1.2581 Perc_Exposed: 18.9188
Instance: key_reg_reg[2][2] angle: 0 side: N Area_Exposed: 0.807375 Perc_Exposed: 12.141
Instance: key_reg_reg[2][3] angle: 0 side: N Area_Exposed: 1.63232 Perc_Exposed: 24.5462
Instance: key_reg_reg[2][4] angle: 0 side: N Area_Exposed: 1.74177 Perc_Exposed: 26.1921
Instance: key_reg_reg[2][5] angle: 0 side: N Area_Exposed: 0.5392 Perc_Exposed: 8.10827
Instance: key_reg_reg[2][6] angle: 0 side: N Area_Exposed: 1.45428 Perc_Exposed: 21.8688
Instance: key_reg_reg[2][7] angle: 0 side: N Area_Exposed: 2.087 Perc_Exposed: 31.3835
Instance: key_reg_reg[2][8] angle: 0 side: N Area_Exposed: 1.13022 Perc_Exposed: 16.9959
Instance: key_reg_reg[2][9] angle: 0 side: N Area_Exposed: 0.71725 Perc_Exposed: 10.7857
Instance: key_reg_reg[2][10] angle: 0 side: N Area_Exposed: 1.3306 Perc_Exposed: 20.009
Instance: key_reg_reg[2][11] angle: 0 side: N Area_Exposed: 0.281625 Perc_Exposed: 4.23496
Instance: key_reg_reg[2][12] angle: 0 side: N Area_Exposed: 0.2841 Perc_Exposed: 4.27218
Instance: key_reg_reg[2][13] angle: 0 side: N Area_Exposed: 0.78805 Perc_Exposed: 11.8504
Instance: key_reg_reg[2][14] angle: 0 side: N Area_Exposed: 1.5128 Perc_Exposed: 22.7489
Instance: key_reg_reg[2][15] angle: 0 side: N Area_Exposed: 0.5572 Perc_Exposed: 8.37895
Instance: key_reg_reg[2][16] angle: 0 side: N Area_Exposed: 0.390425 Perc_Exposed: 5.87105
Instance: key_reg_reg[2][17] angle: 0 side: N Area_Exposed: 0.6439 Perc_Exposed: 9.68271
Instance: key_reg_reg[2][18] angle: 0 side: N Area_Exposed: 2.26047 Perc_Exposed: 33.9921
Instance: key_reg_reg[2][19] angle: 0 side: N Area_Exposed: 1.08802 Perc_Exposed: 16.3613
Instance: key_reg_reg[2][20] angle: 0 side: N Area_Exposed: 0.622275 Perc_Exposed: 9.35752
Instance: key_reg_reg[2][21] angle: 0 side: N Area_Exposed: 2.31197 Perc_Exposed: 34.7665
Instance: key_reg_reg[2][22] angle: 0 side: N Area_Exposed: 0.5853 Perc_Exposed: 8.8015
Instance: key_reg_reg[2][23] angle: 0 side: N Area_Exposed: 0.49955 Perc_Exposed: 7.51203
Instance: key_reg_reg[2][24] angle: 0 side: N Area_Exposed: 0.3261 Perc_Exposed: 4.90376
Instance: key_reg_reg[2][25] angle: 0 side: N Area_Exposed: 0.66045 Perc_Exposed: 9.93158
Instance: key_reg_reg[2][26] angle: 0 side: N Area_Exposed: 1.2309 Perc_Exposed: 18.5098
Instance: key_reg_reg[2][27] angle: 0 side: N Area_Exposed: 0.81525 Perc_Exposed: 12.2594
Instance: key_reg_reg[2][28] angle: 0 side: N Area_Exposed: 2.11942 Perc_Exposed: 31.8711
Instance: key_reg_reg[2][29] angle: 0 side: N Area_Exposed: 0.2215 Perc_Exposed: 3.33083
Instance: key_reg_reg[2][30] angle: 0 side: N Area_Exposed: 1.028 Perc_Exposed: 15.4586
Instance: key_reg_reg[2][31] angle: 0 side: N Area_Exposed: 0.934425 Perc_Exposed: 14.0515
Instance: key_reg_reg[3][0] angle: 0 side: N Area_Exposed: 0.13115 Perc_Exposed: 1.97218
Instance: key_reg_reg[3][1] angle: 0 side: N Area_Exposed: 0.78545 Perc_Exposed: 11.8113
Instance: key_reg_reg[3][2] angle: 0 side: N Area_Exposed: 0.421575 Perc_Exposed: 6.33947
Instance: key_reg_reg[3][3] angle: 0 side: N Area_Exposed: 0.7444 Perc_Exposed: 11.194
Instance: key_reg_reg[3][4] angle: 0 side: N Area_Exposed: 1.0532 Perc_Exposed: 15.8376
Instance: key_reg_reg[3][5] angle: 0 side: N Area_Exposed: 0.6212 Perc_Exposed: 9.34135
Instance: key_reg_reg[3][6] angle: 0 side: N Area_Exposed: 0.835525 Perc_Exposed: 12.5643
Instance: key_reg_reg[3][7] angle: 0 side: N Area_Exposed: 0.469475 Perc_Exposed: 7.05977
Instance: key_reg_reg[3][8] angle: 0 side: N Area_Exposed: 1.05967 Perc_Exposed: 15.935
Instance: key_reg_reg[3][9] angle: 0 side: N Area_Exposed: 1.26545 Perc_Exposed: 19.0293
Instance: key_reg_reg[3][10] angle: 0 side: N Area_Exposed: 0.503775 Perc_Exposed: 7.57556
Instance: key_reg_reg[3][11] angle: 0 side: N Area_Exposed: 0.9557 Perc_Exposed: 14.3714
Instance: key_reg_reg[3][12] angle: 0 side: N Area_Exposed: 0.52265 Perc_Exposed: 7.8594
Instance: key_reg_reg[3][13] angle: 0 side: N Area_Exposed: 0.8057 Perc_Exposed: 12.1158
Instance: key_reg_reg[3][14] angle: 0 side: N Area_Exposed: 1.19637 Perc_Exposed: 17.9906
Instance: key_reg_reg[3][15] angle: 0 side: N Area_Exposed: 0.699825 Perc_Exposed: 10.5237
Instance: key_reg_reg[3][16] angle: 0 side: N Area_Exposed: 1.42825 Perc_Exposed: 21.4774
Instance: key_reg_reg[3][17] angle: 0 side: N Area_Exposed: 1.01432 Perc_Exposed: 15.253
Instance: key_reg_reg[3][18] angle: 0 side: N Area_Exposed: 1.29665 Perc_Exposed: 19.4985
Instance: key_reg_reg[3][19] angle: 0 side: N Area_Exposed: 1.40438 Perc_Exposed: 21.1184
Instance: key_reg_reg[3][20] angle: 0 side: N Area_Exposed: 0.3905 Perc_Exposed: 5.87218
Instance: key_reg_reg[3][21] angle: 0 side: N Area_Exposed: 1.49762 Perc_Exposed: 22.5207
Instance: key_reg_reg[3][22] angle: 0 side: N Area_Exposed: 0.4233 Perc_Exposed: 6.36541
Instance: key_reg_reg[3][23] angle: 0 side: N Area_Exposed: 1.1118 Perc_Exposed: 16.7188
Instance: key_reg_reg[3][24] angle: 0 side: N Area_Exposed: 0.369875 Perc_Exposed: 5.56203
Instance: key_reg_reg[3][25] angle: 0 side: N Area_Exposed: 0.541 Perc_Exposed: 8.13534
Instance: key_reg_reg[3][26] angle: 0 side: N Area_Exposed: 1.42807 Perc_Exposed: 21.4748
Instance: key_reg_reg[3][27] angle: 0 side: N Area_Exposed: 0.440575 Perc_Exposed: 6.62519
Instance: key_reg_reg[3][28] angle: 0 side: N Area_Exposed: 1.25585 Perc_Exposed: 18.885
Instance: key_reg_reg[3][29] angle: 0 side: N Area_Exposed: 0.853825 Perc_Exposed: 12.8395
Instance: key_reg_reg[3][30] angle: 0 side: N Area_Exposed: 0.78755 Perc_Exposed: 11.8429
Instance: key_reg_reg[3][31] angle: 0 side: N Area_Exposed: 0.401 Perc_Exposed: 6.03008
Instance: key_reg_reg[4][0] angle: 0 side: N Area_Exposed: 0.8391 Perc_Exposed: 12.618
Instance: key_reg_reg[4][1] angle: 0 side: N Area_Exposed: 1.0047 Perc_Exposed: 15.1083
Instance: key_reg_reg[4][2] angle: 0 side: N Area_Exposed: 0.852975 Perc_Exposed: 12.8267
Instance: key_reg_reg[4][3] angle: 0 side: N Area_Exposed: 1.1986 Perc_Exposed: 18.0241
Instance: key_reg_reg[4][4] angle: 0 side: N Area_Exposed: 1.1427 Perc_Exposed: 17.1835
Instance: key_reg_reg[4][5] angle: 0 side: N Area_Exposed: 0.6467 Perc_Exposed: 9.72481
Instance: key_reg_reg[4][6] angle: 0 side: N Area_Exposed: 0.709225 Perc_Exposed: 10.665
Instance: key_reg_reg[4][7] angle: 0 side: N Area_Exposed: 1.22123 Perc_Exposed: 18.3643
Instance: key_reg_reg[4][8] angle: 0 side: N Area_Exposed: 0.808475 Perc_Exposed: 12.1575
Instance: key_reg_reg[4][9] angle: 0 side: N Area_Exposed: 0.794075 Perc_Exposed: 11.941
Instance: key_reg_reg[4][10] angle: 0 side: N Area_Exposed: 0.547825 Perc_Exposed: 8.23797
Instance: key_reg_reg[4][11] angle: 0 side: N Area_Exposed: 0.398625 Perc_Exposed: 5.99436
Instance: key_reg_reg[4][12] angle: 0 side: N Area_Exposed: 0.5216 Perc_Exposed: 7.84361
Instance: key_reg_reg[4][13] angle: 0 side: N Area_Exposed: 0.459475 Perc_Exposed: 6.9094
Instance: key_reg_reg[4][14] angle: 0 side: N Area_Exposed: 0.975 Perc_Exposed: 14.6617
Instance: key_reg_reg[4][15] angle: 0 side: N Area_Exposed: 1.33825 Perc_Exposed: 20.1241
Instance: key_reg_reg[4][16] angle: 0 side: N Area_Exposed: 1.14485 Perc_Exposed: 17.2158
Instance: key_reg_reg[4][17] angle: 0 side: N Area_Exposed: 0.743175 Perc_Exposed: 11.1756
Instance: key_reg_reg[4][18] angle: 0 side: N Area_Exposed: 0.826575 Perc_Exposed: 12.4297
Instance: key_reg_reg[4][19] angle: 0 side: N Area_Exposed: 0.496775 Perc_Exposed: 7.4703
Instance: key_reg_reg[4][20] angle: 0 side: N Area_Exposed: 0.73355 Perc_Exposed: 11.0308
Instance: key_reg_reg[4][21] angle: 0 side: N Area_Exposed: 0.574675 Perc_Exposed: 8.64173
Instance: key_reg_reg[4][22] angle: 0 side: N Area_Exposed: 0.499575 Perc_Exposed: 7.51241
Instance: key_reg_reg[4][23] angle: 0 side: N Area_Exposed: 0.72205 Perc_Exposed: 10.8579
Instance: key_reg_reg[4][24] angle: 0 side: N Area_Exposed: 0.8874 Perc_Exposed: 13.3444
Instance: key_reg_reg[4][25] angle: 0 side: N Area_Exposed: 0.35115 Perc_Exposed: 5.28045
Instance: key_reg_reg[4][26] angle: 0 side: N Area_Exposed: 0.647875 Perc_Exposed: 9.74248
Instance: key_reg_reg[4][27] angle: 0 side: N Area_Exposed: 0.568275 Perc_Exposed: 8.54549
Instance: key_reg_reg[4][28] angle: 0 side: N Area_Exposed: 0.1119 Perc_Exposed: 1.68271
Instance: key_reg_reg[4][29] angle: 0 side: N Area_Exposed: 0.752175 Perc_Exposed: 11.3109
Instance: key_reg_reg[4][30] angle: 0 side: N Area_Exposed: 1.59833 Perc_Exposed: 24.035
Instance: key_reg_reg[4][31] angle: 0 side: N Area_Exposed: 1.12982 Perc_Exposed: 16.9898
Instance: key_reg_reg[5][0] angle: 0 side: N Area_Exposed: 0.789 Perc_Exposed: 11.8647
Instance: key_reg_reg[5][1] angle: 0 side: N Area_Exposed: 0.86015 Perc_Exposed: 12.9346
Instance: key_reg_reg[5][2] angle: 0 side: N Area_Exposed: 0.75085 Perc_Exposed: 11.291
Instance: key_reg_reg[5][3] angle: 0 side: N Area_Exposed: 1.02495 Perc_Exposed: 15.4128
Instance: key_reg_reg[5][4] angle: 0 side: N Area_Exposed: 0.83285 Perc_Exposed: 12.5241
Instance: key_reg_reg[5][5] angle: 0 side: N Area_Exposed: 1.16318 Perc_Exposed: 17.4914
Instance: key_reg_reg[5][6] angle: 0 side: N Area_Exposed: 0.59665 Perc_Exposed: 8.97218
Instance: key_reg_reg[5][7] angle: 0 side: N Area_Exposed: 0.519125 Perc_Exposed: 7.80639
Instance: key_reg_reg[5][8] angle: 0 side: N Area_Exposed: 0.50005 Perc_Exposed: 7.51955
Instance: key_reg_reg[5][9] angle: 0 side: N Area_Exposed: 0.70325 Perc_Exposed: 10.5752
Instance: key_reg_reg[5][10] angle: 0 side: N Area_Exposed: 1.15513 Perc_Exposed: 17.3703
Instance: key_reg_reg[5][11] angle: 0 side: N Area_Exposed: 1.88373 Perc_Exposed: 28.3267
Instance: key_reg_reg[5][12] angle: 0 side: N Area_Exposed: 1.18153 Perc_Exposed: 17.7673
Instance: key_reg_reg[5][13] angle: 0 side: N Area_Exposed: 1.8833 Perc_Exposed: 28.3203
Instance: key_reg_reg[5][14] angle: 0 side: N Area_Exposed: 1.1179 Perc_Exposed: 16.8105
Instance: key_reg_reg[5][15] angle: 0 side: N Area_Exposed: 0.813975 Perc_Exposed: 12.2402
Instance: key_reg_reg[5][16] angle: 0 side: N Area_Exposed: 1.0764 Perc_Exposed: 16.1865
Instance: key_reg_reg[5][17] angle: 0 side: N Area_Exposed: 1.23052 Perc_Exposed: 18.5041
Instance: key_reg_reg[5][18] angle: 0 side: N Area_Exposed: 0.5671 Perc_Exposed: 8.52782
Instance: key_reg_reg[5][19] angle: 0 side: N Area_Exposed: 0.901075 Perc_Exposed: 13.55
Instance: key_reg_reg[5][20] angle: 0 side: N Area_Exposed: 0.509975 Perc_Exposed: 7.6688
Instance: key_reg_reg[5][21] angle: 0 side: N Area_Exposed: 0.94455 Perc_Exposed: 14.2038
Instance: key_reg_reg[5][22] angle: 0 side: N Area_Exposed: 0.513725 Perc_Exposed: 7.72519
Instance: key_reg_reg[5][23] angle: 0 side: N Area_Exposed: 0.82815 Perc_Exposed: 12.4534
Instance: key_reg_reg[5][24] angle: 0 side: N Area_Exposed: 0.6772 Perc_Exposed: 10.1835
Instance: key_reg_reg[5][25] angle: 0 side: N Area_Exposed: 0.87255 Perc_Exposed: 13.1211
Instance: key_reg_reg[5][26] angle: 0 side: N Area_Exposed: 0.60695 Perc_Exposed: 9.12707
Instance: key_reg_reg[5][27] angle: 0 side: N Area_Exposed: 0.764275 Perc_Exposed: 11.4929
Instance: key_reg_reg[5][28] angle: 0 side: N Area_Exposed: 1.52485 Perc_Exposed: 22.9301
Instance: key_reg_reg[5][29] angle: 0 side: N Area_Exposed: 1.02785 Perc_Exposed: 15.4564
Instance: key_reg_reg[5][30] angle: 0 side: N Area_Exposed: 0.9474 Perc_Exposed: 14.2466
Instance: key_reg_reg[5][31] angle: 0 side: N Area_Exposed: 1.4484 Perc_Exposed: 21.7805
Instance: key_reg_reg[6][0] angle: 0 side: N Area_Exposed: 0.5381 Perc_Exposed: 8.09173
Instance: key_reg_reg[6][1] angle: 0 side: N Area_Exposed: 0.883775 Perc_Exposed: 13.2898
Instance: key_reg_reg[6][2] angle: 0 side: N Area_Exposed: 1.4506 Perc_Exposed: 21.8135
Instance: key_reg_reg[6][3] angle: 0 side: N Area_Exposed: 1.71987 Perc_Exposed: 25.8628
Instance: key_reg_reg[6][4] angle: 0 side: N Area_Exposed: 1.7383 Perc_Exposed: 26.1398
Instance: key_reg_reg[6][5] angle: 0 side: N Area_Exposed: 0.4149 Perc_Exposed: 6.2391
Instance: key_reg_reg[6][6] angle: 0 side: N Area_Exposed: 0.75925 Perc_Exposed: 11.4173
Instance: key_reg_reg[6][7] angle: 0 side: N Area_Exposed: 0.537975 Perc_Exposed: 8.08985
Instance: key_reg_reg[6][8] angle: 0 side: N Area_Exposed: 1.21515 Perc_Exposed: 18.2729
Instance: key_reg_reg[6][9] angle: 0 side: N Area_Exposed: 1.57485 Perc_Exposed: 23.682
Instance: key_reg_reg[6][10] angle: 0 side: N Area_Exposed: 0.703225 Perc_Exposed: 10.5748
Instance: key_reg_reg[6][11] angle: 0 side: N Area_Exposed: 0.581975 Perc_Exposed: 8.7515
Instance: key_reg_reg[6][12] angle: 0 side: N Area_Exposed: 0.5263 Perc_Exposed: 7.91429
Instance: key_reg_reg[6][13] angle: 0 side: N Area_Exposed: 0.40565 Perc_Exposed: 6.1
Instance: key_reg_reg[6][14] angle: 0 side: N Area_Exposed: 0.674475 Perc_Exposed: 10.1425
Instance: key_reg_reg[6][15] angle: 0 side: N Area_Exposed: 1.47757 Perc_Exposed: 22.2192
Instance: key_reg_reg[6][16] angle: 0 side: N Area_Exposed: 0.553175 Perc_Exposed: 8.31842
Instance: key_reg_reg[6][17] angle: 0 side: N Area_Exposed: 0.9085 Perc_Exposed: 13.6617
Instance: key_reg_reg[6][18] angle: 0 side: N Area_Exposed: 0.546775 Perc_Exposed: 8.22218
Instance: key_reg_reg[6][19] angle: 0 side: N Area_Exposed: 0.608075 Perc_Exposed: 9.14398
Instance: key_reg_reg[6][20] angle: 0 side: N Area_Exposed: 0.247925 Perc_Exposed: 3.7282
Instance: key_reg_reg[6][21] angle: 0 side: N Area_Exposed: 1.8818 Perc_Exposed: 28.2977
Instance: key_reg_reg[6][22] angle: 0 side: N Area_Exposed: 0.43865 Perc_Exposed: 6.59624
Instance: key_reg_reg[6][23] angle: 0 side: N Area_Exposed: 0.7914 Perc_Exposed: 11.9008
Instance: key_reg_reg[6][24] angle: 0 side: N Area_Exposed: 0.0276 Perc_Exposed: 0.415038
Instance: key_reg_reg[6][25] angle: 0 side: N Area_Exposed: 0.596225 Perc_Exposed: 8.96579
Instance: key_reg_reg[6][26] angle: 0 side: N Area_Exposed: 0.125175 Perc_Exposed: 1.88233
Instance: key_reg_reg[6][27] angle: 0 side: N Area_Exposed: 0.656575 Perc_Exposed: 9.87331
Instance: key_reg_reg[6][28] angle: 0 side: N Area_Exposed: 0.4485 Perc_Exposed: 6.74436
Instance: key_reg_reg[6][29] angle: 0 side: N Area_Exposed: 0.22935 Perc_Exposed: 3.44887
Instance: key_reg_reg[6][30] angle: 0 side: N Area_Exposed: 0.58905 Perc_Exposed: 8.85789
Instance: key_reg_reg[6][31] angle: 0 side: N Area_Exposed: 0.96315 Perc_Exposed: 14.4835
Instance: key_reg_reg[7][0] angle: 0 side: N Area_Exposed: 0.7286 Perc_Exposed: 10.9564
Instance: key_reg_reg[7][1] angle: 0 side: N Area_Exposed: 0.99405 Perc_Exposed: 14.9481
Instance: key_reg_reg[7][2] angle: 0 side: N Area_Exposed: 1.15498 Perc_Exposed: 17.368
Instance: key_reg_reg[7][3] angle: 0 side: N Area_Exposed: 0.85795 Perc_Exposed: 12.9015
Instance: key_reg_reg[7][4] angle: 0 side: N Area_Exposed: 1.27957 Perc_Exposed: 19.2417
Instance: key_reg_reg[7][5] angle: 0 side: N Area_Exposed: 0.884575 Perc_Exposed: 13.3019
Instance: key_reg_reg[7][6] angle: 0 side: N Area_Exposed: 0.463225 Perc_Exposed: 6.96579
Instance: key_reg_reg[7][7] angle: 0 side: N Area_Exposed: 0.443275 Perc_Exposed: 6.66579
Instance: key_reg_reg[7][8] angle: 0 side: N Area_Exposed: 1.33402 Perc_Exposed: 20.0605
Instance: key_reg_reg[7][9] angle: 0 side: N Area_Exposed: 0.71055 Perc_Exposed: 10.685
Instance: key_reg_reg[7][10] angle: 0 side: N Area_Exposed: 0.67435 Perc_Exposed: 10.1406
Instance: key_reg_reg[7][11] angle: 0 side: N Area_Exposed: 0.5971 Perc_Exposed: 8.97895
Instance: key_reg_reg[7][12] angle: 0 side: N Area_Exposed: 1.01503 Perc_Exposed: 15.2635
Instance: key_reg_reg[7][13] angle: 0 side: N Area_Exposed: 0.734375 Perc_Exposed: 11.0432
Instance: key_reg_reg[7][14] angle: 0 side: N Area_Exposed: 1.3175 Perc_Exposed: 19.812
Instance: key_reg_reg[7][15] angle: 0 side: N Area_Exposed: 0.419225 Perc_Exposed: 6.30414
Instance: key_reg_reg[7][16] angle: 0 side: N Area_Exposed: 0.81395 Perc_Exposed: 12.2398
Instance: key_reg_reg[7][17] angle: 0 side: N Area_Exposed: 1.5469 Perc_Exposed: 23.2617
Instance: key_reg_reg[7][18] angle: 0 side: N Area_Exposed: 1.6059 Perc_Exposed: 24.1489
Instance: key_reg_reg[7][19] angle: 0 side: N Area_Exposed: 1.19425 Perc_Exposed: 17.9586
Instance: key_reg_reg[7][20] angle: 0 side: N Area_Exposed: 0.73165 Perc_Exposed: 11.0023
Instance: key_reg_reg[7][21] angle: 0 side: N Area_Exposed: 1.78408 Perc_Exposed: 26.8282
Instance: key_reg_reg[7][22] angle: 0 side: N Area_Exposed: 0.7019 Perc_Exposed: 10.5549
Instance: key_reg_reg[7][23] angle: 0 side: N Area_Exposed: 0.6105 Perc_Exposed: 9.18045
Instance: key_reg_reg[7][24] angle: 0 side: N Area_Exposed: 0.436475 Perc_Exposed: 6.56353
Instance: key_reg_reg[7][25] angle: 0 side: N Area_Exposed: 0.592475 Perc_Exposed: 8.9094
Instance: key_reg_reg[7][26] angle: 0 side: N Area_Exposed: 0.690575 Perc_Exposed: 10.3846
Instance: key_reg_reg[7][27] angle: 0 side: N Area_Exposed: 0.632275 Perc_Exposed: 9.50789
Instance: key_reg_reg[7][28] angle: 0 side: N Area_Exposed: 1.35387 Perc_Exposed: 20.359
Instance: key_reg_reg[7][29] angle: 0 side: N Area_Exposed: 1.39275 Perc_Exposed: 20.9436
Instance: key_reg_reg[7][30] angle: 0 side: N Area_Exposed: 0.59965 Perc_Exposed: 9.01729
Instance: key_reg_reg[7][31] angle: 0 side: N Area_Exposed: 0.4456 Perc_Exposed: 6.70075
Instance: core_keymem_key_mem_ctrl_reg_reg[0] angle: 0 side: N Area_Exposed: 0.212975 Perc_Exposed: 4.00329
Instance: core_keymem_key_mem_ctrl_reg_reg[1] angle: 0 side: N Area_Exposed: 0.350175 Perc_Exposed: 6.58224
